Archive member included because of file (symbol)

c:/infineon/tools/dave ide/4.5.0.202105191637/eclipse/arm-gcc-49/bin/../lib/gcc/arm-none-eabi/4.9.3/../../../../arm-none-eabi/lib/armv7e-m/softfp\libm.a(lib_a-s_cos.o)
                              ./FOC.o (cos)
c:/infineon/tools/dave ide/4.5.0.202105191637/eclipse/arm-gcc-49/bin/../lib/gcc/arm-none-eabi/4.9.3/../../../../arm-none-eabi/lib/armv7e-m/softfp\libm.a(lib_a-s_sin.o)
                              ./FOC.o (sin)
c:/infineon/tools/dave ide/4.5.0.202105191637/eclipse/arm-gcc-49/bin/../lib/gcc/arm-none-eabi/4.9.3/../../../../arm-none-eabi/lib/armv7e-m/softfp\libm.a(lib_a-sf_tanh.o)
                              ./Dave/Generated/CMSIS_DSP/Source/SVMFunctions/arm_svm_sigmoid_predict_f32.o (tanhf)
c:/infineon/tools/dave ide/4.5.0.202105191637/eclipse/arm-gcc-49/bin/../lib/gcc/arm-none-eabi/4.9.3/../../../../arm-none-eabi/lib/armv7e-m/softfp\libm.a(lib_a-w_atan2.o)
                              ./FOC.o (atan2)
c:/infineon/tools/dave ide/4.5.0.202105191637/eclipse/arm-gcc-49/bin/../lib/gcc/arm-none-eabi/4.9.3/../../../../arm-none-eabi/lib/armv7e-m/softfp\libm.a(lib_a-w_log.o)
                              ./Dave/Generated/CMSIS_DSP/Source/StatisticsFunctions/arm_entropy_f64.o (log)
c:/infineon/tools/dave ide/4.5.0.202105191637/eclipse/arm-gcc-49/bin/../lib/gcc/arm-none-eabi/4.9.3/../../../../arm-none-eabi/lib/armv7e-m/softfp\libm.a(lib_a-w_sqrt.o)
                              ./FOC.o (sqrt)
c:/infineon/tools/dave ide/4.5.0.202105191637/eclipse/arm-gcc-49/bin/../lib/gcc/arm-none-eabi/4.9.3/../../../../arm-none-eabi/lib/armv7e-m/softfp\libm.a(lib_a-wf_exp.o)
                              ./Dave/Generated/CMSIS_DSP/Source/StatisticsFunctions/arm_logsumexp_f32.o (expf)
c:/infineon/tools/dave ide/4.5.0.202105191637/eclipse/arm-gcc-49/bin/../lib/gcc/arm-none-eabi/4.9.3/../../../../arm-none-eabi/lib/armv7e-m/softfp\libm.a(lib_a-wf_log.o)
                              ./Dave/Generated/CMSIS_DSP/Source/StatisticsFunctions/arm_entropy_f32.o (logf)
c:/infineon/tools/dave ide/4.5.0.202105191637/eclipse/arm-gcc-49/bin/../lib/gcc/arm-none-eabi/4.9.3/../../../../arm-none-eabi/lib/armv7e-m/softfp\libm.a(lib_a-wf_pow.o)
                              ./Dave/Generated/CMSIS_DSP/Source/DistanceFunctions/arm_minkowski_distance_f32.o (powf)
c:/infineon/tools/dave ide/4.5.0.202105191637/eclipse/arm-gcc-49/bin/../lib/gcc/arm-none-eabi/4.9.3/../../../../arm-none-eabi/lib/armv7e-m/softfp\libm.a(lib_a-wf_sqrt.o)
                              ./Dave/Generated/CMSIS_DSP/Source/StatisticsFunctions/arm_rms_f32.o (sqrtf)
c:/infineon/tools/dave ide/4.5.0.202105191637/eclipse/arm-gcc-49/bin/../lib/gcc/arm-none-eabi/4.9.3/../../../../arm-none-eabi/lib/armv7e-m/softfp\libm.a(lib_a-e_atan2.o)
                              c:/infineon/tools/dave ide/4.5.0.202105191637/eclipse/arm-gcc-49/bin/../lib/gcc/arm-none-eabi/4.9.3/../../../../arm-none-eabi/lib/armv7e-m/softfp\libm.a(lib_a-w_atan2.o) (__ieee754_atan2)
c:/infineon/tools/dave ide/4.5.0.202105191637/eclipse/arm-gcc-49/bin/../lib/gcc/arm-none-eabi/4.9.3/../../../../arm-none-eabi/lib/armv7e-m/softfp\libm.a(lib_a-e_log.o)
                              c:/infineon/tools/dave ide/4.5.0.202105191637/eclipse/arm-gcc-49/bin/../lib/gcc/arm-none-eabi/4.9.3/../../../../arm-none-eabi/lib/armv7e-m/softfp\libm.a(lib_a-w_log.o) (__ieee754_log)
c:/infineon/tools/dave ide/4.5.0.202105191637/eclipse/arm-gcc-49/bin/../lib/gcc/arm-none-eabi/4.9.3/../../../../arm-none-eabi/lib/armv7e-m/softfp\libm.a(lib_a-e_rem_pio2.o)
                              c:/infineon/tools/dave ide/4.5.0.202105191637/eclipse/arm-gcc-49/bin/../lib/gcc/arm-none-eabi/4.9.3/../../../../arm-none-eabi/lib/armv7e-m/softfp\libm.a(lib_a-s_cos.o) (__ieee754_rem_pio2)
c:/infineon/tools/dave ide/4.5.0.202105191637/eclipse/arm-gcc-49/bin/../lib/gcc/arm-none-eabi/4.9.3/../../../../arm-none-eabi/lib/armv7e-m/softfp\libm.a(lib_a-e_sqrt.o)
                              c:/infineon/tools/dave ide/4.5.0.202105191637/eclipse/arm-gcc-49/bin/../lib/gcc/arm-none-eabi/4.9.3/../../../../arm-none-eabi/lib/armv7e-m/softfp\libm.a(lib_a-w_sqrt.o) (__ieee754_sqrt)
c:/infineon/tools/dave ide/4.5.0.202105191637/eclipse/arm-gcc-49/bin/../lib/gcc/arm-none-eabi/4.9.3/../../../../arm-none-eabi/lib/armv7e-m/softfp\libm.a(lib_a-ef_exp.o)
                              c:/infineon/tools/dave ide/4.5.0.202105191637/eclipse/arm-gcc-49/bin/../lib/gcc/arm-none-eabi/4.9.3/../../../../arm-none-eabi/lib/armv7e-m/softfp\libm.a(lib_a-wf_exp.o) (__ieee754_expf)
c:/infineon/tools/dave ide/4.5.0.202105191637/eclipse/arm-gcc-49/bin/../lib/gcc/arm-none-eabi/4.9.3/../../../../arm-none-eabi/lib/armv7e-m/softfp\libm.a(lib_a-ef_log.o)
                              c:/infineon/tools/dave ide/4.5.0.202105191637/eclipse/arm-gcc-49/bin/../lib/gcc/arm-none-eabi/4.9.3/../../../../arm-none-eabi/lib/armv7e-m/softfp\libm.a(lib_a-wf_log.o) (__ieee754_logf)
[...]
Memory Configuration

Name             Origin             Length             Attributes
FLASH_1_cached   0x08000000         0x00100000         xr
FLASH_1_uncached 0x0c000000         0x00100000         xr
PSRAM_1          0x10000000         0x00010000         !xr
DSRAM_1_system   0x20000000         0x00010000         !xr
DSRAM_2_comm     0x30000000         0x00008000         !xr
*default*        0x00000000         0xffffffff

Linker script and memory map

LOAD ./Startup/startup_XMC4500.o
LOAD ./Startup/system_XMC4500.o
LOAD ./Libraries/XMCLib/src/xmc4_eru.o
LOAD ./Libraries/XMCLib/src/xmc4_flash.o
LOAD ./Libraries/XMCLib/src/xmc4_gpio.o
LOAD ./Libraries/XMCLib/src/xmc4_rtc.o
LOAD ./Libraries/XMCLib/src/xmc4_scu.o
LOAD ./Libraries/XMCLib/src/xmc_can.o
LOAD ./Libraries/XMCLib/src/xmc_ccu4.o
LOAD ./Libraries/XMCLib/src/xmc_ccu8.o
LOAD ./Libraries/XMCLib/src/xmc_common.o
LOAD ./Libraries/XMCLib/src/xmc_dac.o
LOAD ./Libraries/XMCLib/src/xmc_dma.o
LOAD ./Libraries/XMCLib/src/xmc_dsd.o
LOAD ./Libraries/XMCLib/src/xmc_ebu.o
LOAD ./Libraries/XMCLib/src/xmc_ecat.o
LOAD ./Libraries/XMCLib/src/xmc_eru.o
LOAD ./Libraries/XMCLib/src/xmc_eth_mac.o
LOAD ./Libraries/XMCLib/src/xmc_eth_phy_dp83848.o
LOAD ./Libraries/XMCLib/src/xmc_eth_phy_ksz8031rnl.o
LOAD ./Libraries/XMCLib/src/xmc_eth_phy_ksz8081rnb.o
LOAD ./Libraries/XMCLib/src/xmc_fce.o
LOAD ./Libraries/XMCLib/src/xmc_gpio.o
LOAD ./Libraries/XMCLib/src/xmc_hrpwm.o
LOAD ./Libraries/XMCLib/src/xmc_i2c.o
LOAD ./Libraries/XMCLib/src/xmc_i2s.o
LOAD ./Libraries/XMCLib/src/xmc_ledts.o
LOAD ./Libraries/XMCLib/src/xmc_posif.o
LOAD ./Libraries/XMCLib/src/xmc_rtc.o
LOAD ./Libraries/XMCLib/src/xmc_sdmmc.o
LOAD ./Libraries/XMCLib/src/xmc_spi.o
LOAD ./Libraries/XMCLib/src/xmc_uart.o
LOAD ./Libraries/XMCLib/src/xmc_usbd.o
LOAD ./Libraries/XMCLib/src/xmc_usbh.o
LOAD ./Libraries/XMCLib/src/xmc_usic.o
LOAD ./Libraries/XMCLib/src/xmc_vadc.o
LOAD ./Libraries/XMCLib/src/xmc_wdt.o
LOAD ./Libraries/Newlib/syscalls.o
LOAD ./Dave/Generated/TIMER/timer.o
LOAD ./Dave/Generated/TIMER/timer_conf.o
LOAD ./Dave/Generated/PWM_SVM/pwm_svm.o
LOAD ./Dave/Generated/PWM_SVM/pwm_svm_conf.o
LOAD ./Dave/Generated/PWM_SVM/pwm_svm_table.o
LOAD ./Dave/Generated/PIN_INTERRUPT/pin_interrupt.o
LOAD ./Dave/Generated/PIN_INTERRUPT/pin_interrupt_conf.o
LOAD ./Dave/Generated/INTERRUPT/interrupt.o
LOAD ./Dave/Generated/INTERRUPT/interrupt_conf.o
LOAD ./Dave/Generated/GLOBAL_CCU8/global_ccu8.o
LOAD ./Dave/Generated/GLOBAL_CCU8/global_ccu8_conf.o
LOAD ./Dave/Generated/GLOBAL_CCU4/global_ccu4.o
LOAD ./Dave/Generated/GLOBAL_CCU4/global_ccu4_conf.o
LOAD ./Dave/Generated/GLOBAL_ADC/global_adc.o
LOAD ./Dave/Generated/GLOBAL_ADC/global_adc_conf.o
LOAD ./Dave/Generated/CPU_CTRL_XMC4/cpu_ctrl_xmc4.o
LOAD ./Dave/Generated/CPU_CTRL_XMC4/cpu_ctrl_xmc4_conf.o
LOAD ./Dave/Generated/CMSIS_DSP/Source/TransformFunctions/arm_bitreversal.o
LOAD ./Dave/Generated/CMSIS_DSP/Source/TransformFunctions/arm_bitreversal2.o
LOAD ./Dave/Generated/CMSIS_DSP/Source/TransformFunctions/arm_cfft_f32.o
LOAD ./Dave/Generated/CMSIS_DSP/Source/TransformFunctions/arm_cfft_f64.o
LOAD ./Dave/Generated/CMSIS_DSP/Source/TransformFunctions/arm_cfft_init_f32.o
LOAD ./Dave/Generated/CMSIS_DSP/Source/TransformFunctions/arm_cfft_init_f64.o
LOAD ./Dave/Generated/CMSIS_DSP/Source/TransformFunctions/arm_cfft_init_q15.o
LOAD ./Dave/Generated/CMSIS_DSP/Source/TransformFunctions/arm_cfft_init_q31.o
LOAD ./Dave/Generated/CMSIS_DSP/Source/TransformFunctions/arm_cfft_q15.o
LOAD ./Dave/Generated/CMSIS_DSP/Source/TransformFunctions/arm_cfft_q31.o
LOAD ./Dave/Generated/CMSIS_DSP/Source/TransformFunctions/arm_cfft_radix2_f32.o
LOAD ./Dave/Generated/CMSIS_DSP/Source/TransformFunctions/arm_cfft_radix2_init_f32.o
LOAD ./Dave/Generated/CMSIS_DSP/Source/TransformFunctions/arm_cfft_radix2_init_q15.o
LOAD ./Dave/Generated/CMSIS_DSP/Source/TransformFunctions/arm_cfft_radix2_init_q31.o
LOAD ./Dave/Generated/CMSIS_DSP/Source/TransformFunctions/arm_cfft_radix2_q15.o
LOAD ./Dave/Generated/CMSIS_DSP/Source/TransformFunctions/arm_cfft_radix2_q31.o
LOAD ./Dave/Generated/CMSIS_DSP/Source/TransformFunctions/arm_cfft_radix4_f32.o
LOAD ./Dave/Generated/CMSIS_DSP/Source/TransformFunctions/arm_cfft_radix4_init_f32.o
LOAD ./Dave/Generated/CMSIS_DSP/Source/TransformFunctions/arm_cfft_radix4_init_q15.o
LOAD ./Dave/Generated/CMSIS_DSP/Source/TransformFunctions/arm_cfft_radix4_init_q31.o
LOAD ./Dave/Generated/CMSIS_DSP/Source/TransformFunctions/arm_cfft_radix4_q15.o
LOAD ./Dave/Generated/CMSIS_DSP/Source/TransformFunctions/arm_cfft_radix4_q31.o
LOAD ./Dave/Generated/CMSIS_DSP/Source/TransformFunctions/arm_cfft_radix8_f32.o
LOAD ./Dave/Generated/CMSIS_DSP/Source/TransformFunctions/arm_dct4_f32.o
LOAD ./Dave/Generated/CMSIS_DSP/Source/TransformFunctions/arm_dct4_init_f32.o
LOAD ./Dave/Generated/CMSIS_DSP/Source/TransformFunctions/arm_dct4_init_q15.o
LOAD ./Dave/Generated/CMSIS_DSP/Source/TransformFunctions/arm_dct4_init_q31.o
LOAD ./Dave/Generated/CMSIS_DSP/Source/TransformFunctions/arm_dct4_q15.o
LOAD ./Dave/Generated/CMSIS_DSP/Source/TransformFunctions/arm_dct4_q31.o
LOAD ./Dave/Generated/CMSIS_DSP/Source/TransformFunctions/arm_rfft_f32.o
LOAD ./Dave/Generated/CMSIS_DSP/Source/TransformFunctions/arm_rfft_fast_f32.o
LOAD ./Dave/Generated/CMSIS_DSP/Source/TransformFunctions/arm_rfft_fast_f64.o
LOAD ./Dave/Generated/CMSIS_DSP/Source/TransformFunctions/arm_rfft_fast_init_f32.o
LOAD ./Dave/Generated/CMSIS_DSP/Source/TransformFunctions/arm_rfft_fast_init_f64.o
LOAD ./Dave/Generated/CMSIS_DSP/Source/TransformFunctions/arm_rfft_init_f32.o
LOAD ./Dave/Generated/CMSIS_DSP/Source/TransformFunctions/arm_rfft_init_q15.o
LOAD ./Dave/Generated/CMSIS_DSP/Source/TransformFunctions/arm_rfft_init_q31.o
LOAD ./Dave/Generated/CMSIS_DSP/Source/TransformFunctions/arm_rfft_q15.o
LOAD ./Dave/Generated/CMSIS_DSP/Source/TransformFunctions/arm_rfft_q31.o
LOAD ./Dave/Generated/CMSIS_DSP/Source/SupportFunctions/arm_barycenter_f32.o
LOAD ./Dave/Generated/CMSIS_DSP/Source/SupportFunctions/arm_bitonic_sort_f32.o
LOAD ./Dave/Generated/CMSIS_DSP/Source/SupportFunctions/arm_bubble_sort_f32.o
LOAD ./Dave/Generated/CMSIS_DSP/Source/SupportFunctions/arm_copy_f32.o
LOAD ./Dave/Generated/CMSIS_DSP/Source/SupportFunctions/arm_copy_q15.o
LOAD ./Dave/Generated/CMSIS_DSP/Source/SupportFunctions/arm_copy_q31.o
LOAD ./Dave/Generated/CMSIS_DSP/Source/SupportFunctions/arm_copy_q7.o
LOAD ./Dave/Generated/CMSIS_DSP/Source/SupportFunctions/arm_fill_f32.o
LOAD ./Dave/Generated/CMSIS_DSP/Source/SupportFunctions/arm_fill_q15.o
LOAD ./Dave/Generated/CMSIS_DSP/Source/SupportFunctions/arm_fill_q31.o
LOAD ./Dave/Generated/CMSIS_DSP/Source/SupportFunctions/arm_fill_q7.o
LOAD ./Dave/Generated/CMSIS_DSP/Source/SupportFunctions/arm_float_to_q15.o
LOAD ./Dave/Generated/CMSIS_DSP/Source/SupportFunctions/arm_float_to_q31.o
LOAD ./Dave/Generated/CMSIS_DSP/Source/SupportFunctions/arm_float_to_q7.o
LOAD ./Dave/Generated/CMSIS_DSP/Source/SupportFunctions/arm_heap_sort_f32.o
LOAD ./Dave/Generated/CMSIS_DSP/Source/SupportFunctions/arm_insertion_sort_f32.o
LOAD ./Dave/Generated/CMSIS_DSP/Source/SupportFunctions/arm_merge_sort_f32.o
LOAD ./Dave/Generated/CMSIS_DSP/Source/SupportFunctions/arm_merge_sort_init_f32.o
LOAD ./Dave/Generated/CMSIS_DSP/Source/SupportFunctions/arm_q15_to_float.o
LOAD ./Dave/Generated/CMSIS_DSP/Source/SupportFunctions/arm_q15_to_q31.o
LOAD ./Dave/Generated/CMSIS_DSP/Source/SupportFunctions/arm_q15_to_q7.o
LOAD ./Dave/Generated/CMSIS_DSP/Source/SupportFunctions/arm_q31_to_float.o
LOAD ./Dave/Generated/CMSIS_DSP/Source/SupportFunctions/arm_q31_to_q15.o
LOAD ./Dave/Generated/CMSIS_DSP/Source/SupportFunctions/arm_q31_to_q7.o
LOAD ./Dave/Generated/CMSIS_DSP/Source/SupportFunctions/arm_q7_to_float.o
LOAD ./Dave/Generated/CMSIS_DSP/Source/SupportFunctions/arm_q7_to_q15.o
LOAD ./Dave/Generated/CMSIS_DSP/Source/SupportFunctions/arm_q7_to_q31.o
LOAD ./Dave/Generated/CMSIS_DSP/Source/SupportFunctions/arm_quick_sort_f32.o
LOAD ./Dave/Generated/CMSIS_DSP/Source/SupportFunctions/arm_selection_sort_f32.o
LOAD ./Dave/Generated/CMSIS_DSP/Source/SupportFunctions/arm_sort_f32.o
LOAD ./Dave/Generated/CMSIS_DSP/Source/SupportFunctions/arm_sort_init_f32.o
LOAD ./Dave/Generated/CMSIS_DSP/Source/SupportFunctions/arm_spline_interp_f32.o
LOAD ./Dave/Generated/CMSIS_DSP/Source/SupportFunctions/arm_spline_interp_init_f32.o
LOAD ./Dave/Generated/CMSIS_DSP/Source/SupportFunctions/arm_weighted_sum_f32.o
LOAD ./Dave/Generated/CMSIS_DSP/Source/StatisticsFunctions/arm_entropy_f32.o
LOAD ./Dave/Generated/CMSIS_DSP/Source/StatisticsFunctions/arm_entropy_f64.o
LOAD ./Dave/Generated/CMSIS_DSP/Source/StatisticsFunctions/arm_kullback_leibler_f32.o
LOAD ./Dave/Generated/CMSIS_DSP/Source/StatisticsFunctions/arm_kullback_leibler_f64.o
LOAD ./Dave/Generated/CMSIS_DSP/Source/StatisticsFunctions/arm_logsumexp_dot_prod_f32.o
LOAD ./Dave/Generated/CMSIS_DSP/Source/StatisticsFunctions/arm_logsumexp_f32.o
LOAD ./Dave/Generated/CMSIS_DSP/Source/StatisticsFunctions/arm_max_f32.o
LOAD ./Dave/Generated/CMSIS_DSP/Source/StatisticsFunctions/arm_max_no_idx_f32.o
LOAD ./Dave/Generated/CMSIS_DSP/Source/StatisticsFunctions/arm_max_q15.o
LOAD ./Dave/Generated/CMSIS_DSP/Source/StatisticsFunctions/arm_max_q31.o
LOAD ./Dave/Generated/CMSIS_DSP/Source/StatisticsFunctions/arm_max_q7.o
LOAD ./Dave/Generated/CMSIS_DSP/Source/StatisticsFunctions/arm_mean_f32.o
LOAD ./Dave/Generated/CMSIS_DSP/Source/StatisticsFunctions/arm_mean_q15.o
LOAD ./Dave/Generated/CMSIS_DSP/Source/StatisticsFunctions/arm_mean_q31.o
LOAD ./Dave/Generated/CMSIS_DSP/Source/StatisticsFunctions/arm_mean_q7.o
LOAD ./Dave/Generated/CMSIS_DSP/Source/StatisticsFunctions/arm_min_f32.o
LOAD ./Dave/Generated/CMSIS_DSP/Source/StatisticsFunctions/arm_min_q15.o
LOAD ./Dave/Generated/CMSIS_DSP/Source/StatisticsFunctions/arm_min_q31.o
LOAD ./Dave/Generated/CMSIS_DSP/Source/StatisticsFunctions/arm_min_q7.o
LOAD ./Dave/Generated/CMSIS_DSP/Source/StatisticsFunctions/arm_power_f32.o
LOAD ./Dave/Generated/CMSIS_DSP/Source/StatisticsFunctions/arm_power_q15.o
LOAD ./Dave/Generated/CMSIS_DSP/Source/StatisticsFunctions/arm_power_q31.o
LOAD ./Dave/Generated/CMSIS_DSP/Source/StatisticsFunctions/arm_power_q7.o
LOAD ./Dave/Generated/CMSIS_DSP/Source/StatisticsFunctions/arm_rms_f32.o
LOAD ./Dave/Generated/CMSIS_DSP/Source/StatisticsFunctions/arm_rms_q15.o
LOAD ./Dave/Generated/CMSIS_DSP/Source/StatisticsFunctions/arm_rms_q31.o
LOAD ./Dave/Generated/CMSIS_DSP/Source/StatisticsFunctions/arm_std_f32.o
LOAD ./Dave/Generated/CMSIS_DSP/Source/StatisticsFunctions/arm_std_q15.o
LOAD ./Dave/Generated/CMSIS_DSP/Source/StatisticsFunctions/arm_std_q31.o
LOAD ./Dave/Generated/CMSIS_DSP/Source/StatisticsFunctions/arm_var_f32.o
LOAD ./Dave/Generated/CMSIS_DSP/Source/StatisticsFunctions/arm_var_q15.o
LOAD ./Dave/Generated/CMSIS_DSP/Source/StatisticsFunctions/arm_var_q31.o
LOAD ./Dave/Generated/CMSIS_DSP/Source/SVMFunctions/arm_svm_linear_init_f32.o
LOAD ./Dave/Generated/CMSIS_DSP/Source/SVMFunctions/arm_svm_linear_predict_f32.o
LOAD ./Dave/Generated/CMSIS_DSP/Source/SVMFunctions/arm_svm_polynomial_init_f32.o
LOAD ./Dave/Generated/CMSIS_DSP/Source/SVMFunctions/arm_svm_polynomial_predict_f32.o
LOAD ./Dave/Generated/CMSIS_DSP/Source/SVMFunctions/arm_svm_rbf_init_f32.o
LOAD ./Dave/Generated/CMSIS_DSP/Source/SVMFunctions/arm_svm_rbf_predict_f32.o
LOAD ./Dave/Generated/CMSIS_DSP/Source/SVMFunctions/arm_svm_sigmoid_init_f32.o
LOAD ./Dave/Generated/CMSIS_DSP/Source/SVMFunctions/arm_svm_sigmoid_predict_f32.o
LOAD ./Dave/Generated/CMSIS_DSP/Source/MatrixFunctions/arm_mat_add_f32.o
LOAD ./Dave/Generated/CMSIS_DSP/Source/MatrixFunctions/arm_mat_add_q15.o
LOAD ./Dave/Generated/CMSIS_DSP/Source/MatrixFunctions/arm_mat_add_q31.o
LOAD ./Dave/Generated/CMSIS_DSP/Source/MatrixFunctions/arm_mat_cmplx_mult_f32.o
LOAD ./Dave/Generated/CMSIS_DSP/Source/MatrixFunctions/arm_mat_cmplx_mult_q15.o
LOAD ./Dave/Generated/CMSIS_DSP/Source/MatrixFunctions/arm_mat_cmplx_mult_q31.o
LOAD ./Dave/Generated/CMSIS_DSP/Source/MatrixFunctions/arm_mat_init_f32.o
LOAD ./Dave/Generated/CMSIS_DSP/Source/MatrixFunctions/arm_mat_init_q15.o
LOAD ./Dave/Generated/CMSIS_DSP/Source/MatrixFunctions/arm_mat_init_q31.o
LOAD ./Dave/Generated/CMSIS_DSP/Source/MatrixFunctions/arm_mat_inverse_f32.o
LOAD ./Dave/Generated/CMSIS_DSP/Source/MatrixFunctions/arm_mat_inverse_f64.o
LOAD ./Dave/Generated/CMSIS_DSP/Source/MatrixFunctions/arm_mat_mult_f32.o
LOAD ./Dave/Generated/CMSIS_DSP/Source/MatrixFunctions/arm_mat_mult_fast_q15.o
LOAD ./Dave/Generated/CMSIS_DSP/Source/MatrixFunctions/arm_mat_mult_fast_q31.o
LOAD ./Dave/Generated/CMSIS_DSP/Source/MatrixFunctions/arm_mat_mult_q15.o
LOAD ./Dave/Generated/CMSIS_DSP/Source/MatrixFunctions/arm_mat_mult_q31.o
LOAD ./Dave/Generated/CMSIS_DSP/Source/MatrixFunctions/arm_mat_scale_f32.o
LOAD ./Dave/Generated/CMSIS_DSP/Source/MatrixFunctions/arm_mat_scale_q15.o
LOAD ./Dave/Generated/CMSIS_DSP/Source/MatrixFunctions/arm_mat_scale_q31.o
LOAD ./Dave/Generated/CMSIS_DSP/Source/MatrixFunctions/arm_mat_sub_f32.o
LOAD ./Dave/Generated/CMSIS_DSP/Source/MatrixFunctions/arm_mat_sub_q15.o
LOAD ./Dave/Generated/CMSIS_DSP/Source/MatrixFunctions/arm_mat_sub_q31.o
LOAD ./Dave/Generated/CMSIS_DSP/Source/MatrixFunctions/arm_mat_trans_f32.o
LOAD ./Dave/Generated/CMSIS_DSP/Source/MatrixFunctions/arm_mat_trans_q15.o
LOAD ./Dave/Generated/CMSIS_DSP/Source/MatrixFunctions/arm_mat_trans_q31.o
LOAD ./Dave/Generated/CMSIS_DSP/Source/FilteringFunctions/arm_biquad_cascade_df1_32x64_init_q31.o
LOAD ./Dave/Generated/CMSIS_DSP/Source/FilteringFunctions/arm_biquad_cascade_df1_32x64_q31.o
LOAD ./Dave/Generated/CMSIS_DSP/Source/FilteringFunctions/arm_biquad_cascade_df1_f32.o
LOAD ./Dave/Generated/CMSIS_DSP/Source/FilteringFunctions/arm_biquad_cascade_df1_fast_q15.o
LOAD ./Dave/Generated/CMSIS_DSP/Source/FilteringFunctions/arm_biquad_cascade_df1_fast_q31.o
LOAD ./Dave/Generated/CMSIS_DSP/Source/FilteringFunctions/arm_biquad_cascade_df1_init_f32.o
LOAD ./Dave/Generated/CMSIS_DSP/Source/FilteringFunctions/arm_biquad_cascade_df1_init_q15.o
LOAD ./Dave/Generated/CMSIS_DSP/Source/FilteringFunctions/arm_biquad_cascade_df1_init_q31.o
LOAD ./Dave/Generated/CMSIS_DSP/Source/FilteringFunctions/arm_biquad_cascade_df1_q15.o
LOAD ./Dave/Generated/CMSIS_DSP/Source/FilteringFunctions/arm_biquad_cascade_df1_q31.o
LOAD ./Dave/Generated/CMSIS_DSP/Source/FilteringFunctions/arm_biquad_cascade_df2T_f32.o
LOAD ./Dave/Generated/CMSIS_DSP/Source/FilteringFunctions/arm_biquad_cascade_df2T_f64.o
LOAD ./Dave/Generated/CMSIS_DSP/Source/FilteringFunctions/arm_biquad_cascade_df2T_init_f32.o
LOAD ./Dave/Generated/CMSIS_DSP/Source/FilteringFunctions/arm_biquad_cascade_df2T_init_f64.o
LOAD ./Dave/Generated/CMSIS_DSP/Source/FilteringFunctions/arm_biquad_cascade_stereo_df2T_f32.o
LOAD ./Dave/Generated/CMSIS_DSP/Source/FilteringFunctions/arm_biquad_cascade_stereo_df2T_init_f32.o
LOAD ./Dave/Generated/CMSIS_DSP/Source/FilteringFunctions/arm_conv_f32.o
LOAD ./Dave/Generated/CMSIS_DSP/Source/FilteringFunctions/arm_conv_fast_opt_q15.o
LOAD ./Dave/Generated/CMSIS_DSP/Source/FilteringFunctions/arm_conv_fast_q15.o
LOAD ./Dave/Generated/CMSIS_DSP/Source/FilteringFunctions/arm_conv_fast_q31.o
LOAD ./Dave/Generated/CMSIS_DSP/Source/FilteringFunctions/arm_conv_opt_q15.o
LOAD ./Dave/Generated/CMSIS_DSP/Source/FilteringFunctions/arm_conv_opt_q7.o
LOAD ./Dave/Generated/CMSIS_DSP/Source/FilteringFunctions/arm_conv_partial_f32.o
LOAD ./Dave/Generated/CMSIS_DSP/Source/FilteringFunctions/arm_conv_partial_fast_opt_q15.o
LOAD ./Dave/Generated/CMSIS_DSP/Source/FilteringFunctions/arm_conv_partial_fast_q15.o
LOAD ./Dave/Generated/CMSIS_DSP/Source/FilteringFunctions/arm_conv_partial_fast_q31.o
LOAD ./Dave/Generated/CMSIS_DSP/Source/FilteringFunctions/arm_conv_partial_opt_q15.o
LOAD ./Dave/Generated/CMSIS_DSP/Source/FilteringFunctions/arm_conv_partial_opt_q7.o
LOAD ./Dave/Generated/CMSIS_DSP/Source/FilteringFunctions/arm_conv_partial_q15.o
LOAD ./Dave/Generated/CMSIS_DSP/Source/FilteringFunctions/arm_conv_partial_q31.o
LOAD ./Dave/Generated/CMSIS_DSP/Source/FilteringFunctions/arm_conv_partial_q7.o
LOAD ./Dave/Generated/CMSIS_DSP/Source/FilteringFunctions/arm_conv_q15.o
LOAD ./Dave/Generated/CMSIS_DSP/Source/FilteringFunctions/arm_conv_q31.o
LOAD ./Dave/Generated/CMSIS_DSP/Source/FilteringFunctions/arm_conv_q7.o
LOAD ./Dave/Generated/CMSIS_DSP/Source/FilteringFunctions/arm_correlate_f32.o
LOAD ./Dave/Generated/CMSIS_DSP/Source/FilteringFunctions/arm_correlate_fast_opt_q15.o
LOAD ./Dave/Generated/CMSIS_DSP/Source/FilteringFunctions/arm_correlate_fast_q15.o
LOAD ./Dave/Generated/CMSIS_DSP/Source/FilteringFunctions/arm_correlate_fast_q31.o
LOAD ./Dave/Generated/CMSIS_DSP/Source/FilteringFunctions/arm_correlate_opt_q15.o
LOAD ./Dave/Generated/CMSIS_DSP/Source/FilteringFunctions/arm_correlate_opt_q7.o
LOAD ./Dave/Generated/CMSIS_DSP/Source/FilteringFunctions/arm_correlate_q15.o
LOAD ./Dave/Generated/CMSIS_DSP/Source/FilteringFunctions/arm_correlate_q31.o
LOAD ./Dave/Generated/CMSIS_DSP/Source/FilteringFunctions/arm_correlate_q7.o
LOAD ./Dave/Generated/CMSIS_DSP/Source/FilteringFunctions/arm_fir_decimate_f32.o
LOAD ./Dave/Generated/CMSIS_DSP/Source/FilteringFunctions/arm_fir_decimate_fast_q15.o
LOAD ./Dave/Generated/CMSIS_DSP/Source/FilteringFunctions/arm_fir_decimate_fast_q31.o
LOAD ./Dave/Generated/CMSIS_DSP/Source/FilteringFunctions/arm_fir_decimate_init_f32.o
LOAD ./Dave/Generated/CMSIS_DSP/Source/FilteringFunctions/arm_fir_decimate_init_q15.o
LOAD ./Dave/Generated/CMSIS_DSP/Source/FilteringFunctions/arm_fir_decimate_init_q31.o
LOAD ./Dave/Generated/CMSIS_DSP/Source/FilteringFunctions/arm_fir_decimate_q15.o
LOAD ./Dave/Generated/CMSIS_DSP/Source/FilteringFunctions/arm_fir_decimate_q31.o
LOAD ./Dave/Generated/CMSIS_DSP/Source/FilteringFunctions/arm_fir_f32.o
LOAD ./Dave/Generated/CMSIS_DSP/Source/FilteringFunctions/arm_fir_fast_q15.o
LOAD ./Dave/Generated/CMSIS_DSP/Source/FilteringFunctions/arm_fir_fast_q31.o
LOAD ./Dave/Generated/CMSIS_DSP/Source/FilteringFunctions/arm_fir_init_f32.o
LOAD ./Dave/Generated/CMSIS_DSP/Source/FilteringFunctions/arm_fir_init_q15.o
LOAD ./Dave/Generated/CMSIS_DSP/Source/FilteringFunctions/arm_fir_init_q31.o
LOAD ./Dave/Generated/CMSIS_DSP/Source/FilteringFunctions/arm_fir_init_q7.o
LOAD ./Dave/Generated/CMSIS_DSP/Source/FilteringFunctions/arm_fir_interpolate_f32.o
LOAD ./Dave/Generated/CMSIS_DSP/Source/FilteringFunctions/arm_fir_interpolate_init_f32.o
LOAD ./Dave/Generated/CMSIS_DSP/Source/FilteringFunctions/arm_fir_interpolate_init_q15.o
LOAD ./Dave/Generated/CMSIS_DSP/Source/FilteringFunctions/arm_fir_interpolate_init_q31.o
LOAD ./Dave/Generated/CMSIS_DSP/Source/FilteringFunctions/arm_fir_interpolate_q15.o
LOAD ./Dave/Generated/CMSIS_DSP/Source/FilteringFunctions/arm_fir_interpolate_q31.o
LOAD ./Dave/Generated/CMSIS_DSP/Source/FilteringFunctions/arm_fir_lattice_f32.o
LOAD ./Dave/Generated/CMSIS_DSP/Source/FilteringFunctions/arm_fir_lattice_init_f32.o
LOAD ./Dave/Generated/CMSIS_DSP/Source/FilteringFunctions/arm_fir_lattice_init_q15.o
LOAD ./Dave/Generated/CMSIS_DSP/Source/FilteringFunctions/arm_fir_lattice_init_q31.o
LOAD ./Dave/Generated/CMSIS_DSP/Source/FilteringFunctions/arm_fir_lattice_q15.o
LOAD ./Dave/Generated/CMSIS_DSP/Source/FilteringFunctions/arm_fir_lattice_q31.o
LOAD ./Dave/Generated/CMSIS_DSP/Source/FilteringFunctions/arm_fir_q15.o
LOAD ./Dave/Generated/CMSIS_DSP/Source/FilteringFunctions/arm_fir_q31.o
LOAD ./Dave/Generated/CMSIS_DSP/Source/FilteringFunctions/arm_fir_q7.o
LOAD ./Dave/Generated/CMSIS_DSP/Source/FilteringFunctions/arm_fir_sparse_f32.o
LOAD ./Dave/Generated/CMSIS_DSP/Source/FilteringFunctions/arm_fir_sparse_init_f32.o
LOAD ./Dave/Generated/CMSIS_DSP/Source/FilteringFunctions/arm_fir_sparse_init_q15.o
LOAD ./Dave/Generated/CMSIS_DSP/Source/FilteringFunctions/arm_fir_sparse_init_q31.o
LOAD ./Dave/Generated/CMSIS_DSP/Source/FilteringFunctions/arm_fir_sparse_init_q7.o
LOAD ./Dave/Generated/CMSIS_DSP/Source/FilteringFunctions/arm_fir_sparse_q15.o
LOAD ./Dave/Generated/CMSIS_DSP/Source/FilteringFunctions/arm_fir_sparse_q31.o
LOAD ./Dave/Generated/CMSIS_DSP/Source/FilteringFunctions/arm_fir_sparse_q7.o
LOAD ./Dave/Generated/CMSIS_DSP/Source/FilteringFunctions/arm_iir_lattice_f32.o
LOAD ./Dave/Generated/CMSIS_DSP/Source/FilteringFunctions/arm_iir_lattice_init_f32.o
LOAD ./Dave/Generated/CMSIS_DSP/Source/FilteringFunctions/arm_iir_lattice_init_q15.o
LOAD ./Dave/Generated/CMSIS_DSP/Source/FilteringFunctions/arm_iir_lattice_init_q31.o
LOAD ./Dave/Generated/CMSIS_DSP/Source/FilteringFunctions/arm_iir_lattice_q15.o
LOAD ./Dave/Generated/CMSIS_DSP/Source/FilteringFunctions/arm_iir_lattice_q31.o
LOAD ./Dave/Generated/CMSIS_DSP/Source/FilteringFunctions/arm_lms_f32.o
LOAD ./Dave/Generated/CMSIS_DSP/Source/FilteringFunctions/arm_lms_init_f32.o
LOAD ./Dave/Generated/CMSIS_DSP/Source/FilteringFunctions/arm_lms_init_q15.o
LOAD ./Dave/Generated/CMSIS_DSP/Source/FilteringFunctions/arm_lms_init_q31.o
LOAD ./Dave/Generated/CMSIS_DSP/Source/FilteringFunctions/arm_lms_norm_f32.o
LOAD ./Dave/Generated/CMSIS_DSP/Source/FilteringFunctions/arm_lms_norm_init_f32.o
LOAD ./Dave/Generated/CMSIS_DSP/Source/FilteringFunctions/arm_lms_norm_init_q15.o
LOAD ./Dave/Generated/CMSIS_DSP/Source/FilteringFunctions/arm_lms_norm_init_q31.o
LOAD ./Dave/Generated/CMSIS_DSP/Source/FilteringFunctions/arm_lms_norm_q15.o
LOAD ./Dave/Generated/CMSIS_DSP/Source/FilteringFunctions/arm_lms_norm_q31.o
LOAD ./Dave/Generated/CMSIS_DSP/Source/FilteringFunctions/arm_lms_q15.o
LOAD ./Dave/Generated/CMSIS_DSP/Source/FilteringFunctions/arm_lms_q31.o
LOAD ./Dave/Generated/CMSIS_DSP/Source/FastMathFunctions/arm_cos_f32.o
LOAD ./Dave/Generated/CMSIS_DSP/Source/FastMathFunctions/arm_cos_q15.o
LOAD ./Dave/Generated/CMSIS_DSP/Source/FastMathFunctions/arm_cos_q31.o
LOAD ./Dave/Generated/CMSIS_DSP/Source/FastMathFunctions/arm_sin_f32.o
LOAD ./Dave/Generated/CMSIS_DSP/Source/FastMathFunctions/arm_sin_q15.o
LOAD ./Dave/Generated/CMSIS_DSP/Source/FastMathFunctions/arm_sin_q31.o
LOAD ./Dave/Generated/CMSIS_DSP/Source/FastMathFunctions/arm_sqrt_q15.o
LOAD ./Dave/Generated/CMSIS_DSP/Source/FastMathFunctions/arm_sqrt_q31.o
LOAD ./Dave/Generated/CMSIS_DSP/Source/FastMathFunctions/arm_vexp_f32.o
LOAD ./Dave/Generated/CMSIS_DSP/Source/FastMathFunctions/arm_vlog_f32.o
LOAD ./Dave/Generated/CMSIS_DSP/Source/DistanceFunctions/arm_boolean_distance.o
LOAD ./Dave/Generated/CMSIS_DSP/Source/DistanceFunctions/arm_braycurtis_distance_f32.o
LOAD ./Dave/Generated/CMSIS_DSP/Source/DistanceFunctions/arm_canberra_distance_f32.o
LOAD ./Dave/Generated/CMSIS_DSP/Source/DistanceFunctions/arm_chebyshev_distance_f32.o
LOAD ./Dave/Generated/CMSIS_DSP/Source/DistanceFunctions/arm_cityblock_distance_f32.o
LOAD ./Dave/Generated/CMSIS_DSP/Source/DistanceFunctions/arm_correlation_distance_f32.o
LOAD ./Dave/Generated/CMSIS_DSP/Source/DistanceFunctions/arm_cosine_distance_f32.o
LOAD ./Dave/Generated/CMSIS_DSP/Source/DistanceFunctions/arm_dice_distance.o
LOAD ./Dave/Generated/CMSIS_DSP/Source/DistanceFunctions/arm_euclidean_distance_f32.o
LOAD ./Dave/Generated/CMSIS_DSP/Source/DistanceFunctions/arm_hamming_distance.o
LOAD ./Dave/Generated/CMSIS_DSP/Source/DistanceFunctions/arm_jaccard_distance.o
LOAD ./Dave/Generated/CMSIS_DSP/Source/DistanceFunctions/arm_jensenshannon_distance_f32.o
LOAD ./Dave/Generated/CMSIS_DSP/Source/DistanceFunctions/arm_kulsinski_distance.o
LOAD ./Dave/Generated/CMSIS_DSP/Source/DistanceFunctions/arm_minkowski_distance_f32.o
LOAD ./Dave/Generated/CMSIS_DSP/Source/DistanceFunctions/arm_rogerstanimoto_distance.o
LOAD ./Dave/Generated/CMSIS_DSP/Source/DistanceFunctions/arm_russellrao_distance.o
LOAD ./Dave/Generated/CMSIS_DSP/Source/DistanceFunctions/arm_sokalmichener_distance.o
LOAD ./Dave/Generated/CMSIS_DSP/Source/DistanceFunctions/arm_sokalsneath_distance.o
LOAD ./Dave/Generated/CMSIS_DSP/Source/DistanceFunctions/arm_yule_distance.o
LOAD ./Dave/Generated/CMSIS_DSP/Source/ControllerFunctions/arm_pid_init_f32.o
LOAD ./Dave/Generated/CMSIS_DSP/Source/ControllerFunctions/arm_pid_init_q15.o
LOAD ./Dave/Generated/CMSIS_DSP/Source/ControllerFunctions/arm_pid_init_q31.o
LOAD ./Dave/Generated/CMSIS_DSP/Source/ControllerFunctions/arm_pid_reset_f32.o
LOAD ./Dave/Generated/CMSIS_DSP/Source/ControllerFunctions/arm_pid_reset_q15.o
LOAD ./Dave/Generated/CMSIS_DSP/Source/ControllerFunctions/arm_pid_reset_q31.o
LOAD ./Dave/Generated/CMSIS_DSP/Source/ControllerFunctions/arm_sin_cos_f32.o
LOAD ./Dave/Generated/CMSIS_DSP/Source/ControllerFunctions/arm_sin_cos_q31.o
LOAD ./Dave/Generated/CMSIS_DSP/Source/ComplexMathFunctions/arm_cmplx_conj_f32.o
LOAD ./Dave/Generated/CMSIS_DSP/Source/ComplexMathFunctions/arm_cmplx_conj_q15.o
LOAD ./Dave/Generated/CMSIS_DSP/Source/ComplexMathFunctions/arm_cmplx_conj_q31.o
LOAD ./Dave/Generated/CMSIS_DSP/Source/ComplexMathFunctions/arm_cmplx_dot_prod_f32.o
LOAD ./Dave/Generated/CMSIS_DSP/Source/ComplexMathFunctions/arm_cmplx_dot_prod_q15.o
LOAD ./Dave/Generated/CMSIS_DSP/Source/ComplexMathFunctions/arm_cmplx_dot_prod_q31.o
LOAD ./Dave/Generated/CMSIS_DSP/Source/ComplexMathFunctions/arm_cmplx_mag_f32.o
LOAD ./Dave/Generated/CMSIS_DSP/Source/ComplexMathFunctions/arm_cmplx_mag_q15.o
LOAD ./Dave/Generated/CMSIS_DSP/Source/ComplexMathFunctions/arm_cmplx_mag_q31.o
LOAD ./Dave/Generated/CMSIS_DSP/Source/ComplexMathFunctions/arm_cmplx_mag_squared_f32.o
LOAD ./Dave/Generated/CMSIS_DSP/Source/ComplexMathFunctions/arm_cmplx_mag_squared_q15.o
LOAD ./Dave/Generated/CMSIS_DSP/Source/ComplexMathFunctions/arm_cmplx_mag_squared_q31.o
LOAD ./Dave/Generated/CMSIS_DSP/Source/ComplexMathFunctions/arm_cmplx_mult_cmplx_f32.o
LOAD ./Dave/Generated/CMSIS_DSP/Source/ComplexMathFunctions/arm_cmplx_mult_cmplx_q15.o
LOAD ./Dave/Generated/CMSIS_DSP/Source/ComplexMathFunctions/arm_cmplx_mult_cmplx_q31.o
LOAD ./Dave/Generated/CMSIS_DSP/Source/ComplexMathFunctions/arm_cmplx_mult_real_f32.o
LOAD ./Dave/Generated/CMSIS_DSP/Source/ComplexMathFunctions/arm_cmplx_mult_real_q15.o
LOAD ./Dave/Generated/CMSIS_DSP/Source/ComplexMathFunctions/arm_cmplx_mult_real_q31.o
LOAD ./Dave/Generated/CMSIS_DSP/Source/CommonTables/arm_common_tables.o
LOAD ./Dave/Generated/CMSIS_DSP/Source/CommonTables/arm_const_structs.o
LOAD ./Dave/Generated/CMSIS_DSP/Source/CommonTables/arm_mve_tables.o
LOAD ./Dave/Generated/CMSIS_DSP/Source/BayesFunctions/arm_gaussian_naive_bayes_predict_f32.o
LOAD ./Dave/Generated/CMSIS_DSP/Source/BasicMathFunctions/arm_abs_f32.o
LOAD ./Dave/Generated/CMSIS_DSP/Source/BasicMathFunctions/arm_abs_q15.o
LOAD ./Dave/Generated/CMSIS_DSP/Source/BasicMathFunctions/arm_abs_q31.o
LOAD ./Dave/Generated/CMSIS_DSP/Source/BasicMathFunctions/arm_abs_q7.o
LOAD ./Dave/Generated/CMSIS_DSP/Source/BasicMathFunctions/arm_add_f32.o
LOAD ./Dave/Generated/CMSIS_DSP/Source/BasicMathFunctions/arm_add_q15.o
LOAD ./Dave/Generated/CMSIS_DSP/Source/BasicMathFunctions/arm_add_q31.o
LOAD ./Dave/Generated/CMSIS_DSP/Source/BasicMathFunctions/arm_add_q7.o
LOAD ./Dave/Generated/CMSIS_DSP/Source/BasicMathFunctions/arm_and_u16.o
LOAD ./Dave/Generated/CMSIS_DSP/Source/BasicMathFunctions/arm_and_u32.o
LOAD ./Dave/Generated/CMSIS_DSP/Source/BasicMathFunctions/arm_and_u8.o
LOAD ./Dave/Generated/CMSIS_DSP/Source/BasicMathFunctions/arm_dot_prod_f32.o
LOAD ./Dave/Generated/CMSIS_DSP/Source/BasicMathFunctions/arm_dot_prod_q15.o
LOAD ./Dave/Generated/CMSIS_DSP/Source/BasicMathFunctions/arm_dot_prod_q31.o
LOAD ./Dave/Generated/CMSIS_DSP/Source/BasicMathFunctions/arm_dot_prod_q7.o
LOAD ./Dave/Generated/CMSIS_DSP/Source/BasicMathFunctions/arm_mult_f32.o
LOAD ./Dave/Generated/CMSIS_DSP/Source/BasicMathFunctions/arm_mult_q15.o
LOAD ./Dave/Generated/CMSIS_DSP/Source/BasicMathFunctions/arm_mult_q31.o
LOAD ./Dave/Generated/CMSIS_DSP/Source/BasicMathFunctions/arm_mult_q7.o
LOAD ./Dave/Generated/CMSIS_DSP/Source/BasicMathFunctions/arm_negate_f32.o
LOAD ./Dave/Generated/CMSIS_DSP/Source/BasicMathFunctions/arm_negate_q15.o
LOAD ./Dave/Generated/CMSIS_DSP/Source/BasicMathFunctions/arm_negate_q31.o
LOAD ./Dave/Generated/CMSIS_DSP/Source/BasicMathFunctions/arm_negate_q7.o
LOAD ./Dave/Generated/CMSIS_DSP/Source/BasicMathFunctions/arm_not_u16.o
LOAD ./Dave/Generated/CMSIS_DSP/Source/BasicMathFunctions/arm_not_u32.o
LOAD ./Dave/Generated/CMSIS_DSP/Source/BasicMathFunctions/arm_not_u8.o
LOAD ./Dave/Generated/CMSIS_DSP/Source/BasicMathFunctions/arm_offset_f32.o
LOAD ./Dave/Generated/CMSIS_DSP/Source/BasicMathFunctions/arm_offset_q15.o
LOAD ./Dave/Generated/CMSIS_DSP/Source/BasicMathFunctions/arm_offset_q31.o
LOAD ./Dave/Generated/CMSIS_DSP/Source/BasicMathFunctions/arm_offset_q7.o
LOAD ./Dave/Generated/CMSIS_DSP/Source/BasicMathFunctions/arm_or_u16.o
LOAD ./Dave/Generated/CMSIS_DSP/Source/BasicMathFunctions/arm_or_u32.o
LOAD ./Dave/Generated/CMSIS_DSP/Source/BasicMathFunctions/arm_or_u8.o
LOAD ./Dave/Generated/CMSIS_DSP/Source/BasicMathFunctions/arm_scale_f32.o
LOAD ./Dave/Generated/CMSIS_DSP/Source/BasicMathFunctions/arm_scale_q15.o
LOAD ./Dave/Generated/CMSIS_DSP/Source/BasicMathFunctions/arm_scale_q31.o
LOAD ./Dave/Generated/CMSIS_DSP/Source/BasicMathFunctions/arm_scale_q7.o
LOAD ./Dave/Generated/CMSIS_DSP/Source/BasicMathFunctions/arm_shift_q15.o
LOAD ./Dave/Generated/CMSIS_DSP/Source/BasicMathFunctions/arm_shift_q31.o
LOAD ./Dave/Generated/CMSIS_DSP/Source/BasicMathFunctions/arm_shift_q7.o
LOAD ./Dave/Generated/CMSIS_DSP/Source/BasicMathFunctions/arm_sub_f32.o
LOAD ./Dave/Generated/CMSIS_DSP/Source/BasicMathFunctions/arm_sub_q15.o
LOAD ./Dave/Generated/CMSIS_DSP/Source/BasicMathFunctions/arm_sub_q31.o
LOAD ./Dave/Generated/CMSIS_DSP/Source/BasicMathFunctions/arm_sub_q7.o
LOAD ./Dave/Generated/CMSIS_DSP/Source/BasicMathFunctions/arm_xor_u16.o
LOAD ./Dave/Generated/CMSIS_DSP/Source/BasicMathFunctions/arm_xor_u32.o
LOAD ./Dave/Generated/CMSIS_DSP/Source/BasicMathFunctions/arm_xor_u8.o
LOAD ./Dave/Generated/CMSIS_DSP/cmsis_dsp.o
LOAD ./Dave/Generated/CLOCK_XMC4/clock_xmc4.o
LOAD ./Dave/Generated/CLOCK_XMC4/clock_xmc4_conf.o
LOAD ./Dave/Generated/ADC_QUEUE/adc_queue.o
LOAD ./Dave/Generated/ADC_QUEUE/adc_queue_conf.o
LOAD ./Dave/Generated/ADC_MEASUREMENT_ADV/adc_measurement_adv.o
LOAD ./Dave/Generated/ADC_MEASUREMENT_ADV/adc_measurement_adv_conf.o
LOAD ./Dave/Generated/DAVE.o
LOAD ./FOC.o
LOAD ./main.o
LOAD ./probe_scope.o
LOAD c:/infineon/tools/dave ide/4.5.0.202105191637/eclipse/arm-gcc-49/bin/../lib/gcc/arm-none-eabi/4.9.3/../../../../arm-none-eabi/lib/armv7e-m/softfp\libm.a
START GROUP
LOAD c:/infineon/tools/dave ide/4.5.0.202105191637/eclipse/arm-gcc-49/bin/../lib/gcc/arm-none-eabi/4.9.3/armv7e-m/softfp\libgcc.a
LOAD c:/infineon/tools/dave ide/4.5.0.202105191637/eclipse/arm-gcc-49/bin/../lib/gcc/arm-none-eabi/4.9.3/../../../../arm-none-eabi/lib/armv7e-m/softfp\libg_nano.a
LOAD c:/infineon/tools/dave ide/4.5.0.202105191637/eclipse/arm-gcc-49/bin/../lib/gcc/arm-none-eabi/4.9.3/../../../../arm-none-eabi/lib/armv7e-m/softfp\libc_nano.a
END GROUP
START GROUP
LOAD c:/infineon/tools/dave ide/4.5.0.202105191637/eclipse/arm-gcc-49/bin/../lib/gcc/arm-none-eabi/4.9.3/armv7e-m/softfp\libgcc.a
LOAD c:/infineon/tools/dave ide/4.5.0.202105191637/eclipse/arm-gcc-49/bin/../lib/gcc/arm-none-eabi/4.9.3/../../../../arm-none-eabi/lib/armv7e-m/softfp\libc_nano.a
LOAD c:/infineon/tools/dave ide/4.5.0.202105191637/eclipse/arm-gcc-49/bin/../lib/gcc/arm-none-eabi/4.9.3/../../../../arm-none-eabi/lib/armv7e-m/softfp\libnosys.a
END GROUP
START GROUP
LOAD c:/infineon/tools/dave ide/4.5.0.202105191637/eclipse/arm-gcc-49/bin/../lib/gcc/arm-none-eabi/4.9.3/armv7e-m/softfp\libgcc.a
LOAD c:/infineon/tools/dave ide/4.5.0.202105191637/eclipse/arm-gcc-49/bin/../lib/gcc/arm-none-eabi/4.9.3/../../../../arm-none-eabi/lib/armv7e-m/softfp\libc_nano.a
LOAD c:/infineon/tools/dave ide/4.5.0.202105191637/eclipse/arm-gcc-49/bin/../lib/gcc/arm-none-eabi/4.9.3/../../../../arm-none-eabi/lib/armv7e-m/softfp\libnosys.a
END GROUP
                0x00000800                stack_size = DEFINED (stack_size)?stack_size:0x800
                0x00000040                no_init_size = 0x40

.text           0x08000000     0x5be8 load address 0x0c000000
                0x08000000                sText = .
 *(.reset)
 .reset         0x08000000      0x2b4 ./Startup/startup_XMC4500.o
                0x08000000                __Vectors
                0x08000200                Reset_Handler
                0x080002b0                DSD0_7_IRQHandler
                0x080002b0                DebugMon_Handler
                0x080002b0                VADC0_C0_0_IRQHandler
                0x080002b0                CAN0_4_IRQHandler
                0x080002b0                VADC0_G2_0_IRQHandler
                0x080002b0                USIC0_5_IRQHandler
                0x080002b0                POSIF0_0_IRQHandler
                0x080002b0                POSIF1_0_IRQHandler
                0x080002b0                HardFault_Handler
                0x080002b0                VADC0_G1_1_IRQHandler
                0x080002b0                SysTick_Handler
                0x080002b0                PendSV_Handler
                0x080002b0                NMI_Handler
                0x080002b0                USIC1_3_IRQHandler
                0x080002b0                CCU40_2_IRQHandler
                0x080002b0                SCU_0_IRQHandler
                0x080002b0                ERU0_0_IRQHandler
                0x080002b0                CCU41_0_IRQHandler
                0x080002b0                USIC1_5_IRQHandler
                0x080002b0                DSD0_4_IRQHandler
                0x080002b0                CCU80_1_IRQHandler
                0x080002b0                CCU81_0_IRQHandler
                0x080002b0                UsageFault_Handler
                0x080002b0                USIC0_0_IRQHandler
                0x080002b0                POSIF1_1_IRQHandler
                0x080002b0                ERU0_2_IRQHandler
                0x080002b0                CCU81_1_IRQHandler
                0x080002b0                ERU1_1_IRQHandler
                0x080002b0                VADC0_G2_3_IRQHandler
                0x080002b0                VADC0_G2_2_IRQHandler
                0x080002b0                CCU42_3_IRQHandler
                0x080002b0                ERU0_3_IRQHandler
                0x080002b0                DSD0_5_IRQHandler
                0x080002b0                VADC0_C0_3_IRQHandler
                0x080002b0                CAN0_6_IRQHandler
                0x080002b0                CCU43_0_IRQHandler
                0x080002b0                VADC0_G0_1_IRQHandler
                0x080002b0                CCU81_2_IRQHandler
                0x080002b0                USIC2_4_IRQHandler
                0x080002b0                CCU81_3_IRQHandler
                0x080002b0                CCU42_1_IRQHandler
                0x080002b0                USIC1_1_IRQHandler
                0x080002b0                USIC2_5_IRQHandler
                0x080002b0                CCU40_0_IRQHandler
                0x080002b0                CAN0_0_IRQHandler
                0x080002b0                ERU1_0_IRQHandler
                0x080002b0                CCU42_2_IRQHandler
                0x080002b0                Default_Handler
                0x080002b0                USIC1_4_IRQHandler
                0x080002b0                ERU1_3_IRQHandler
                0x080002b0                USIC1_0_IRQHandler
                0x080002b0                POSIF0_1_IRQHandler
                0x080002b0                VADC0_G0_0_IRQHandler
                0x080002b0                DSD0_2_IRQHandler
                0x080002b0                CCU80_3_IRQHandler
                0x080002b0                CCU41_3_IRQHandler
                0x080002b0                CCU80_2_IRQHandler
                0x080002b0                VADC0_G1_3_IRQHandler
                0x080002b0                VADC0_G0_3_IRQHandler
                0x080002b0                GPDMA0_0_IRQHandler
                0x080002b0                PMU0_0_IRQHandler
                0x080002b0                CAN0_7_IRQHandler
                0x080002b0                DSD0_1_IRQHandler
                0x080002b0                CCU41_2_IRQHandler
                0x080002b0                VADC0_C0_1_IRQHandler
                0x080002b0                CCU43_2_IRQHandler
                0x080002b0                USIC2_2_IRQHandler
                0x080002b0                MemManage_Handler
                0x080002b0                VADC0_G3_1_IRQHandler
                0x080002b0                DAC0_0_IRQHandler
                0x080002b0                SVC_Handler
                0x080002b0                VADC0_G3_3_IRQHandler
                0x080002b0                ERU1_2_IRQHandler
                0x080002b0                CCU41_1_IRQHandler
                0x080002b0                DSD0_6_IRQHandler
                0x080002b0                VADC0_G1_2_IRQHandler
                0x080002b0                USIC2_3_IRQHandler
                0x080002b0                CAN0_2_IRQHandler
                0x080002b0                USIC2_0_IRQHandler
                0x080002b0                VADC0_G0_2_IRQHandler
                0x080002b0                VADC0_G2_1_IRQHandler
                0x080002b0                CAN0_3_IRQHandler
                0x080002b0                ETH0_0_IRQHandler
                0x080002b0                USIC0_3_IRQHandler
                0x080002b0                DSD0_0_IRQHandler
                0x080002b0                VADC0_C0_2_IRQHandler
                0x080002b0                CCU42_0_IRQHandler
                0x080002b0                FCE0_0_IRQHandler
                0x080002b0                VADC0_G1_0_IRQHandler
                0x080002b0                USB0_0_IRQHandler
                0x080002b0                CAN0_5_IRQHandler
                0x080002b0                CCU80_0_IRQHandler
                0x080002b0                CCU40_1_IRQHandler
                0x080002b0                USIC2_1_IRQHandler
                0x080002b0                USIC0_1_IRQHandler
                0x080002b0                VADC0_G3_2_IRQHandler
                0x080002b0                CCU40_3_IRQHandler
                0x080002b0                BusFault_Handler
                0x080002b0                LEDTS0_0_IRQHandler
                0x080002b0                USIC0_4_IRQHandler
                0x080002b0                CCU43_3_IRQHandler
                0x080002b0                ERU0_1_IRQHandler
                0x080002b0                VADC0_G3_0_IRQHandler
                0x080002b0                USIC1_2_IRQHandler
                0x080002b0                DSD0_3_IRQHandler
                0x080002b0                SDMMC0_0_IRQHandler
                0x080002b0                CAN0_1_IRQHandler
                0x080002b0                USIC0_2_IRQHandler
                0x080002b0                DAC0_1_IRQHandler
                0x080002b0                GPDMA1_0_IRQHandler
 *(.text .text.* .gnu.linkonce.t.*)
 .text.SystemInit
                0x080002b4       0x20 ./Startup/system_XMC4500.o
                0x080002b4                SystemInit
 .text.SystemCoreClockUpdate
                0x080002d4       0xd4 ./Startup/system_XMC4500.o
                0x080002d4                SystemCoreClockUpdate
 .text.XMC_ERU_Enable
                0x080003a8       0x24 ./Libraries/XMCLib/src/xmc4_eru.o
                0x080003a8                XMC_ERU_Enable
 .text.XMC_GPIO_Init
                0x080003cc      0x14c ./Libraries/XMCLib/src/xmc4_gpio.o
                0x080003cc                XMC_GPIO_Init
 .text.XMC_SCU_GetMirrorStatus
                0x08000518       0x18 ./Libraries/XMCLib/src/xmc4_scu.o
 .text.XMC_SCU_lDelay
                0x08000530       0x44 ./Libraries/XMCLib/src/xmc4_scu.o
 .text.XMC_SCU_INTERUPT_GetEventStatus
                0x08000574       0x18 ./Libraries/XMCLib/src/xmc4_scu.o
                0x08000574                XMC_SCU_INTERUPT_GetEventStatus
 .text.XMC_SCU_INTERRUPT_ClearEventStatus
                0x0800058c       0x1c ./Libraries/XMCLib/src/xmc4_scu.o
                0x0800058c                XMC_SCU_INTERRUPT_ClearEventStatus
 .text.XMC_SCU_CLOCK_Init
                0x080005a8       0xf8 ./Libraries/XMCLib/src/xmc4_scu.o
                0x080005a8                XMC_SCU_CLOCK_Init
 .text.XMC_SCU_RESET_DeassertPeripheralReset
                0x080006a0       0x38 ./Libraries/XMCLib/src/xmc4_scu.o
                0x080006a0                XMC_SCU_RESET_DeassertPeripheralReset
 .text.XMC_SCU_RESET_IsPeripheralResetAsserted
                0x080006d8       0x48 ./Libraries/XMCLib/src/xmc4_scu.o
                0x080006d8                XMC_SCU_RESET_IsPeripheralResetAsserted
 .text.XMC_SCU_CLOCK_SetSystemClockSource
                0x08000720       0x28 ./Libraries/XMCLib/src/xmc4_scu.o
                0x08000720                XMC_SCU_CLOCK_SetSystemClockSource
 .text.XMC_SCU_CLOCK_SetUsbClockSource
                0x08000748       0x28 ./Libraries/XMCLib/src/xmc4_scu.o
                0x08000748                XMC_SCU_CLOCK_SetUsbClockSource
 .text.XMC_SCU_CLOCK_SetWdtClockSource
                0x08000770       0x28 ./Libraries/XMCLib/src/xmc4_scu.o
                0x08000770                XMC_SCU_CLOCK_SetWdtClockSource
 .text.XMC_SCU_CLOCK_SetSystemPllClockSource
                0x08000798       0x40 ./Libraries/XMCLib/src/xmc4_scu.o
                0x08000798                XMC_SCU_CLOCK_SetSystemPllClockSource
 .text.XMC_SCU_HIB_SetRtcClockSource
                0x080007d8       0x3c ./Libraries/XMCLib/src/xmc4_scu.o
                0x080007d8                XMC_SCU_HIB_SetRtcClockSource
 .text.XMC_SCU_HIB_SetStandbyClockSource
                0x08000814       0x3c ./Libraries/XMCLib/src/xmc4_scu.o
                0x08000814                XMC_SCU_HIB_SetStandbyClockSource
 .text.XMC_SCU_CLOCK_SetSystemClockDivider
                0x08000850       0x28 ./Libraries/XMCLib/src/xmc4_scu.o
                0x08000850                XMC_SCU_CLOCK_SetSystemClockDivider
 .text.XMC_SCU_CLOCK_SetCcuClockDivider
                0x08000878       0x28 ./Libraries/XMCLib/src/xmc4_scu.o
                0x08000878                XMC_SCU_CLOCK_SetCcuClockDivider
 .text.XMC_SCU_CLOCK_SetCpuClockDivider
                0x080008a0       0x28 ./Libraries/XMCLib/src/xmc4_scu.o
                0x080008a0                XMC_SCU_CLOCK_SetCpuClockDivider
 .text.XMC_SCU_CLOCK_SetPeripheralClockDivider
                0x080008c8       0x28 ./Libraries/XMCLib/src/xmc4_scu.o
                0x080008c8                XMC_SCU_CLOCK_SetPeripheralClockDivider
 .text.XMC_SCU_CLOCK_SetUsbClockDivider
                0x080008f0       0x28 ./Libraries/XMCLib/src/xmc4_scu.o
                0x080008f0                XMC_SCU_CLOCK_SetUsbClockDivider
 .text.XMC_SCU_CLOCK_SetEbuClockDivider
                0x08000918       0x28 ./Libraries/XMCLib/src/xmc4_scu.o
                0x08000918                XMC_SCU_CLOCK_SetEbuClockDivider
 .text.XMC_SCU_CLOCK_SetWdtClockDivider
                0x08000940       0x28 ./Libraries/XMCLib/src/xmc4_scu.o
                0x08000940                XMC_SCU_CLOCK_SetWdtClockDivider
 .text.XMC_SCU_CLOCK_EnableClock
                0x08000968       0x20 ./Libraries/XMCLib/src/xmc4_scu.o
                0x08000968                XMC_SCU_CLOCK_EnableClock
 .text.XMC_SCU_CLOCK_EnableUsbPll
                0x08000988       0x20 ./Libraries/XMCLib/src/xmc4_scu.o
                0x08000988                XMC_SCU_CLOCK_EnableUsbPll
 .text.XMC_SCU_CLOCK_StartUsbPll
                0x080009a8       0xb4 ./Libraries/XMCLib/src/xmc4_scu.o
                0x080009a8                XMC_SCU_CLOCK_StartUsbPll
 .text.XMC_SCU_CLOCK_SetBackupClockCalibrationMode
                0x08000a5c       0x4c ./Libraries/XMCLib/src/xmc4_scu.o
                0x08000a5c                XMC_SCU_CLOCK_SetBackupClockCalibrationMode
 .text.XMC_SCU_HIB_EnableHibernateDomain
                0x08000aa8       0x58 ./Libraries/XMCLib/src/xmc4_scu.o
                0x08000aa8                XMC_SCU_HIB_EnableHibernateDomain
 .text.XMC_SCU_CLOCK_IsLowPowerOscillatorStable
                0x08000b00       0x24 ./Libraries/XMCLib/src/xmc4_scu.o
                0x08000b00                XMC_SCU_CLOCK_IsLowPowerOscillatorStable
 .text.XMC_SCU_CLOCK_EnableLowPowerOscillator
                0x08000b24       0x70 ./Libraries/XMCLib/src/xmc4_scu.o
                0x08000b24                XMC_SCU_CLOCK_EnableLowPowerOscillator
 .text.XMC_SCU_CLOCK_EnableHighPerformanceOscillator
                0x08000b94       0x50 ./Libraries/XMCLib/src/xmc4_scu.o
                0x08000b94                XMC_SCU_CLOCK_EnableHighPerformanceOscillator
 .text.XMC_SCU_CLOCK_IsHighPerformanceOscillatorStable
                0x08000be4       0x28 ./Libraries/XMCLib/src/xmc4_scu.o
                0x08000be4                XMC_SCU_CLOCK_IsHighPerformanceOscillatorStable
 .text.XMC_SCU_CLOCK_EnableSystemPll
                0x08000c0c       0x20 ./Libraries/XMCLib/src/xmc4_scu.o
                0x08000c0c                XMC_SCU_CLOCK_EnableSystemPll
 .text.XMC_SCU_CLOCK_DisableSystemPll
                0x08000c2c       0x20 ./Libraries/XMCLib/src/xmc4_scu.o
                0x08000c2c                XMC_SCU_CLOCK_DisableSystemPll
 .text.XMC_SCU_CLOCK_StartSystemPll
                0x08000c4c      0x19c ./Libraries/XMCLib/src/xmc4_scu.o
                0x08000c4c                XMC_SCU_CLOCK_StartSystemPll
 .text.XMC_SCU_CLOCK_StepSystemPllFrequency
                0x08000de8       0x3c ./Libraries/XMCLib/src/xmc4_scu.o
                0x08000de8                XMC_SCU_CLOCK_StepSystemPllFrequency
 .text.XMC_CCU4_StartPrescaler
                0x08000e24       0x1c ./Libraries/XMCLib/src/xmc_ccu4.o
 .text.XMC_CCU4_lDeassertReset
                0x08000e40       0x60 ./Libraries/XMCLib/src/xmc_ccu4.o
 .text.XMC_CCU4_EnableModule
                0x08000ea0       0x1c ./Libraries/XMCLib/src/xmc_ccu4.o
                0x08000ea0                XMC_CCU4_EnableModule
 .text.XMC_CCU4_Init
                0x08000ebc       0x3c ./Libraries/XMCLib/src/xmc_ccu4.o
                0x08000ebc                XMC_CCU4_Init
 .text.XMC_CCU4_SLICE_CompareInit
                0x08000ef8       0x6c ./Libraries/XMCLib/src/xmc_ccu4.o
                0x08000ef8                XMC_CCU4_SLICE_CompareInit
 .text.XMC_CCU4_SLICE_SetInterruptNode
                0x08000f64       0xc8 ./Libraries/XMCLib/src/xmc_ccu4.o
                0x08000f64                XMC_CCU4_SLICE_SetInterruptNode
 .text.XMC_CCU8_StartPrescaler
                0x0800102c       0x1c ./Libraries/XMCLib/src/xmc_ccu8.o
 .text.XMC_CCU8_SLICE_StopTimer
                0x08001048       0x18 ./Libraries/XMCLib/src/xmc_ccu8.o
 .text.XMC_CCU8_lDeassertReset
                0x08001060       0x38 ./Libraries/XMCLib/src/xmc_ccu8.o
 .text.XMC_CCU8_EnableModule
                0x08001098       0x1c ./Libraries/XMCLib/src/xmc_ccu8.o
                0x08001098                XMC_CCU8_EnableModule
 .text.XMC_CCU8_Init
                0x080010b4       0x3c ./Libraries/XMCLib/src/xmc_ccu8.o
                0x080010b4                XMC_CCU8_Init
 .text.XMC_CCU8_SLICE_CompareInit
                0x080010f0       0x74 ./Libraries/XMCLib/src/xmc_ccu8.o
                0x080010f0                XMC_CCU8_SLICE_CompareInit
 .text.XMC_CCU8_SLICE_StartConfig
                0x08001164       0x5c ./Libraries/XMCLib/src/xmc_ccu8.o
                0x08001164                XMC_CCU8_SLICE_StartConfig
 .text.XMC_CCU8_SLICE_TrapConfig
                0x080011c0       0x74 ./Libraries/XMCLib/src/xmc_ccu8.o
                0x080011c0                XMC_CCU8_SLICE_TrapConfig
 .text.XMC_CCU8_SLICE_ConfigureEvent
                0x08001234       0xd4 ./Libraries/XMCLib/src/xmc_ccu8.o
                0x08001234                XMC_CCU8_SLICE_ConfigureEvent
 .text.XMC_CCU8_SLICE_SetTimerPeriodMatch
                0x08001308       0x1c ./Libraries/XMCLib/src/xmc_ccu8.o
                0x08001308                XMC_CCU8_SLICE_SetTimerPeriodMatch
 .text.XMC_CCU8_SLICE_SetTimerCompareMatch
                0x08001324       0x30 ./Libraries/XMCLib/src/xmc_ccu8.o
                0x08001324                XMC_CCU8_SLICE_SetTimerCompareMatch
 .text.XMC_CCU8_SLICE_DeadTimeInit
                0x08001354       0x2c ./Libraries/XMCLib/src/xmc_ccu8.o
                0x08001354                XMC_CCU8_SLICE_DeadTimeInit
 .text.XMC_CCU8_SLICE_ConfigureStatusBitOutput
                0x08001380       0x30 ./Libraries/XMCLib/src/xmc_ccu8.o
                0x08001380                XMC_CCU8_SLICE_ConfigureStatusBitOutput
 .text.XMC_ERU_ETL_Init
                0x080013b0       0x4c ./Libraries/XMCLib/src/xmc_eru.o
                0x080013b0                XMC_ERU_ETL_Init
 .text.XMC_ERU_OGU_SetServiceRequestMode
                0x080013fc       0x3c ./Libraries/XMCLib/src/xmc_eru.o
                0x080013fc                XMC_ERU_OGU_SetServiceRequestMode
 .text.XMC_GPIO_SetHardwareControl
                0x08001438       0x44 ./Libraries/XMCLib/src/xmc_gpio.o
                0x08001438                XMC_GPIO_SetHardwareControl
 .text.XMC_VADC_GROUP_ExternalMuxControlInit
                0x0800147c       0x6c ./Libraries/XMCLib/src/xmc_vadc.o
 .text.XMC_VADC_GROUP_QueueEnableArbitrationSlot
                0x080014e8       0x24 ./Libraries/XMCLib/src/xmc_vadc.o
 .text.XMC_VADC_GROUP_QueueDisableArbitrationSlot
                0x0800150c       0x24 ./Libraries/XMCLib/src/xmc_vadc.o
 .text.XMC_VADC_GLOBAL_EnableModule
                0x08001530        0xc ./Libraries/XMCLib/src/xmc_vadc.o
                0x08001530                XMC_VADC_GLOBAL_EnableModule
 .text.XMC_VADC_GLOBAL_Init
                0x0800153c       0x54 ./Libraries/XMCLib/src/xmc_vadc.o
                0x0800153c                XMC_VADC_GLOBAL_Init
 .text.XMC_VADC_GLOBAL_StartupCalibration
                0x08001590       0x64 ./Libraries/XMCLib/src/xmc_vadc.o
                0x08001590                XMC_VADC_GLOBAL_StartupCalibration
 .text.XMC_VADC_GROUP_Init
                0x080015f4       0x68 ./Libraries/XMCLib/src/xmc_vadc.o
                0x080015f4                XMC_VADC_GROUP_Init
 .text.XMC_VADC_GROUP_InputClassInit
                0x0800165c       0xb8 ./Libraries/XMCLib/src/xmc_vadc.o
                0x0800165c                XMC_VADC_GROUP_InputClassInit
 .text.XMC_VADC_GROUP_SetPowerMode
                0x08001714       0x38 ./Libraries/XMCLib/src/xmc_vadc.o
                0x08001714                XMC_VADC_GROUP_SetPowerMode
 .text.XMC_VADC_GROUP_SetSyncSlave
                0x0800174c       0x44 ./Libraries/XMCLib/src/xmc_vadc.o
                0x0800174c                XMC_VADC_GROUP_SetSyncSlave
 .text.XMC_VADC_GROUP_SetSyncMaster
                0x08001790       0x2c ./Libraries/XMCLib/src/xmc_vadc.o
                0x08001790                XMC_VADC_GROUP_SetSyncMaster
 .text.XMC_VADC_GROUP_CheckSlaveReadiness
                0x080017bc       0x68 ./Libraries/XMCLib/src/xmc_vadc.o
                0x080017bc                XMC_VADC_GROUP_CheckSlaveReadiness
 .text.XMC_VADC_GROUP_QueueInit
                0x08001824       0x9c ./Libraries/XMCLib/src/xmc_vadc.o
                0x08001824                XMC_VADC_GROUP_QueueInit
 .text.XMC_VADC_GROUP_QueueSetReqSrcEventInterruptNode
                0x080018c0       0x38 ./Libraries/XMCLib/src/xmc_vadc.o
                0x080018c0                XMC_VADC_GROUP_QueueSetReqSrcEventInterruptNode
 .text.XMC_VADC_GROUP_ChannelInit
                0x080018f8       0xc8 ./Libraries/XMCLib/src/xmc_vadc.o
                0x080018f8                XMC_VADC_GROUP_ChannelInit
 .text._init    0x080019c0        0xc ./Libraries/Newlib/syscalls.o
                0x080019c0                _init
 .text.XMC_CCU4_EnableClock
                0x080019cc       0x20 ./Dave/Generated/TIMER/timer.o
 .text.XMC_CCU4_SLICE_StartTimer
                0x080019ec       0x18 ./Dave/Generated/TIMER/timer.o
 .text.XMC_CCU4_SLICE_ClearTimer
                0x08001a04       0x18 ./Dave/Generated/TIMER/timer.o
 .text.XMC_CCU4_SLICE_SetTimerPeriodMatch
                0x08001a1c       0x1c ./Dave/Generated/TIMER/timer.o
 .text.XMC_CCU4_SLICE_SetTimerCompareMatch
                0x08001a38       0x1c ./Dave/Generated/TIMER/timer.o
 .text.XMC_CCU4_EnableShadowTransfer
                0x08001a54       0x1c ./Dave/Generated/TIMER/timer.o
 .text.XMC_CCU4_SLICE_EnableEvent
                0x08001a70       0x2c ./Dave/Generated/TIMER/timer.o
 .text.TIMER_Init
                0x08001a9c       0x3c ./Dave/Generated/TIMER/timer.o
                0x08001a9c                TIMER_Init
 .text.TIMER_CCU4_lInit
                0x08001ad8       0x98 ./Dave/Generated/TIMER/timer.o
                0x08001ad8                TIMER_CCU4_lInit
 .text.TIMER_CCU4_lShadowTransfer
                0x08001b70       0x3c ./Dave/Generated/TIMER/timer.o
                0x08001b70                TIMER_CCU4_lShadowTransfer
 .text.XMC_CCU8_EnableClock
                0x08001bac       0x20 ./Dave/Generated/PWM_SVM/pwm_svm.o
 .text.XMC_CCU8_SLICE_EnableTrap
                0x08001bcc       0x24 ./Dave/Generated/PWM_SVM/pwm_svm.o
 .text.XMC_CCU8_EnableShadowTransfer
                0x08001bf0       0x1c ./Dave/Generated/PWM_SVM/pwm_svm.o
 .text.XMC_CCU8_SLICE_SetTimerValue
                0x08001c0c       0x1c ./Dave/Generated/PWM_SVM/pwm_svm.o
 .text.XMC_CCU8_SLICE_EnableEvent
                0x08001c28       0x2c ./Dave/Generated/PWM_SVM/pwm_svm.o
 .text.XMC_CCU8_SLICE_ClearEvent
                0x08001c54       0x24 ./Dave/Generated/PWM_SVM/pwm_svm.o
 .text.XMC_SCU_SetCcuTriggerHigh
                0x08001c78       0x24 ./Dave/Generated/PWM_SVM/pwm_svm.o
 .text.XMC_SCU_SetCcuTriggerLow
                0x08001c9c       0x24 ./Dave/Generated/PWM_SVM/pwm_svm.o
 .text.XMC_GPIO_SetOutputHigh
                0x08001cc0       0x20 ./Dave/Generated/PWM_SVM/pwm_svm.o
 .text.XMC_GPIO_SetOutputLow
                0x08001ce0       0x24 ./Dave/Generated/PWM_SVM/pwm_svm.o
 .text.PWM_SVM_lEnableEvent
                0x08001d04       0x44 ./Dave/Generated/PWM_SVM/pwm_svm.o
                0x08001d04                PWM_SVM_lEnableEvent
 .text.PWM_SVM_InverterDisable
                0x08001d48       0x4c ./Dave/Generated/PWM_SVM/pwm_svm.o
                0x08001d48                PWM_SVM_InverterDisable
 .text.PWM_SVM_InverterEnable
                0x08001d94       0x4c ./Dave/Generated/PWM_SVM/pwm_svm.o
                0x08001d94                PWM_SVM_InverterEnable
 .text.PWM_SVM_Init
                0x08001de0      0x298 ./Dave/Generated/PWM_SVM/pwm_svm.o
                0x08001de0                PWM_SVM_Init
 .text.PWM_SVM_Start
                0x08002078      0x294 ./Dave/Generated/PWM_SVM/pwm_svm.o
                0x08002078                PWM_SVM_Start
 .text.__NVIC_GetPriorityGrouping
                0x0800230c       0x1c ./Dave/Generated/PIN_INTERRUPT/pin_interrupt.o
 .text.__NVIC_EnableIRQ
                0x08002328       0x38 ./Dave/Generated/PIN_INTERRUPT/pin_interrupt.o
 .text.__NVIC_ClearPendingIRQ
                0x08002360       0x3c ./Dave/Generated/PIN_INTERRUPT/pin_interrupt.o
 .text.__NVIC_SetPriority
                0x0800239c       0x54 ./Dave/Generated/PIN_INTERRUPT/pin_interrupt.o
 .text.NVIC_EncodePriority
                0x080023f0       0x64 ./Dave/Generated/PIN_INTERRUPT/pin_interrupt.o
 .text.PIN_INTERRUPT_Init
                0x08002454       0xa0 ./Dave/Generated/PIN_INTERRUPT/pin_interrupt.o
                0x08002454                PIN_INTERRUPT_Init
 .text.__NVIC_GetPriorityGrouping
                0x080024f4       0x1c ./Dave/Generated/INTERRUPT/interrupt.o
 .text.__NVIC_EnableIRQ
                0x08002510       0x38 ./Dave/Generated/INTERRUPT/interrupt.o
 .text.__NVIC_SetPriority
                0x08002548       0x54 ./Dave/Generated/INTERRUPT/interrupt.o
 .text.NVIC_EncodePriority
                0x0800259c       0x64 ./Dave/Generated/INTERRUPT/interrupt.o
 .text.INTERRUPT_Enable
                0x08002600       0x1c ./Dave/Generated/INTERRUPT/interrupt.o
 .text.INTERRUPT_Init
                0x0800261c       0x4c ./Dave/Generated/INTERRUPT/interrupt.o
                0x0800261c                INTERRUPT_Init
 .text.XMC_CCU8_StartPrescaler
                0x08002668       0x1c ./Dave/Generated/GLOBAL_CCU8/global_ccu8.o
 .text.GLOBAL_CCU8_Init
                0x08002684       0x40 ./Dave/Generated/GLOBAL_CCU8/global_ccu8.o
                0x08002684                GLOBAL_CCU8_Init
 .text.XMC_CCU4_StartPrescaler
                0x080026c4       0x1c ./Dave/Generated/GLOBAL_CCU4/global_ccu4.o
 .text.GLOBAL_CCU4_Init
                0x080026e0       0x40 ./Dave/Generated/GLOBAL_CCU4/global_ccu4.o
                0x080026e0                GLOBAL_CCU4_Init
 .text.XMC_VADC_GLOBAL_DisablePostCalibration
                0x08002720       0x2c ./Dave/Generated/GLOBAL_ADC/global_adc.o
 .text.GLOBAL_ADC_Init
                0x0800274c       0xb0 ./Dave/Generated/GLOBAL_ADC/global_adc.o
                0x0800274c                GLOBAL_ADC_Init
 .text.__NVIC_SetPriorityGrouping
                0x080027fc       0x48 ./Dave/Generated/CPU_CTRL_XMC4/cpu_ctrl_xmc4_conf.o
 .text.SystemCoreSetup
                0x08002844       0xa0 ./Dave/Generated/CPU_CTRL_XMC4/cpu_ctrl_xmc4_conf.o
                0x08002844                SystemCoreSetup
 .text.arm_fir_f32
                0x080028e4       0xdc ./Dave/Generated/CMSIS_DSP/Source/FilteringFunctions/arm_fir_f32.o
                0x080028e4                arm_fir_f32
 .text.arm_fir_init_f32
                0x080029c0       0x40 ./Dave/Generated/CMSIS_DSP/Source/FilteringFunctions/arm_fir_init_f32.o
                0x080029c0                arm_fir_init_f32
 .text.arm_sin_f32
                0x08002a00      0x100 ./Dave/Generated/CMSIS_DSP/Source/FastMathFunctions/arm_sin_f32.o
                0x08002a00                arm_sin_f32
 .text.CLOCK_XMC4_Init
                0x08002b00       0x20 ./Dave/Generated/CLOCK_XMC4/clock_xmc4.o
                0x08002b00                CLOCK_XMC4_Init
 .text.OSCHP_GetFrequency
                0x08002b20       0x14 ./Dave/Generated/CLOCK_XMC4/clock_xmc4.o
                0x08002b20                OSCHP_GetFrequency
 .text.SystemCoreClockSetup
                0x08002b34       0x58 ./Dave/Generated/CLOCK_XMC4/clock_xmc4_conf.o
                0x08002b34                SystemCoreClockSetup
 .text.__NVIC_GetPriorityGrouping
                0x08002b8c       0x1c ./Dave/Generated/ADC_QUEUE/adc_queue.o
 .text.__NVIC_EnableIRQ
                0x08002ba8       0x38 ./Dave/Generated/ADC_QUEUE/adc_queue.o
 .text.__NVIC_SetPriority
                0x08002be0       0x54 ./Dave/Generated/ADC_QUEUE/adc_queue.o
 .text.NVIC_EncodePriority
                0x08002c34       0x64 ./Dave/Generated/ADC_QUEUE/adc_queue.o
 .text.XMC_VADC_GROUP_QueueSetGatingMode
                0x08002c98       0x38 ./Dave/Generated/ADC_QUEUE/adc_queue.o
 .text.XMC_VADC_GROUP_QueueFlushEntries
                0x08002cd0       0x34 ./Dave/Generated/ADC_QUEUE/adc_queue.o
 .text.XMC_VADC_GROUP_QueueInsertChannel
                0x08002d04       0x1c ./Dave/Generated/ADC_QUEUE/adc_queue.o
 .text.ADC_QUEUE_ResetListContents
                0x08002d20       0x50 ./Dave/Generated/ADC_QUEUE/adc_queue.o
                0x08002d20                ADC_QUEUE_ResetListContents
 .text.ADC_QUEUE_Init
                0x08002d70       0xcc ./Dave/Generated/ADC_QUEUE/adc_queue.o
                0x08002d70                ADC_QUEUE_Init
 .text.ADC_QUEUE_InsertQueueEntry
                0x08002e3c       0xe8 ./Dave/Generated/ADC_QUEUE/adc_queue.o
                0x08002e3c                ADC_QUEUE_InsertQueueEntry
 .text.ADC_QUEUE_AllEntriesInserted
                0x08002f24       0xac ./Dave/Generated/ADC_QUEUE/adc_queue.o
                0x08002f24                ADC_QUEUE_AllEntriesInserted
 .text.ADC_QUEUE_lInitializeListToDefaults
                0x08002fd0       0x30 ./Dave/Generated/ADC_QUEUE/adc_queue_conf.o
                0x08002fd0                ADC_QUEUE_lInitializeListToDefaults
 .text.XMC_VADC_GROUP_QueueEnableArbitrationSlot
                0x08003000       0x24 ./Dave/Generated/ADC_MEASUREMENT_ADV/adc_measurement_adv.o
 .text.XMC_VADC_GROUP_QueueDisableArbitrationSlot
                0x08003024       0x24 ./Dave/Generated/ADC_MEASUREMENT_ADV/adc_measurement_adv.o
 .text.XMC_VADC_GROUP_QueueIsArbitrationSlotEnabled
                0x08003048       0x2c ./Dave/Generated/ADC_MEASUREMENT_ADV/adc_measurement_adv.o
 .text.XMC_VADC_GROUP_ResultInit
                0x08003074       0x24 ./Dave/Generated/ADC_MEASUREMENT_ADV/adc_measurement_adv.o
 .text.ADC_MEASUREMENT_ADV_lInsertEntry
                0x08003098       0x2c ./Dave/Generated/ADC_MEASUREMENT_ADV/adc_measurement_adv.o
 .text.ADC_MEASUREMENT_ADV_lRequestSrcInit
                0x080030c4       0x20 ./Dave/Generated/ADC_MEASUREMENT_ADV/adc_measurement_adv.o
 .text.ADC_MEASUREMENT_ADV_lArbitrationStatus
                0x080030e4       0x58 ./Dave/Generated/ADC_MEASUREMENT_ADV/adc_measurement_adv.o
 .text.ADC_MEASUREMENT_ADV_lDisableArbitration
                0x0800313c       0x34 ./Dave/Generated/ADC_MEASUREMENT_ADV/adc_measurement_adv.o
 .text.ADC_MEASUREMENT_ADV_lInsertChannels
                0x08003170       0x18 ./Dave/Generated/ADC_MEASUREMENT_ADV/adc_measurement_adv.o
                0x08003170                ADC_MEASUREMENT_ADV_lInsertChannels
 .text.ADC_MEASUREMENT_ADV_lSyncADCClocks
                0x08003188       0x7c ./Dave/Generated/ADC_MEASUREMENT_ADV/adc_measurement_adv.o
                0x08003188                ADC_MEASUREMENT_ADV_lSyncADCClocks
 .text.ADC_MEASUREMENT_ADV_StartADC
                0x08003204       0x24 ./Dave/Generated/ADC_MEASUREMENT_ADV/adc_measurement_adv.o
                0x08003204                ADC_MEASUREMENT_ADV_StartADC
 .text.ADC_MEASUREMENT_ADC_lNvicEnable
                0x08003228       0x14 ./Dave/Generated/ADC_MEASUREMENT_ADV/adc_measurement_adv.o
                0x08003228                ADC_MEASUREMENT_ADC_lNvicEnable
 .text.ADC_MEASUREMENT_ADC_lResultInit
                0x0800323c       0x38 ./Dave/Generated/ADC_MEASUREMENT_ADV/adc_measurement_adv.o
 .text.ADC_MEASUREMENT_ADV_Init
                0x08003274       0xd0 ./Dave/Generated/ADC_MEASUREMENT_ADV/adc_measurement_adv.o
                0x08003274                ADC_MEASUREMENT_ADV_Init
 .text.DAVE_Init
                0x08003344       0xb0 ./Dave/Generated/DAVE.o
                0x08003344                DAVE_Init
 *fill*         0x080033f4        0x4 
 .text.CCU43_1_IRQHandler
                0x080033f8      0x120 ./main.o
                0x080033f8                CCU43_1_IRQHandler
 .text.main     0x08003518       0x58 ./main.o
                0x08003518                main
 .text.ProbeScope_Init
                0x08003570      0x160 ./probe_scope.o
                0x08003570                ProbeScope_Init
 .text.ProbeScope_Sampling
                0x080036d0       0x44 ./probe_scope.o
                0x080036d0                ProbeScope_Sampling
 .text.ProbeScope_ModeOff
                0x08003714       0x28 ./probe_scope.o
 .text.ProbeScope_ModeContinuous
                0x0800373c       0x7c ./probe_scope.o
 .text.ProbeScope_ModeTrig
                0x080037b8      0x190 ./probe_scope.o
 .text.ProbeScope_SampleChAll
                0x08003948       0x58 ./probe_scope.o
 .text.ProbeScope_SampleCh
                0x080039a0      0x1f8 ./probe_scope.o
 .text.ProbeScope_SamplePosNext
                0x08003b98       0x38 ./probe_scope.o
 .text.ProbeScope_IsTrig
                0x08003bd0      0x6ac ./probe_scope.o
 .text          0x0800427c      0x370 c:/infineon/tools/dave ide/4.5.0.202105191637/eclipse/arm-gcc-49/bin/../lib/gcc/arm-none-eabi/4.9.3/armv7e-m/softfp\libgcc.a(_arm_addsubdf3.o)
                0x0800427c                __aeabi_drsub
                0x08004284                __aeabi_dsub
                0x08004284                __subdf3
                0x08004288                __aeabi_dadd
                0x08004288                __adddf3
                0x08004500                __floatunsidf
                0x08004500                __aeabi_ui2d
                0x08004520                __floatsidf
                0x08004520                __aeabi_i2d
                0x08004544                __aeabi_f2d
                0x08004544                __extendsfdf2
                0x08004580                __floatundidf
                0x08004580                __aeabi_ul2d
                0x08004590                __floatdidf
                0x08004590                __aeabi_l2d
 .text          0x080045ec       0xa0 c:/infineon/tools/dave ide/4.5.0.202105191637/eclipse/arm-gcc-49/bin/../lib/gcc/arm-none-eabi/4.9.3/armv7e-m/softfp\libgcc.a(_arm_truncdfsf2.o)
                0x080045ec                __truncdfsf2
                0x080045ec                __aeabi_d2f
 .text.__libc_init_array
                0x0800468c       0x4c c:/infineon/tools/dave ide/4.5.0.202105191637/eclipse/arm-gcc-49/bin/../lib/gcc/arm-none-eabi/4.9.3/../../../../arm-none-eabi/lib/armv7e-m/softfp\libg_nano.a(lib_a-init.o)
                0x0800468c                __libc_init_array
 .text.memcpy   0x080046d8       0x16 c:/infineon/tools/dave ide/4.5.0.202105191637/eclipse/arm-gcc-49/bin/../lib/gcc/arm-none-eabi/4.9.3/../../../../arm-none-eabi/lib/armv7e-m/softfp\libg_nano.a(lib_a-memcpy.o)
                0x080046d8                memcpy
 .text.memset   0x080046ee       0x10 c:/infineon/tools/dave ide/4.5.0.202105191637/eclipse/arm-gcc-49/bin/../lib/gcc/arm-none-eabi/4.9.3/../../../../arm-none-eabi/lib/armv7e-m/softfp\libg_nano.a(lib_a-memset.o)
                0x080046ee                memset
 *(.init)
 *(.fini)
 *crtbegin.o(.ctors)
 *crtbegin?.o(.ctors)
 *(EXCLUDE_FILE(*crtend.o *crtend?.o) .ctors)
 *(SORT(.ctors.*))
 *(.ctors)
 *crtbegin.o(.dtors)
 *crtbegin?.o(.dtors)
 *(EXCLUDE_FILE(*crtend.o *crtend?.o) .dtors)
 *(SORT(.dtors.*))
 *(.dtors)
 *(.rodata .rodata.*)
 *fill*         0x080046fe        0x2 
 .rodata.g_xmc_vadc_group_array
                0x08004700       0x10 ./Libraries/XMCLib/src/xmc_vadc.o
 .rodata.PWM_SVM_0_PhUHighPin
                0x08004710        0x8 ./Dave/Generated/PWM_SVM/pwm_svm_conf.o
                0x08004710                PWM_SVM_0_PhUHighPin
 .rodata.PWM_SVM_0_PhULowPin
                0x08004718        0x8 ./Dave/Generated/PWM_SVM/pwm_svm_conf.o
                0x08004718                PWM_SVM_0_PhULowPin
 .rodata.PWM_SVM_0_PhVHighPin
                0x08004720        0x8 ./Dave/Generated/PWM_SVM/pwm_svm_conf.o
                0x08004720                PWM_SVM_0_PhVHighPin
 .rodata.PWM_SVM_0_PhVLowPin
                0x08004728        0x8 ./Dave/Generated/PWM_SVM/pwm_svm_conf.o
                0x08004728                PWM_SVM_0_PhVLowPin
 .rodata.PWM_SVM_0_PhWHighPin
                0x08004730        0x8 ./Dave/Generated/PWM_SVM/pwm_svm_conf.o
                0x08004730                PWM_SVM_0_PhWHighPin
 .rodata.PWM_SVM_0_PhWLowPin
                0x08004738        0x8 ./Dave/Generated/PWM_SVM/pwm_svm_conf.o
                0x08004738                PWM_SVM_0_PhWLowPin
 .rodata.PWM_SVM_0_PhUHiOutPinConf
                0x08004740        0xc ./Dave/Generated/PWM_SVM/pwm_svm_conf.o
                0x08004740                PWM_SVM_0_PhUHiOutPinConf
 .rodata.PWM_SVM_0_PhULoOutPinConf
                0x0800474c        0xc ./Dave/Generated/PWM_SVM/pwm_svm_conf.o
                0x0800474c                PWM_SVM_0_PhULoOutPinConf
 .rodata.PWM_SVM_0_PhVHiOutPinConf
                0x08004758        0xc ./Dave/Generated/PWM_SVM/pwm_svm_conf.o
                0x08004758                PWM_SVM_0_PhVHiOutPinConf
 .rodata.PWM_SVM_0_PhVLoOutPinConf
                0x08004764        0xc ./Dave/Generated/PWM_SVM/pwm_svm_conf.o
                0x08004764                PWM_SVM_0_PhVLoOutPinConf
 .rodata.PWM_SVM_0_PhWHiOutPinConf
                0x08004770        0xc ./Dave/Generated/PWM_SVM/pwm_svm_conf.o
                0x08004770                PWM_SVM_0_PhWHiOutPinConf
 .rodata.PWM_SVM_0_PhWLoOutPinConf
                0x0800477c        0xc ./Dave/Generated/PWM_SVM/pwm_svm_conf.o
                0x0800477c                PWM_SVM_0_PhWLoOutPinConf
 .rodata.PWM_SVM_0_InverterPin
                0x08004788        0x8 ./Dave/Generated/PWM_SVM/pwm_svm_conf.o
                0x08004788                PWM_SVM_0_InverterPin
 .rodata.PWM_SVM_0_InvPinConf
                0x08004790        0xc ./Dave/Generated/PWM_SVM/pwm_svm_conf.o
                0x08004790                PWM_SVM_0_InvPinConf
 .rodata.PWM_SVM_0_TrapPin
                0x0800479c        0x8 ./Dave/Generated/PWM_SVM/pwm_svm_conf.o
                0x0800479c                PWM_SVM_0_TrapPin
 .rodata.PWM_SVM_0_TrapPinConf
                0x080047a4        0xc ./Dave/Generated/PWM_SVM/pwm_svm_conf.o
                0x080047a4                PWM_SVM_0_TrapPinConf
 .rodata.PWM_SVM_0_TrapConfig
                0x080047b0        0x4 ./Dave/Generated/PWM_SVM/pwm_svm_conf.o
                0x080047b0                PWM_SVM_0_TrapConfig
 .rodata.PWM_SVM_0_PhU
                0x080047b4        0x8 ./Dave/Generated/PWM_SVM/pwm_svm_conf.o
                0x080047b4                PWM_SVM_0_PhU
 .rodata.PWM_SVM_0_PhV
                0x080047bc        0x8 ./Dave/Generated/PWM_SVM/pwm_svm_conf.o
                0x080047bc                PWM_SVM_0_PhV
 .rodata.PWM_SVM_0_PhW
                0x080047c4        0x8 ./Dave/Generated/PWM_SVM/pwm_svm_conf.o
                0x080047c4                PWM_SVM_0_PhW
 .rodata.PWM_SVM_0_CurrentTrig
                0x080047cc        0x8 ./Dave/Generated/PWM_SVM/pwm_svm_conf.o
                0x080047cc                PWM_SVM_0_CurrentTrig
 .rodata.PWM_SVM_0_StartConfig
                0x080047d4        0x4 ./Dave/Generated/PWM_SVM/pwm_svm_conf.o
                0x080047d4                PWM_SVM_0_StartConfig
 .rodata.PWM_SVM_0_TimerInitHandle
                0x080047d8       0x10 ./Dave/Generated/PWM_SVM/pwm_svm_conf.o
                0x080047d8                PWM_SVM_0_TimerInitHandle
 .rodata.PWM_SVM_0_TimerInit_CurrentTrig
                0x080047e8       0x10 ./Dave/Generated/PWM_SVM/pwm_svm_conf.o
                0x080047e8                PWM_SVM_0_TimerInit_CurrentTrig
 .rodata.PWM_SVM_0_AppConfig
                0x080047f8       0x4c ./Dave/Generated/PWM_SVM/pwm_svm_conf.o
                0x080047f8                PWM_SVM_0_AppConfig
 .rodata.Sinus60_tab
                0x08004844      0x804 ./Dave/Generated/PWM_SVM/pwm_svm_table.o
                0x08004844                Sinus60_tab
 .rodata.STATUS_DISABLE
                0x08005048       0x24 ./Dave/Generated/PIN_INTERRUPT/pin_interrupt_conf.o
                0x08005048                STATUS_DISABLE
 .rodata.CONTROL_LOOP
                0x0800506c        0x4 ./Dave/Generated/INTERRUPT/interrupt_conf.o
                0x0800506c                CONTROL_LOOP
 .rodata.ACQUISITION_LOOP
                0x08005070        0x4 ./Dave/Generated/INTERRUPT/interrupt_conf.o
                0x08005070                ACQUISITION_LOOP
 .rodata.group_init_handle0
                0x08005074       0x14 ./Dave/Generated/GLOBAL_ADC/global_adc_conf.o
                0x08005074                group_init_handle0
 .rodata.group_init_handle1
                0x08005088       0x14 ./Dave/Generated/GLOBAL_ADC/global_adc_conf.o
                0x08005088                group_init_handle1
 .rodata.group_init_handle2
                0x0800509c       0x14 ./Dave/Generated/GLOBAL_ADC/global_adc_conf.o
                0x0800509c                group_init_handle2
 .rodata.group_init_handle3
                0x080050b0       0x14 ./Dave/Generated/GLOBAL_ADC/global_adc_conf.o
                0x080050b0                group_init_handle3
 .rodata.global_config
                0x080050c4       0x18 ./Dave/Generated/GLOBAL_ADC/global_adc_conf.o
                0x080050c4                global_config
 .rodata.sinTable_f32
                0x080050dc      0x804 ./Dave/Generated/CMSIS_DSP/Source/CommonTables/arm_common_tables.o
                0x080050dc                sinTable_f32
 .rodata        0x080058e0       0x14 ./Dave/Generated/CLOCK_XMC4/clock_xmc4_conf.o
 .rodata.ADC_QUEUE_0_reqsrc_config_0
                0x080058f4       0x10 ./Dave/Generated/ADC_QUEUE/adc_queue_conf.o
                0x080058f4                ADC_QUEUE_0_reqsrc_config_0
 .rodata.ADC_QUEUE_0_init_config_0
                0x08005904        0xc ./Dave/Generated/ADC_QUEUE/adc_queue_conf.o
                0x08005904                ADC_QUEUE_0_init_config_0
 .rodata.group_ptrs
                0x08005910       0x10 ./Dave/Generated/ADC_MEASUREMENT_ADV/adc_measurement_adv.o
                0x08005910                group_ptrs
 .rodata.ADC_CURRENT_A_ch_config
                0x08005920        0xc ./Dave/Generated/ADC_MEASUREMENT_ADV/adc_measurement_adv_conf.o
 .rodata.ADC_CURRENT_A_res_config
                0x0800592c        0x4 ./Dave/Generated/ADC_MEASUREMENT_ADV/adc_measurement_adv_conf.o
 .rodata.ADC_CURRENT_A_handle
                0x08005930        0xc ./Dave/Generated/ADC_MEASUREMENT_ADV/adc_measurement_adv_conf.o
                0x08005930                ADC_CURRENT_A_handle
 .rodata.ADC_CURRENT_B_ch_config
                0x0800593c        0xc ./Dave/Generated/ADC_MEASUREMENT_ADV/adc_measurement_adv_conf.o
 .rodata.ADC_CURRENT_B_res_config
                0x08005948        0x4 ./Dave/Generated/ADC_MEASUREMENT_ADV/adc_measurement_adv_conf.o
 .rodata.ADC_CURRENT_B_handle
                0x0800594c        0xc ./Dave/Generated/ADC_MEASUREMENT_ADV/adc_measurement_adv_conf.o
                0x0800594c                ADC_CURRENT_B_handle
 .rodata.ADC_CURRENT_C_ch_config
                0x08005958        0xc ./Dave/Generated/ADC_MEASUREMENT_ADV/adc_measurement_adv_conf.o
 .rodata.ADC_CURRENT_C_res_config
                0x08005964        0x4 ./Dave/Generated/ADC_MEASUREMENT_ADV/adc_measurement_adv_conf.o
 .rodata.ADC_CURRENT_C_handle
                0x08005968        0xc ./Dave/Generated/ADC_MEASUREMENT_ADV/adc_measurement_adv_conf.o
                0x08005968                ADC_CURRENT_C_handle
 .rodata.ADC_V_DC_ch_config
                0x08005974        0xc ./Dave/Generated/ADC_MEASUREMENT_ADV/adc_measurement_adv_conf.o
 .rodata.ADC_V_DC_res_config
                0x08005980        0x4 ./Dave/Generated/ADC_MEASUREMENT_ADV/adc_measurement_adv_conf.o
 .rodata.ADC_V_DC_handle
                0x08005984        0xc ./Dave/Generated/ADC_MEASUREMENT_ADV/adc_measurement_adv_conf.o
                0x08005984                ADC_V_DC_handle
 .rodata.ADC_RPM_COS_ch_config
                0x08005990        0xc ./Dave/Generated/ADC_MEASUREMENT_ADV/adc_measurement_adv_conf.o
 .rodata.ADC_RPM_COS_res_config
                0x0800599c        0x4 ./Dave/Generated/ADC_MEASUREMENT_ADV/adc_measurement_adv_conf.o
 .rodata.ADC_RPM_COS_handle
                0x080059a0        0xc ./Dave/Generated/ADC_MEASUREMENT_ADV/adc_measurement_adv_conf.o
                0x080059a0                ADC_RPM_COS_handle
 .rodata.ADC_RPM_SIN_ch_config
                0x080059ac        0xc ./Dave/Generated/ADC_MEASUREMENT_ADV/adc_measurement_adv_conf.o
 .rodata.ADC_RPM_SIN_res_config
                0x080059b8        0x4 ./Dave/Generated/ADC_MEASUREMENT_ADV/adc_measurement_adv_conf.o
 .rodata.ADC_RPM_SIN_handle
                0x080059bc        0xc ./Dave/Generated/ADC_MEASUREMENT_ADV/adc_measurement_adv_conf.o
                0x080059bc                ADC_RPM_SIN_handle
 .rodata.ADC_TEMP_SENS_MOT_ch_config
                0x080059c8        0xc ./Dave/Generated/ADC_MEASUREMENT_ADV/adc_measurement_adv_conf.o
 .rodata.ADC_TEMP_SENS_MOT_res_config
                0x080059d4        0x4 ./Dave/Generated/ADC_MEASUREMENT_ADV/adc_measurement_adv_conf.o
 .rodata.ADC_TEMP_SENS_MOT_handle
                0x080059d8        0xc ./Dave/Generated/ADC_MEASUREMENT_ADV/adc_measurement_adv_conf.o
                0x080059d8                ADC_TEMP_SENS_MOT_handle
 .rodata.ADC_TEMP_SENS_IGBT_ch_config
                0x080059e4        0xc ./Dave/Generated/ADC_MEASUREMENT_ADV/adc_measurement_adv_conf.o
 .rodata.ADC_TEMP_SENS_IGBT_res_config
                0x080059f0        0x4 ./Dave/Generated/ADC_MEASUREMENT_ADV/adc_measurement_adv_conf.o
 .rodata.ADC_TEMP_SENS_IGBT_handle
                0x080059f4        0xc ./Dave/Generated/ADC_MEASUREMENT_ADV/adc_measurement_adv_conf.o
                0x080059f4                ADC_TEMP_SENS_IGBT_handle
 .rodata.ADC_CURRENT_A_queue_entry_0
                0x08005a00        0xc ./Dave/Generated/ADC_MEASUREMENT_ADV/adc_measurement_adv_conf.o
 .rodata.ADC_CURRENT_B_queue_entry_1
                0x08005a0c        0xc ./Dave/Generated/ADC_MEASUREMENT_ADV/adc_measurement_adv_conf.o
 .rodata.ADC_CURRENT_C_queue_entry_2
                0x08005a18        0xc ./Dave/Generated/ADC_MEASUREMENT_ADV/adc_measurement_adv_conf.o
 .rodata.ADC_V_DC_queue_entry_3
                0x08005a24        0xc ./Dave/Generated/ADC_MEASUREMENT_ADV/adc_measurement_adv_conf.o
 .rodata.ADC_RPM_COS_queue_entry_4
                0x08005a30        0xc ./Dave/Generated/ADC_MEASUREMENT_ADV/adc_measurement_adv_conf.o
 .rodata.ADC_RPM_SIN_queue_entry_5
                0x08005a3c        0xc ./Dave/Generated/ADC_MEASUREMENT_ADV/adc_measurement_adv_conf.o
 .rodata.ADC_TEMP_SENS_MOT_queue_entry_6
                0x08005a48        0xc ./Dave/Generated/ADC_MEASUREMENT_ADV/adc_measurement_adv_conf.o
 .rodata.ADC_TEMP_SENS_IGBT_queue_entry_7
                0x08005a54        0xc ./Dave/Generated/ADC_MEASUREMENT_ADV/adc_measurement_adv_conf.o
 .rodata.ADC    0x08005a60       0x1c ./Dave/Generated/ADC_MEASUREMENT_ADV/adc_measurement_adv_conf.o
                0x08005a60                ADC
 .rodata.FIR_CURRENT_pCoeffs
                0x08005a7c      0x16c ./main.o
                0x08005a7c                FIR_CURRENT_pCoeffs
 *(.gnu.linkonce.r*)
 *(vtable)
                0x08005be8                . = ALIGN (0x4)

.glue_7         0x08005be8        0x0 load address 0x0c005be8
 .glue_7        0x00000000        0x0 linker stubs

.glue_7t        0x08005be8        0x0 load address 0x0c005be8
 .glue_7t       0x00000000        0x0 linker stubs

.vfp11_veneer   0x08005be8        0x0 load address 0x0c005be8
 .vfp11_veneer  0x00000000        0x0 linker stubs

.v4_bx          0x08005be8        0x0 load address 0x0c005be8
 .v4_bx         0x00000000        0x0 linker stubs

.iplt           0x08005be8        0x0 load address 0x0c005be8
 .iplt          0x00000000        0x0 ./Startup/startup_XMC4500.o

.eh_frame_hdr
 *(.eh_frame_hdr)

.eh_frame
 *(.eh_frame)

.ARM.extab
 *(.ARM.extab* .gnu.linkonce.armextab.*)
                0x08005be8                . = ALIGN (0x4)
                0x08005be8                __exidx_start = .

.ARM.exidx
 *(.ARM.exidx* .gnu.linkonce.armexidx.*)
                0x08005be8                __exidx_end = .
                0x08005be8                . = ALIGN (0x4)

Stack           0x10000000      0x800
                0x10000000                __stack_start = .
                0x10000800                . = (. + stack_size)
 *fill*         0x10000000      0x800 
                0x10000800                __stack_end = .
                0x10000800                __initial_sp = .

.ram_code       0x10000800      0x448 load address 0x0c005be8
                0x10000800                . = ALIGN (0x4)
                0x10000800                __ram_code_start = .
 *(.ram_code)
 .ram_code      0x10000800      0x448 ./Dave/Generated/PWM_SVM/pwm_svm.o
                0x10000960                PWM_SVM_CalCmpValueSym7
                0x100009f8                PWM_SVM_CalCmpValueSym5
                0x10000a78                PWM_SVM_TimecalcUsingLUT
                0x10000c00                PWM_SVM_SVMUpdate
                0x10000c48                . = ALIGN (0x4)
                0x10000c48                __ram_code_end = .
                0x0c005be8                __ram_code_load = LOADADDR (.ram_code)
                0x00000448                __ram_code_size = (__ram_code_end - __ram_code_start)

.rel.dyn        0x10000c48        0x0 load address 0x0c006030
 .rel.iplt      0x00000000        0x0 ./Startup/startup_XMC4500.o

PSRAM_DATA      0x10000c48        0x0 load address 0x0c006030
                0x10000c48                . = ALIGN (0x4)
                0x10000c48                __data3_start = .
 *(PSRAM_DATA)
                0x10000c48                . = ALIGN (0x4)
                0x10000c48                __data3_end = .
                0x0c006030                __data3_load = LOADADDR (PSRAM_DATA)
                0x00000000                __data3_size = (__data3_end - __data3_start)

PSRAM_BSS       0x10000c48        0x0 load address 0x0c006030
                0x10000c48                . = ALIGN (0x4)
                0x10000c48                __bss3_start = .
 *(PSRAM_BSS)
                0x10000c48                . = ALIGN (0x4)
                0x10000c48                __bss3_end = .
                0x10000c48                . = ALIGN (0x8)
                0x10000c48                Heap_Bank3_Start = .
                0x00000000                __bss3_size = (__bss3_end - __bss3_start)

.data           0x20000000      0x204 load address 0x0c006030
                0x20000000                . = ALIGN (0x4)
                0x20000000                __data_start = .
 *(.data)
 *(.data*)
 .data.TIMER_ACQUISITION_LOOP
                0x20000000       0x28 ./Dave/Generated/TIMER/timer_conf.o
                0x20000000                TIMER_ACQUISITION_LOOP
 .data.TIMER_CONTROL_LOOP
                0x20000028       0x28 ./Dave/Generated/TIMER/timer_conf.o
                0x20000028                TIMER_CONTROL_LOOP
 .data.PWM_SVM_0_DeadTimeConfig
                0x20000050        0xc ./Dave/Generated/PWM_SVM/pwm_svm_conf.o
                0x20000050                PWM_SVM_0_DeadTimeConfig
 .data.PWM_SVM_0
                0x2000005c       0xcc ./Dave/Generated/PWM_SVM/pwm_svm_conf.o
                0x2000005c                PWM_SVM_0
 .data.GLOBAL_CCU8_0
                0x20000128       0x10 ./Dave/Generated/GLOBAL_CCU8/global_ccu8_conf.o
                0x20000128                GLOBAL_CCU8_0
 .data.GLOBAL_CCU4_0
                0x20000138       0x10 ./Dave/Generated/GLOBAL_CCU4/global_ccu4_conf.o
                0x20000138                GLOBAL_CCU4_0
 .data.group_0_config
                0x20000148        0xc ./Dave/Generated/GLOBAL_ADC/global_adc_conf.o
                0x20000148                group_0_config
 .data.group_1_config
                0x20000154        0xc ./Dave/Generated/GLOBAL_ADC/global_adc_conf.o
                0x20000154                group_1_config
 .data.group_2_config
                0x20000160        0xc ./Dave/Generated/GLOBAL_ADC/global_adc_conf.o
                0x20000160                group_2_config
 .data.group_3_config
                0x2000016c        0xc ./Dave/Generated/GLOBAL_ADC/global_adc_conf.o
                0x2000016c                group_3_config
 .data.GLOBAL_ADC_0
                0x20000178       0x1c ./Dave/Generated/GLOBAL_ADC/global_adc_conf.o
                0x20000178                GLOBAL_ADC_0
 .data.ADC_QUEUE_0
                0x20000194       0x20 ./Dave/Generated/ADC_QUEUE/adc_queue_conf.o
                0x20000194                ADC_QUEUE_0
 .data.ADC_queue_entries
                0x200001b4       0x20 ./Dave/Generated/ADC_MEASUREMENT_ADV/adc_measurement_adv_conf.o
 .data.ADC_channel_array
                0x200001d4       0x20 ./Dave/Generated/ADC_MEASUREMENT_ADV/adc_measurement_adv_conf.o
 .data.ADC_initialization_status
                0x200001f4        0x1 ./Dave/Generated/ADC_MEASUREMENT_ADV/adc_measurement_adv_conf.o
 *fill*         0x200001f5        0x1 
 .data.ProbeScopeDbg_MaxSamples
                0x200001f6        0x2 ./probe_scope.o
 .data.ProbeScopeDbg_MaxCh
                0x200001f8        0x1 ./probe_scope.o
 *fill*         0x200001f9        0x3 
 .data.ProbeScopeDbg_16BitEn
                0x200001fc        0x4 ./probe_scope.o
 .data.ProbeScopeDbg_32BitEn
                0x20000200        0x4 ./probe_scope.o
 *(*.data)
 *(.gnu.linkonce.d*)
                0x20000204                . = ALIGN (0x4)
                0x20000204                PROVIDE (__preinit_array_start, .)
 *(.preinit_array)
                0x20000204                PROVIDE (__preinit_array_end, .)
                0x20000204                . = ALIGN (0x4)
                0x20000204                PROVIDE (__init_array_start, .)
 *(SORT(.init_array.*))
 *(.init_array)
                0x20000204                PROVIDE (__init_array_end, .)
                0x20000204                . = ALIGN (0x4)
                0x20000204                PROVIDE (__fini_array_start, .)
 *(SORT(.fini_array.*))
 *(.fini_array)
                0x20000204                PROVIDE (__fini_array_end, .)
                0x20000204                . = ALIGN (0x4)
                0x20000204                __data_end = .
                0x0c006030                __data_load = LOADADDR (.data)
                0x00000204                __data_size = (__data_end - __data_start)

.igot.plt       0x20000204        0x0 load address 0x0c006234
 .igot.plt      0x00000000        0x0 ./Startup/startup_XMC4500.o

.bss            0x20000204     0x8b64 load address 0x0c006234
                0x20000204                . = ALIGN (0x4)
                0x20000204                __bss_start = .
 *(.bss)
 *(.bss*)
 .bss.TIMER_ACQUISITION_LOOP_config
                0x20000204        0x8 ./Dave/Generated/TIMER/timer_conf.o
                0x20000204                TIMER_ACQUISITION_LOOP_config
 .bss.TIMER_CONTROL_LOOP_config
                0x2000020c        0x8 ./Dave/Generated/TIMER/timer_conf.o
                0x2000020c                TIMER_CONTROL_LOOP_config
 .bss.CLOCK_XMC4_0
                0x20000214        0x4 ./Dave/Generated/CLOCK_XMC4/clock_xmc4_conf.o
                0x20000214                CLOCK_XMC4_0
 .bss.adc_queue_callback_list
                0x20000218       0x80 ./Dave/Generated/ADC_QUEUE/adc_queue.o
 .bss.time      0x20000298        0x4 ./main.o
                0x20000298                time
 .bss.ControlCycleCounter
                0x2000029c        0x4 ./main.o
                0x2000029c                ControlCycleCounter
 .bss.ProbeScope_Ch1
                0x200002a0      0xfb8 ./probe_scope.o
 .bss.ProbeScope_Ch2
                0x20001258      0xfb8 ./probe_scope.o
 .bss.ProbeScope_Ch3
                0x20002210      0xfb8 ./probe_scope.o
 .bss.ProbeScope_Ch4
                0x200031c8      0xfb8 ./probe_scope.o
 .bss.ProbeScope_Ch5
                0x20004180      0xfb8 ./probe_scope.o
 .bss.ProbeScope_Ch6
                0x20005138      0xfb8 ./probe_scope.o
 .bss.ProbeScope_Ch7
                0x200060f0      0xfb8 ./probe_scope.o
 .bss.ProbeScope_Ch8
                0x200070a8      0xfb8 ./probe_scope.o
 .bss.ProbeScope_Mode
                0x20008060        0x1 ./probe_scope.o
 .bss.ProbeScope_TrigChSel
                0x20008061        0x1 ./probe_scope.o
 *fill*         0x20008062        0x2 
 .bss.ProbeScope_TrigHoldOffCtr
                0x20008064        0x4 ./probe_scope.o
 .bss.ProbeScope_TrigSlope
                0x20008068        0x4 ./probe_scope.o
 .bss.ProbeScope_SampleIxPrev
                0x2000806c        0x4 ./probe_scope.o
 .bss.ProbeScope_SampleIxCur
                0x20008070        0x4 ./probe_scope.o
 .bss.ProbeScope_SamplesPreTrigCtr
                0x20008074        0x4 ./probe_scope.o
 .bss.ProbeScope_SamplesPostTrigCtr
                0x20008078        0x4 ./probe_scope.o
 .bss.ProbeScope_SamplingClkDiv
                0x2000807c        0x2 ./probe_scope.o
 .bss.ProbeScope_SamplingClkDivCtr
                0x2000807e        0x2 ./probe_scope.o
 .bss.ProbeScope_State
                0x20008080        0x1 ./probe_scope.o
 *fill*         0x20008081        0x3 
 .bss.temp.4203
                0x20008084        0x4 ./probe_scope.o
 *(COMMON)
 COMMON         0x20008088       0x20 ./Dave/Generated/ADC_QUEUE/adc_queue.o
                0x20008088                adc_queue_list_ptrs
 COMMON         0x200080a8       0xc0 ./Dave/Generated/ADC_QUEUE/adc_queue_conf.o
                0x200080a8                adc_queue_list_ch_index_0
                0x20008108                adc_queue_list_pos_index_0
 COMMON         0x20008168      0xbe4 ./main.o
                0x20008168                FIR_RPM_SIN
                0x20008174                SIN_RPM
                0x20008178                FIR_CURRENT_B_pState
                0x20008358                Ia
                0x2000835c                FIR_V_DC_pState
                0x200084f8                FIR_CURRENT_A_pState
                0x200086d8                filt
                0x200086dc                RPM_REF
                0x200086e0                V_DC
                0x200086e4                aux
                0x200086e8                FIR_V_DC
                0x200086f4                COS_RPM
                0x200086f8                unfilt
                0x20008770                FIR_RPM_SIN_pState
                0x20008904                FIR_RPM_COS_pState
                0x20008a98                Ib
                0x20008a9c                Temp_Mot
                0x20008aa0                UN_FILT_VALS
                0x20008ac0                Theta
                0x20008ac4                Val
                0x20008ac8                Ic
                0x20008acc                Vbet
                0x20008ad0                FIR_CURRENT_A
                0x20008adc                FIR_CURRENT_C
                0x20008ae8                Temp_IGBT
                0x20008aec                FIR_CURRENT_B
                0x20008af8                VAL_RPM
                0x20008afc                FIR_CURRENT_C_pState
                0x20008cdc                FIR_RPM_COS
                0x20008ce8                Controller
                0x20008d2c                FILT_VALS
 COMMON         0x20008d4c       0x1c ./probe_scope.o
                0x20008d4c                ProbeScope_TrigFlag
                0x20008d50                ProbeScope_SamplingClkHz
                0x20008d54                ProbeScope_TrigIx
                0x20008d58                ProbeScope_TrigDispPos
                0x20008d5c                ProbeScope_TrigHoldOff
                0x20008d60                ProbeScope_InitFlag
                0x20008d64                ProbeScope_DataRdyFlag
 *(.gnu.linkonce.b*)
                0x20008d68                . = ALIGN (0x4)
                0x20008d68                __bss_end = .
                0x20008d68                . = ALIGN (0x8)
                0x20008d68                Heap_Bank1_Start = .
                0x00008b64                __bss_size = (__bss_end - __bss_start)

.no_init        0x2000ffc0       0x14
                0x2000ffc0                Heap_Bank1_End = .
 *(.no_init)
 .no_init       0x2000ffc0       0x14 ./Startup/system_XMC4500.o
                0x2000ffc0                SystemCoreClock
                0x2000ffc4                g_chipid

DSRAM2_DATA     0x30000000        0x0 load address 0x0c006234
                0x30000000                . = ALIGN (0x4)
                0x30000000                __data2_start = .
 *(DSRAM2_DATA)
                0x30000000                . = ALIGN (0x4)
                0x30000000                __data2_end = .
                0x0c006234                __data2_load = LOADADDR (DSRAM2_DATA)
                0x00000000                __data2_size = (__data2_end - __data2_start)
                0x00006234                __text_size = (((((__exidx_end - sText) + __data_size) + __ram_code_size) + __data2_size) + __data3_size)
                0x08006234                eText = (sText + __text_size)

DSRAM2_BSS      0x30000000        0x0 load address 0x0c006234
                0x30000000                . = ALIGN (0x4)
                0x30000000                __bss2_start = .
 *(ETH_RAM)
 *(USB_RAM)
 *(DSRAM2_BSS)
                0x30000000                . = ALIGN (0x4)
                0x30000000                __bss2_end = .
                0x30000000                . = ALIGN (0x8)
                0x30000000                Heap_Bank2_Start = .
                0x00000000                __bss2_size = (__bss2_end - __bss2_start)
                0x00007258                Heap_Bank1_Size = (Heap_Bank1_End - Heap_Bank1_Start)
                0x00008000                Heap_Bank2_Size = (0x8000 - (Heap_Bank2_Start - ORIGIN (DSRAM_2_comm)))
                0x0000f3b8                Heap_Bank3_Size = (0x10000 - (Heap_Bank3_Start - ORIGIN (PSRAM_1)))
                0x00000001                ASSERT ((Heap_Bank1_Start <= Heap_Bank1_End), region SRAM_combined overflowed no_init section)

/DISCARD/
 *(.comment)

.stab
 *(.stab)

.stabstr
 *(.stabstr)

.debug
 *(.debug)

.line
 *(.line)

.debug_srcinfo
 *(.debug_srcinfo)

.debug_sfnames
 *(.debug_sfnames)

.debug_aranges  0x00000000     0x1258
 *(.debug_aranges)
 .debug_aranges
                0x00000000       0x20 ./Startup/startup_XMC4500.o
 .debug_aranges
                0x00000020       0x48 ./Startup/system_XMC4500.o
 .debug_aranges
                0x00000068       0x28 ./Libraries/XMCLib/src/xmc4_eru.o
 .debug_aranges
                0x00000090       0x28 ./Libraries/XMCLib/src/xmc4_gpio.o
 .debug_aranges
                0x000000b8      0x3c8 ./Libraries/XMCLib/src/xmc4_scu.o
 .debug_aranges
                0x00000480      0x128 ./Libraries/XMCLib/src/xmc_ccu4.o
 .debug_aranges
                0x000005a8      0x180 ./Libraries/XMCLib/src/xmc_ccu8.o
 .debug_aranges
                0x00000728       0x88 ./Libraries/XMCLib/src/xmc_eru.o
 .debug_aranges
                0x000007b0       0x28 ./Libraries/XMCLib/src/xmc_gpio.o
 .debug_aranges
                0x000007d8      0x278 ./Libraries/XMCLib/src/xmc_vadc.o
 .debug_aranges
                0x00000a50       0x28 ./Libraries/Newlib/syscalls.o
 .debug_aranges
                0x00000a78       0xd8 ./Dave/Generated/TIMER/timer.o
 .debug_aranges
                0x00000b50       0x18 ./Dave/Generated/TIMER/timer_conf.o
 .debug_aranges
                0x00000b68      0x180 ./Dave/Generated/PWM_SVM/pwm_svm.o
 .debug_aranges
                0x00000ce8       0x18 ./Dave/Generated/PWM_SVM/pwm_svm_conf.o
 .debug_aranges
                0x00000d00       0x18 ./Dave/Generated/PWM_SVM/pwm_svm_table.o
 .debug_aranges
                0x00000d18       0x60 ./Dave/Generated/PIN_INTERRUPT/pin_interrupt.o
 .debug_aranges
                0x00000d78       0x18 ./Dave/Generated/PIN_INTERRUPT/pin_interrupt_conf.o
 .debug_aranges
                0x00000d90       0x50 ./Dave/Generated/INTERRUPT/interrupt.o
 .debug_aranges
                0x00000de0       0x18 ./Dave/Generated/INTERRUPT/interrupt_conf.o
 .debug_aranges
                0x00000df8       0x30 ./Dave/Generated/GLOBAL_CCU8/global_ccu8.o