Archive member included because of file (symbol)

c:/infineon/tools/dave ide/4.5.0.202105191637/eclipse/arm-gcc-49/bin/../lib/gcc/arm-none-eabi/4.9.3/../../../../arm-none-eabi/lib/armv7e-m/softfp\libm.a(lib_a-s_cos.o)
                              ./FOC.o (cos)
c:/infineon/tools/dave ide/4.5.0.202105191637/eclipse/arm-gcc-49/bin/../lib/gcc/arm-none-eabi/4.9.3/../../../../arm-none-eabi/lib/armv7e-m/softfp\libm.a(lib_a-s_sin.o)
                              ./FOC.o (sin)
c:/infineon/tools/dave ide/4.5.0.202105191637/eclipse/arm-gcc-49/bin/../lib/gcc/arm-none-eabi/4.9.3/../../../../arm-none-eabi/lib/armv7e-m/softfp\libm.a(lib_a-w_atan2.o)
                              ./FOC.o (atan2)
c:/infineon/tools/dave ide/4.5.0.202105191637/eclipse/arm-gcc-49/bin/../lib/gcc/arm-none-eabi/4.9.3/../../../../arm-none-eabi/lib/armv7e-m/softfp\libm.a(lib_a-w_sqrt.o)
                              ./FOC.o (sqrt)
c:/infineon/tools/dave ide/4.5.0.202105191637/eclipse/arm-gcc-49/bin/../lib/gcc/arm-none-eabi/4.9.3/../../../../arm-none-eabi/lib/armv7e-m/softfp\libm.a(lib_a-e_atan2.o)
                              c:/infineon/tools/dave ide/4.5.0.202105191637/eclipse/arm-gcc-49/bin/../lib/gcc/arm-none-eabi/4.9.3/../../../../arm-none-eabi/lib/armv7e-m/softfp\libm.a(lib_a-w_atan2.o) (__ieee754_atan2)
c:/infineon/tools/dave ide/4.5.0.202105191637/eclipse/arm-gcc-49/bin/../lib/gcc/arm-none-eabi/4.9.3/../../../../arm-none-eabi/lib/armv7e-m/softfp\libm.a(lib_a-e_rem_pio2.o)
                              c:/infineon/tools/dave ide/4.5.0.202105191637/eclipse/arm-gcc-49/bin/../lib/gcc/arm-none-eabi/4.9.3/../../../../arm-none-eabi/lib/armv7e-m/softfp\libm.a(lib_a-s_cos.o) (__ieee754_rem_pio2)
c:/infineon/tools/dave ide/4.5.0.202105191637/eclipse/arm-gcc-49/bin/../lib/gcc/arm-none-eabi/4.9.3/../../../../arm-none-eabi/lib/armv7e-m/softfp\libm.a(lib_a-e_sqrt.o)
                              c:/infineon/tools/dave ide/4.5.0.202105191637/eclipse/arm-gcc-49/bin/../lib/gcc/arm-none-eabi/4.9.3/../../../../arm-none-eabi/lib/armv7e-m/softfp\libm.a(lib_a-w_sqrt.o) (__ieee754_sqrt)
c:/infineon/tools/dave ide/4.5.0.202105191637/eclipse/arm-gcc-49/bin/../lib/gcc/arm-none-eabi/4.9.3/../../../../arm-none-eabi/lib/armv7e-m/softfp\libm.a(lib_a-k_cos.o)
                              c:/infineon/tools/dave ide/4.5.0.202105191637/eclipse/arm-gcc-49/bin/../lib/gcc/arm-none-eabi/4.9.3/../../../../arm-none-eabi/lib/armv7e-m/softfp\libm.a(lib_a-s_cos.o) (__kernel_cos)
c:/infineon/tools/dave ide/4.5.0.202105191637/eclipse/arm-gcc-49/bin/../lib/gcc/arm-none-eabi/4.9.3/../../../../arm-none-eabi/lib/armv7e-m/softfp\libm.a(lib_a-k_rem_pio2.o)
                              c:/infineon/tools/dave ide/4.5.0.202105191637/eclipse/arm-gcc-49/bin/../lib/gcc/arm-none-eabi/4.9.3/../../../../arm-none-eabi/lib/armv7e-m/softfp\libm.a(lib_a-e_rem_pio2.o) (__kernel_rem_pio2)
c:/infineon/tools/dave ide/4.5.0.202105191637/eclipse/arm-gcc-49/bin/../lib/gcc/arm-none-eabi/4.9.3/../../../../arm-none-eabi/lib/armv7e-m/softfp\libm.a(lib_a-k_sin.o)
                              c:/infineon/tools/dave ide/4.5.0.202105191637/eclipse/arm-gcc-49/bin/../lib/gcc/arm-none-eabi/4.9.3/../../../../arm-none-eabi/lib/armv7e-m/softfp\libm.a(lib_a-s_cos.o) (__kernel_sin)
c:/infineon/tools/dave ide/4.5.0.202105191637/eclipse/arm-gcc-49/bin/../lib/gcc/arm-none-eabi/4.9.3/../../../../arm-none-eabi/lib/armv7e-m/softfp\libm.a(lib_a-s_atan.o)
                              c:/infineon/tools/dave ide/4.5.0.202105191637/eclipse/arm-gcc-49/bin/../lib/gcc/arm-none-eabi/4.9.3/../../../../arm-none-eabi/lib/armv7e-m/softfp\libm.a(lib_a-e_atan2.o) (atan)
c:/infineon/tools/dave ide/4.5.0.202105191637/eclipse/arm-gcc-49/bin/../lib/gcc/arm-none-eabi/4.9.3/../../../../arm-none-eabi/lib/armv7e-m/softfp\libm.a(lib_a-s_fabs.o)
                              c:/infineon/tools/dave ide/4.5.0.202105191637/eclipse/arm-gcc-49/bin/../lib/gcc/arm-none-eabi/4.9.3/../../../../arm-none-eabi/lib/armv7e-m/softfp\libm.a(lib_a-e_atan2.o) (fabs)
c:/infineon/tools/dave ide/4.5.0.202105191637/eclipse/arm-gcc-49/bin/../lib/gcc/arm-none-eabi/4.9.3/../../../../arm-none-eabi/lib/armv7e-m/softfp\libm.a(lib_a-s_floor.o)
                              c:/infineon/tools/dave ide/4.5.0.202105191637/eclipse/arm-gcc-49/bin/../lib/gcc/arm-none-eabi/4.9.3/../../../../arm-none-eabi/lib/armv7e-m/softfp\libm.a(lib_a-k_rem_pio2.o) (floor)
c:/infineon/tools/dave ide/4.5.0.202105191637/eclipse/arm-gcc-49/bin/../lib/gcc/arm-none-eabi/4.9.3/../../../../arm-none-eabi/lib/armv7e-m/softfp\libm.a(lib_a-s_fpclassify.o)
                              c:/infineon/tools/dave ide/4.5.0.202105191637/eclipse/arm-gcc-49/bin/../lib/gcc/arm-none-eabi/4.9.3/../../../../arm-none-eabi/lib/armv7e-m/softfp\libm.a(lib_a-w_sqrt.o) (__fpclassifyd)
c:/infineon/tools/dave ide/4.5.0.202105191637/eclipse/arm-gcc-49/bin/../lib/gcc/arm-none-eabi/4.9.3/../../../../arm-none-eabi/lib/armv7e-m/softfp\libm.a(lib_a-s_lib_ver.o)
[...]
Memory Configuration

Name             Origin             Length             Attributes
FLASH_1_cached   0x08000000         0x00100000         xr
FLASH_1_uncached 0x0c000000         0x00100000         xr
PSRAM_1          0x10000000         0x00010000         !xr
DSRAM_1_system   0x20000000         0x00010000         !xr
DSRAM_2_comm     0x30000000         0x00008000         !xr
*default*        0x00000000         0xffffffff

Linker script and memory map

LOAD ./Startup/startup_XMC4500.o
LOAD ./Startup/system_XMC4500.o
LOAD ./Libraries/XMCLib/src/xmc4_eru.o
LOAD ./Libraries/XMCLib/src/xmc4_flash.o
LOAD ./Libraries/XMCLib/src/xmc4_gpio.o
LOAD ./Libraries/XMCLib/src/xmc4_rtc.o
LOAD ./Libraries/XMCLib/src/xmc4_scu.o
LOAD ./Libraries/XMCLib/src/xmc_can.o
LOAD ./Libraries/XMCLib/src/xmc_ccu4.o
LOAD ./Libraries/XMCLib/src/xmc_ccu8.o
LOAD ./Libraries/XMCLib/src/xmc_common.o
LOAD ./Libraries/XMCLib/src/xmc_dac.o
LOAD ./Libraries/XMCLib/src/xmc_dma.o
LOAD ./Libraries/XMCLib/src/xmc_dsd.o
LOAD ./Libraries/XMCLib/src/xmc_ebu.o
LOAD ./Libraries/XMCLib/src/xmc_ecat.o
LOAD ./Libraries/XMCLib/src/xmc_eru.o
LOAD ./Libraries/XMCLib/src/xmc_eth_mac.o
LOAD ./Libraries/XMCLib/src/xmc_eth_phy_dp83848.o
LOAD ./Libraries/XMCLib/src/xmc_eth_phy_ksz8031rnl.o
LOAD ./Libraries/XMCLib/src/xmc_eth_phy_ksz8081rnb.o
LOAD ./Libraries/XMCLib/src/xmc_fce.o
LOAD ./Libraries/XMCLib/src/xmc_gpio.o
LOAD ./Libraries/XMCLib/src/xmc_hrpwm.o
LOAD ./Libraries/XMCLib/src/xmc_i2c.o
LOAD ./Libraries/XMCLib/src/xmc_i2s.o
LOAD ./Libraries/XMCLib/src/xmc_ledts.o
LOAD ./Libraries/XMCLib/src/xmc_posif.o
LOAD ./Libraries/XMCLib/src/xmc_rtc.o
LOAD ./Libraries/XMCLib/src/xmc_sdmmc.o
LOAD ./Libraries/XMCLib/src/xmc_spi.o
LOAD ./Libraries/XMCLib/src/xmc_uart.o
LOAD ./Libraries/XMCLib/src/xmc_usbd.o
LOAD ./Libraries/XMCLib/src/xmc_usbh.o
LOAD ./Libraries/XMCLib/src/xmc_usic.o
LOAD ./Libraries/XMCLib/src/xmc_vadc.o
LOAD ./Libraries/XMCLib/src/xmc_wdt.o
LOAD ./Libraries/Newlib/syscalls.o
LOAD ./Dave/Generated/PWM_SVM/pwm_svm.o
LOAD ./Dave/Generated/PWM_SVM/pwm_svm_conf.o
LOAD ./Dave/Generated/PWM_SVM/pwm_svm_table.o
LOAD ./Dave/Generated/PWM/pwm.o
LOAD ./Dave/Generated/PWM/pwm_conf.o
LOAD ./Dave/Generated/INTERRUPT/interrupt.o
LOAD ./Dave/Generated/INTERRUPT/interrupt_conf.o
LOAD ./Dave/Generated/GLOBAL_CCU8/global_ccu8.o
LOAD ./Dave/Generated/GLOBAL_CCU8/global_ccu8_conf.o
LOAD ./Dave/Generated/GLOBAL_CCU4/global_ccu4.o
LOAD ./Dave/Generated/GLOBAL_CCU4/global_ccu4_conf.o
LOAD ./Dave/Generated/GLOBAL_ADC/global_adc.o
LOAD ./Dave/Generated/GLOBAL_ADC/global_adc_conf.o
LOAD ./Dave/Generated/CPU_CTRL_XMC4/cpu_ctrl_xmc4.o
LOAD ./Dave/Generated/CPU_CTRL_XMC4/cpu_ctrl_xmc4_conf.o
LOAD ./Dave/Generated/CLOCK_XMC4/clock_xmc4.o
LOAD ./Dave/Generated/CLOCK_XMC4/clock_xmc4_conf.o
LOAD ./Dave/Generated/ADC_MEASUREMENT/adc_measurement.o
LOAD ./Dave/Generated/ADC_MEASUREMENT/adc_measurement_conf.o
LOAD ./Dave/Generated/DAVE.o
LOAD ./FOC.o
LOAD ./main.o
LOAD ./probe_scope.o
LOAD c:/infineon/tools/dave ide/4.5.0.202105191637/eclipse/arm-gcc-49/bin/../lib/gcc/arm-none-eabi/4.9.3/../../../../arm-none-eabi/lib/armv7e-m/softfp\libm.a
START GROUP
LOAD c:/infineon/tools/dave ide/4.5.0.202105191637/eclipse/arm-gcc-49/bin/../lib/gcc/arm-none-eabi/4.9.3/armv7e-m/softfp\libgcc.a
LOAD c:/infineon/tools/dave ide/4.5.0.202105191637/eclipse/arm-gcc-49/bin/../lib/gcc/arm-none-eabi/4.9.3/../../../../arm-none-eabi/lib/armv7e-m/softfp\libg_nano.a
LOAD c:/infineon/tools/dave ide/4.5.0.202105191637/eclipse/arm-gcc-49/bin/../lib/gcc/arm-none-eabi/4.9.3/../../../../arm-none-eabi/lib/armv7e-m/softfp\libc_nano.a
END GROUP
START GROUP
LOAD c:/infineon/tools/dave ide/4.5.0.202105191637/eclipse/arm-gcc-49/bin/../lib/gcc/arm-none-eabi/4.9.3/armv7e-m/softfp\libgcc.a
LOAD c:/infineon/tools/dave ide/4.5.0.202105191637/eclipse/arm-gcc-49/bin/../lib/gcc/arm-none-eabi/4.9.3/../../../../arm-none-eabi/lib/armv7e-m/softfp\libc_nano.a
LOAD c:/infineon/tools/dave ide/4.5.0.202105191637/eclipse/arm-gcc-49/bin/../lib/gcc/arm-none-eabi/4.9.3/../../../../arm-none-eabi/lib/armv7e-m/softfp\libnosys.a
END GROUP
START GROUP
LOAD c:/infineon/tools/dave ide/4.5.0.202105191637/eclipse/arm-gcc-49/bin/../lib/gcc/arm-none-eabi/4.9.3/armv7e-m/softfp\libgcc.a
LOAD c:/infineon/tools/dave ide/4.5.0.202105191637/eclipse/arm-gcc-49/bin/../lib/gcc/arm-none-eabi/4.9.3/../../../../arm-none-eabi/lib/armv7e-m/softfp\libc_nano.a
LOAD c:/infineon/tools/dave ide/4.5.0.202105191637/eclipse/arm-gcc-49/bin/../lib/gcc/arm-none-eabi/4.9.3/../../../../arm-none-eabi/lib/armv7e-m/softfp\libnosys.a
END GROUP
                0x00000800                stack_size = DEFINED (stack_size)?stack_size:0x800
                0x00000040                no_init_size = 0x40

.text           0x08000000     0x62e0 load address 0x0c000000
                0x08000000                sText = .
 *(.reset)
 .reset         0x08000000      0x2b4 ./Startup/startup_XMC4500.o
                0x08000000                __Vectors
                0x08000200                Reset_Handler
                0x080002b0                DSD0_7_IRQHandler
                0x080002b0                DebugMon_Handler
                0x080002b0                VADC0_C0_0_IRQHandler
                0x080002b0                CAN0_4_IRQHandler
                0x080002b0                VADC0_G2_0_IRQHandler
                0x080002b0                USIC0_5_IRQHandler
                0x080002b0                POSIF0_0_IRQHandler
                0x080002b0                POSIF1_0_IRQHandler
                0x080002b0                HardFault_Handler
                0x080002b0                VADC0_G1_1_IRQHandler
                0x080002b0                SysTick_Handler
                0x080002b0                PendSV_Handler
                0x080002b0                NMI_Handler
                0x080002b0                USIC1_3_IRQHandler
                0x080002b0                CCU40_2_IRQHandler
                0x080002b0                SCU_0_IRQHandler
                0x080002b0                ERU0_0_IRQHandler
                0x080002b0                CCU41_0_IRQHandler
                0x080002b0                USIC1_5_IRQHandler
                0x080002b0                DSD0_4_IRQHandler
                0x080002b0                CCU80_1_IRQHandler
                0x080002b0                CCU81_0_IRQHandler
                0x080002b0                UsageFault_Handler
                0x080002b0                USIC0_0_IRQHandler
                0x080002b0                POSIF1_1_IRQHandler
                0x080002b0                ERU0_2_IRQHandler
                0x080002b0                CCU81_1_IRQHandler
                0x080002b0                ERU1_1_IRQHandler
                0x080002b0                VADC0_G2_3_IRQHandler
                0x080002b0                VADC0_G2_2_IRQHandler
                0x080002b0                CCU42_3_IRQHandler
                0x080002b0                ERU0_3_IRQHandler
                0x080002b0                DSD0_5_IRQHandler
                0x080002b0                VADC0_C0_3_IRQHandler
                0x080002b0                CAN0_6_IRQHandler
                0x080002b0                CCU43_0_IRQHandler
                0x080002b0                VADC0_G0_1_IRQHandler
                0x080002b0                CCU81_2_IRQHandler
                0x080002b0                USIC2_4_IRQHandler
                0x080002b0                CCU81_3_IRQHandler
                0x080002b0                CCU42_1_IRQHandler
                0x080002b0                USIC1_1_IRQHandler
                0x080002b0                USIC2_5_IRQHandler
                0x080002b0                CCU40_0_IRQHandler
                0x080002b0                CAN0_0_IRQHandler
                0x080002b0                ERU1_0_IRQHandler
                0x080002b0                CCU42_2_IRQHandler
                0x080002b0                Default_Handler
                0x080002b0                USIC1_4_IRQHandler
                0x080002b0                ERU1_3_IRQHandler
                0x080002b0                USIC1_0_IRQHandler
                0x080002b0                POSIF0_1_IRQHandler
                0x080002b0                VADC0_G0_0_IRQHandler
                0x080002b0                DSD0_2_IRQHandler
                0x080002b0                CCU80_3_IRQHandler
                0x080002b0                CCU41_3_IRQHandler
                0x080002b0                CCU80_2_IRQHandler
                0x080002b0                VADC0_G1_3_IRQHandler
                0x080002b0                VADC0_G0_3_IRQHandler
                0x080002b0                GPDMA0_0_IRQHandler
                0x080002b0                PMU0_0_IRQHandler
                0x080002b0                CAN0_7_IRQHandler
                0x080002b0                DSD0_1_IRQHandler
                0x080002b0                CCU41_2_IRQHandler
                0x080002b0                VADC0_C0_1_IRQHandler
                0x080002b0                CCU43_2_IRQHandler
                0x080002b0                USIC2_2_IRQHandler
                0x080002b0                MemManage_Handler
                0x080002b0                VADC0_G3_1_IRQHandler
                0x080002b0                DAC0_0_IRQHandler
                0x080002b0                SVC_Handler
                0x080002b0                VADC0_G3_3_IRQHandler
                0x080002b0                ERU1_2_IRQHandler
                0x080002b0                CCU41_1_IRQHandler
                0x080002b0                DSD0_6_IRQHandler
                0x080002b0                VADC0_G1_2_IRQHandler
                0x080002b0                USIC2_3_IRQHandler
                0x080002b0                CAN0_2_IRQHandler
                0x080002b0                USIC2_0_IRQHandler
                0x080002b0                VADC0_G0_2_IRQHandler
                0x080002b0                VADC0_G2_1_IRQHandler
                0x080002b0                CAN0_3_IRQHandler
                0x080002b0                ETH0_0_IRQHandler
                0x080002b0                USIC0_3_IRQHandler
                0x080002b0                DSD0_0_IRQHandler
                0x080002b0                VADC0_C0_2_IRQHandler
                0x080002b0                CCU42_0_IRQHandler
                0x080002b0                FCE0_0_IRQHandler
                0x080002b0                VADC0_G1_0_IRQHandler
                0x080002b0                USB0_0_IRQHandler
                0x080002b0                CAN0_5_IRQHandler
                0x080002b0                CCU80_0_IRQHandler
                0x080002b0                CCU40_1_IRQHandler
                0x080002b0                USIC2_1_IRQHandler
                0x080002b0                USIC0_1_IRQHandler
                0x080002b0                VADC0_G3_2_IRQHandler
                0x080002b0                CCU40_3_IRQHandler
                0x080002b0                BusFault_Handler
                0x080002b0                LEDTS0_0_IRQHandler
                0x080002b0                USIC0_4_IRQHandler
                0x080002b0                CCU43_3_IRQHandler
                0x080002b0                ERU0_1_IRQHandler
                0x080002b0                VADC0_G3_0_IRQHandler
                0x080002b0                USIC1_2_IRQHandler
                0x080002b0                DSD0_3_IRQHandler
                0x080002b0                SDMMC0_0_IRQHandler
                0x080002b0                CAN0_1_IRQHandler
                0x080002b0                USIC0_2_IRQHandler
                0x080002b0                DAC0_1_IRQHandler
                0x080002b0                GPDMA1_0_IRQHandler
 *(.text .text.* .gnu.linkonce.t.*)
 .text.SystemInit
                0x080002b4       0x20 ./Startup/system_XMC4500.o
                0x080002b4                SystemInit
 .text.SystemCoreClockUpdate
                0x080002d4       0xd4 ./Startup/system_XMC4500.o
                0x080002d4                SystemCoreClockUpdate
 .text.XMC_GPIO_Init
                0x080003a8      0x14c ./Libraries/XMCLib/src/xmc4_gpio.o
                0x080003a8                XMC_GPIO_Init
 .text.XMC_SCU_GetMirrorStatus
                0x080004f4       0x18 ./Libraries/XMCLib/src/xmc4_scu.o
 .text.XMC_SCU_lDelay
                0x0800050c       0x44 ./Libraries/XMCLib/src/xmc4_scu.o
 .text.XMC_SCU_INTERUPT_GetEventStatus
                0x08000550       0x18 ./Libraries/XMCLib/src/xmc4_scu.o
                0x08000550                XMC_SCU_INTERUPT_GetEventStatus
 .text.XMC_SCU_INTERRUPT_ClearEventStatus
                0x08000568       0x1c ./Libraries/XMCLib/src/xmc4_scu.o
                0x08000568                XMC_SCU_INTERRUPT_ClearEventStatus
 .text.XMC_SCU_CLOCK_Init
                0x08000584       0xf8 ./Libraries/XMCLib/src/xmc4_scu.o
                0x08000584                XMC_SCU_CLOCK_Init
 .text.XMC_SCU_RESET_DeassertPeripheralReset
                0x0800067c       0x38 ./Libraries/XMCLib/src/xmc4_scu.o
                0x0800067c                XMC_SCU_RESET_DeassertPeripheralReset
 .text.XMC_SCU_CLOCK_SetSystemClockSource
                0x080006b4       0x28 ./Libraries/XMCLib/src/xmc4_scu.o
                0x080006b4                XMC_SCU_CLOCK_SetSystemClockSource
 .text.XMC_SCU_CLOCK_SetUsbClockSource
                0x080006dc       0x28 ./Libraries/XMCLib/src/xmc4_scu.o
                0x080006dc                XMC_SCU_CLOCK_SetUsbClockSource
 .text.XMC_SCU_CLOCK_SetWdtClockSource
                0x08000704       0x28 ./Libraries/XMCLib/src/xmc4_scu.o
                0x08000704                XMC_SCU_CLOCK_SetWdtClockSource
 .text.XMC_SCU_CLOCK_SetSystemPllClockSource
                0x0800072c       0x40 ./Libraries/XMCLib/src/xmc4_scu.o
                0x0800072c                XMC_SCU_CLOCK_SetSystemPllClockSource
 .text.XMC_SCU_HIB_SetRtcClockSource
                0x0800076c       0x3c ./Libraries/XMCLib/src/xmc4_scu.o
                0x0800076c                XMC_SCU_HIB_SetRtcClockSource
 .text.XMC_SCU_HIB_SetStandbyClockSource
                0x080007a8       0x3c ./Libraries/XMCLib/src/xmc4_scu.o
                0x080007a8                XMC_SCU_HIB_SetStandbyClockSource
 .text.XMC_SCU_CLOCK_SetSystemClockDivider
                0x080007e4       0x28 ./Libraries/XMCLib/src/xmc4_scu.o
                0x080007e4                XMC_SCU_CLOCK_SetSystemClockDivider
 .text.XMC_SCU_CLOCK_SetCcuClockDivider
                0x0800080c       0x28 ./Libraries/XMCLib/src/xmc4_scu.o
                0x0800080c                XMC_SCU_CLOCK_SetCcuClockDivider
 .text.XMC_SCU_CLOCK_SetCpuClockDivider
                0x08000834       0x28 ./Libraries/XMCLib/src/xmc4_scu.o
                0x08000834                XMC_SCU_CLOCK_SetCpuClockDivider
 .text.XMC_SCU_CLOCK_SetPeripheralClockDivider
                0x0800085c       0x28 ./Libraries/XMCLib/src/xmc4_scu.o
                0x0800085c                XMC_SCU_CLOCK_SetPeripheralClockDivider
 .text.XMC_SCU_CLOCK_SetUsbClockDivider
                0x08000884       0x28 ./Libraries/XMCLib/src/xmc4_scu.o
                0x08000884                XMC_SCU_CLOCK_SetUsbClockDivider
 .text.XMC_SCU_CLOCK_SetEbuClockDivider
                0x080008ac       0x28 ./Libraries/XMCLib/src/xmc4_scu.o
                0x080008ac                XMC_SCU_CLOCK_SetEbuClockDivider
 .text.XMC_SCU_CLOCK_SetWdtClockDivider
                0x080008d4       0x28 ./Libraries/XMCLib/src/xmc4_scu.o
                0x080008d4                XMC_SCU_CLOCK_SetWdtClockDivider
 .text.XMC_SCU_CLOCK_EnableClock
                0x080008fc       0x20 ./Libraries/XMCLib/src/xmc4_scu.o
                0x080008fc                XMC_SCU_CLOCK_EnableClock
 .text.XMC_SCU_CLOCK_EnableUsbPll
                0x0800091c       0x20 ./Libraries/XMCLib/src/xmc4_scu.o
                0x0800091c                XMC_SCU_CLOCK_EnableUsbPll
 .text.XMC_SCU_CLOCK_StartUsbPll
                0x0800093c       0xb4 ./Libraries/XMCLib/src/xmc4_scu.o
                0x0800093c                XMC_SCU_CLOCK_StartUsbPll
 .text.XMC_SCU_CLOCK_SetBackupClockCalibrationMode
                0x080009f0       0x4c ./Libraries/XMCLib/src/xmc4_scu.o
                0x080009f0                XMC_SCU_CLOCK_SetBackupClockCalibrationMode
 .text.XMC_SCU_HIB_EnableHibernateDomain
                0x08000a3c       0x58 ./Libraries/XMCLib/src/xmc4_scu.o
                0x08000a3c                XMC_SCU_HIB_EnableHibernateDomain
 .text.XMC_SCU_CLOCK_IsLowPowerOscillatorStable
                0x08000a94       0x24 ./Libraries/XMCLib/src/xmc4_scu.o
                0x08000a94                XMC_SCU_CLOCK_IsLowPowerOscillatorStable
 .text.XMC_SCU_CLOCK_EnableLowPowerOscillator
                0x08000ab8       0x70 ./Libraries/XMCLib/src/xmc4_scu.o
                0x08000ab8                XMC_SCU_CLOCK_EnableLowPowerOscillator
 .text.XMC_SCU_CLOCK_EnableHighPerformanceOscillator
                0x08000b28       0x50 ./Libraries/XMCLib/src/xmc4_scu.o
                0x08000b28                XMC_SCU_CLOCK_EnableHighPerformanceOscillator
 .text.XMC_SCU_CLOCK_IsHighPerformanceOscillatorStable
                0x08000b78       0x28 ./Libraries/XMCLib/src/xmc4_scu.o
                0x08000b78                XMC_SCU_CLOCK_IsHighPerformanceOscillatorStable
 .text.XMC_SCU_CLOCK_EnableSystemPll
                0x08000ba0       0x20 ./Libraries/XMCLib/src/xmc4_scu.o
                0x08000ba0                XMC_SCU_CLOCK_EnableSystemPll
 .text.XMC_SCU_CLOCK_DisableSystemPll
                0x08000bc0       0x20 ./Libraries/XMCLib/src/xmc4_scu.o
                0x08000bc0                XMC_SCU_CLOCK_DisableSystemPll
 .text.XMC_SCU_CLOCK_StartSystemPll
                0x08000be0      0x19c ./Libraries/XMCLib/src/xmc4_scu.o
                0x08000be0                XMC_SCU_CLOCK_StartSystemPll
 .text.XMC_SCU_CLOCK_StepSystemPllFrequency
                0x08000d7c       0x3c ./Libraries/XMCLib/src/xmc4_scu.o
                0x08000d7c                XMC_SCU_CLOCK_StepSystemPllFrequency
 .text.XMC_CCU4_StartPrescaler
                0x08000db8       0x1c ./Libraries/XMCLib/src/xmc_ccu4.o
 .text.XMC_CCU4_lDeassertReset
                0x08000dd4       0x60 ./Libraries/XMCLib/src/xmc_ccu4.o
 .text.XMC_CCU4_EnableModule
                0x08000e34       0x1c ./Libraries/XMCLib/src/xmc_ccu4.o
                0x08000e34                XMC_CCU4_EnableModule
 .text.XMC_CCU4_Init
                0x08000e50       0x3c ./Libraries/XMCLib/src/xmc_ccu4.o
                0x08000e50                XMC_CCU4_Init
 .text.XMC_CCU4_SLICE_CompareInit
                0x08000e8c       0x6c ./Libraries/XMCLib/src/xmc_ccu4.o
                0x08000e8c                XMC_CCU4_SLICE_CompareInit
 .text.XMC_CCU4_SLICE_SetInterruptNode
                0x08000ef8       0xc8 ./Libraries/XMCLib/src/xmc_ccu4.o
                0x08000ef8                XMC_CCU4_SLICE_SetInterruptNode
 .text.XMC_CCU8_StartPrescaler
                0x08000fc0       0x1c ./Libraries/XMCLib/src/xmc_ccu8.o
 .text.XMC_CCU8_SLICE_StopTimer
                0x08000fdc       0x18 ./Libraries/XMCLib/src/xmc_ccu8.o
 .text.XMC_CCU8_lDeassertReset
                0x08000ff4       0x38 ./Libraries/XMCLib/src/xmc_ccu8.o
 .text.XMC_CCU8_EnableModule
                0x0800102c       0x1c ./Libraries/XMCLib/src/xmc_ccu8.o
                0x0800102c                XMC_CCU8_EnableModule
 .text.XMC_CCU8_Init
                0x08001048       0x3c ./Libraries/XMCLib/src/xmc_ccu8.o
                0x08001048                XMC_CCU8_Init
 .text.XMC_CCU8_SLICE_CompareInit
                0x08001084       0x74 ./Libraries/XMCLib/src/xmc_ccu8.o
                0x08001084                XMC_CCU8_SLICE_CompareInit
 .text.XMC_CCU8_SLICE_StartConfig
                0x080010f8       0x5c ./Libraries/XMCLib/src/xmc_ccu8.o
                0x080010f8                XMC_CCU8_SLICE_StartConfig
 .text.XMC_CCU8_SLICE_TrapConfig
                0x08001154       0x74 ./Libraries/XMCLib/src/xmc_ccu8.o
                0x08001154                XMC_CCU8_SLICE_TrapConfig
 .text.XMC_CCU8_SLICE_ConfigureEvent
                0x080011c8       0xd4 ./Libraries/XMCLib/src/xmc_ccu8.o
                0x080011c8                XMC_CCU8_SLICE_ConfigureEvent
 .text.XMC_CCU8_SLICE_SetTimerPeriodMatch
                0x0800129c       0x1c ./Libraries/XMCLib/src/xmc_ccu8.o
                0x0800129c                XMC_CCU8_SLICE_SetTimerPeriodMatch
 .text.XMC_CCU8_SLICE_SetTimerCompareMatch
                0x080012b8       0x30 ./Libraries/XMCLib/src/xmc_ccu8.o
                0x080012b8                XMC_CCU8_SLICE_SetTimerCompareMatch
 .text.XMC_CCU8_SLICE_DeadTimeInit
                0x080012e8       0x2c ./Libraries/XMCLib/src/xmc_ccu8.o
                0x080012e8                XMC_CCU8_SLICE_DeadTimeInit
 .text.XMC_CCU8_SLICE_ConfigureStatusBitOutput
                0x08001314       0x30 ./Libraries/XMCLib/src/xmc_ccu8.o
                0x08001314                XMC_CCU8_SLICE_ConfigureStatusBitOutput
 .text.XMC_GPIO_SetHardwareControl
                0x08001344       0x44 ./Libraries/XMCLib/src/xmc_gpio.o
                0x08001344                XMC_GPIO_SetHardwareControl
 .text.XMC_VADC_GROUP_ExternalMuxControlInit
                0x08001388       0x6c ./Libraries/XMCLib/src/xmc_vadc.o
 .text.XMC_VADC_GROUP_BackgroundEnableArbitrationSlot
                0x080013f4       0x24 ./Libraries/XMCLib/src/xmc_vadc.o
 .text.XMC_VADC_GROUP_BackgroundDisableArbitrationSlot
                0x08001418       0x24 ./Libraries/XMCLib/src/xmc_vadc.o
 .text.XMC_VADC_GLOBAL_EnableModule
                0x0800143c        0xc ./Libraries/XMCLib/src/xmc_vadc.o
                0x0800143c                XMC_VADC_GLOBAL_EnableModule
 .text.XMC_VADC_GLOBAL_Init
                0x08001448       0x54 ./Libraries/XMCLib/src/xmc_vadc.o
                0x08001448                XMC_VADC_GLOBAL_Init
 .text.XMC_VADC_GLOBAL_InputClassInit
                0x0800149c       0x48 ./Libraries/XMCLib/src/xmc_vadc.o
                0x0800149c                XMC_VADC_GLOBAL_InputClassInit
 .text.XMC_VADC_GLOBAL_StartupCalibration
                0x080014e4       0x64 ./Libraries/XMCLib/src/xmc_vadc.o
                0x080014e4                XMC_VADC_GLOBAL_StartupCalibration
 .text.XMC_VADC_GLOBAL_BackgroundSetReqSrcEventInterruptNode
                0x08001548       0x48 ./Libraries/XMCLib/src/xmc_vadc.o
                0x08001548                XMC_VADC_GLOBAL_BackgroundSetReqSrcEventInterruptNode
 .text.XMC_VADC_GROUP_Init
                0x08001590       0x68 ./Libraries/XMCLib/src/xmc_vadc.o
                0x08001590                XMC_VADC_GROUP_Init
 .text.XMC_VADC_GROUP_InputClassInit
                0x080015f8       0xb8 ./Libraries/XMCLib/src/xmc_vadc.o
                0x080015f8                XMC_VADC_GROUP_InputClassInit
 .text.XMC_VADC_GROUP_SetPowerMode
                0x080016b0       0x38 ./Libraries/XMCLib/src/xmc_vadc.o
                0x080016b0                XMC_VADC_GROUP_SetPowerMode
 .text.XMC_VADC_GLOBAL_BackgroundInit
                0x080016e8       0xfc ./Libraries/XMCLib/src/xmc_vadc.o
                0x080016e8                XMC_VADC_GLOBAL_BackgroundInit
 .text.XMC_VADC_GROUP_ChannelInit
                0x080017e4       0xc8 ./Libraries/XMCLib/src/xmc_vadc.o
                0x080017e4                XMC_VADC_GROUP_ChannelInit
 .text._init    0x080018ac        0xc ./Libraries/Newlib/syscalls.o
                0x080018ac                _init
 .text.XMC_CCU8_EnableClock
                0x080018b8       0x20 ./Dave/Generated/PWM_SVM/pwm_svm.o
 .text.XMC_CCU8_SLICE_EnableTrap
                0x080018d8       0x24 ./Dave/Generated/PWM_SVM/pwm_svm.o
 .text.XMC_CCU8_EnableShadowTransfer
                0x080018fc       0x1c ./Dave/Generated/PWM_SVM/pwm_svm.o
 .text.XMC_CCU8_SLICE_SetTimerValue
                0x08001918       0x1c ./Dave/Generated/PWM_SVM/pwm_svm.o
 .text.XMC_CCU8_SLICE_EnableEvent
                0x08001934       0x2c ./Dave/Generated/PWM_SVM/pwm_svm.o
 .text.XMC_CCU8_SLICE_ClearEvent
                0x08001960       0x24 ./Dave/Generated/PWM_SVM/pwm_svm.o
 .text.XMC_SCU_SetCcuTriggerHigh
                0x08001984       0x24 ./Dave/Generated/PWM_SVM/pwm_svm.o
 .text.XMC_SCU_SetCcuTriggerLow
                0x080019a8       0x24 ./Dave/Generated/PWM_SVM/pwm_svm.o
 .text.XMC_GPIO_SetOutputHigh
                0x080019cc       0x20 ./Dave/Generated/PWM_SVM/pwm_svm.o
 .text.XMC_GPIO_SetOutputLow
                0x080019ec       0x24 ./Dave/Generated/PWM_SVM/pwm_svm.o
 .text.PWM_SVM_lEnableEvent
                0x08001a10       0x44 ./Dave/Generated/PWM_SVM/pwm_svm.o
                0x08001a10                PWM_SVM_lEnableEvent
 .text.PWM_SVM_InverterDisable
                0x08001a54       0x4c ./Dave/Generated/PWM_SVM/pwm_svm.o
                0x08001a54                PWM_SVM_InverterDisable
 .text.PWM_SVM_InverterEnable
                0x08001aa0       0x4c ./Dave/Generated/PWM_SVM/pwm_svm.o
                0x08001aa0                PWM_SVM_InverterEnable
 .text.PWM_SVM_Init
                0x08001aec      0x298 ./Dave/Generated/PWM_SVM/pwm_svm.o
                0x08001aec                PWM_SVM_Init
 .text.PWM_SVM_Start
                0x08001d84      0x294 ./Dave/Generated/PWM_SVM/pwm_svm.o
                0x08001d84                PWM_SVM_Start
 .text.XMC_CCU4_EnableClock
                0x08002018       0x20 ./Dave/Generated/PWM/pwm.o
 .text.XMC_CCU4_SLICE_StartTimer
                0x08002038       0x18 ./Dave/Generated/PWM/pwm.o
 .text.XMC_CCU4_SLICE_SetTimerPeriodMatch
                0x08002050       0x1c ./Dave/Generated/PWM/pwm.o
 .text.XMC_CCU4_SLICE_SetTimerCompareMatch
                0x0800206c       0x1c ./Dave/Generated/PWM/pwm.o
 .text.XMC_CCU4_EnableShadowTransfer
                0x08002088       0x1c ./Dave/Generated/PWM/pwm.o
 .text.XMC_CCU4_SLICE_EnableEvent
                0x080020a4       0x2c ./Dave/Generated/PWM/pwm.o
 .text.PWM_lCCU4_Init
                0x080020d0       0xbc ./Dave/Generated/PWM/pwm.o
                0x080020d0                PWM_lCCU4_Init
 .text.PWM_lCCU4_ConfigInterrupts
                0x0800218c       0x64 ./Dave/Generated/PWM/pwm.o
                0x0800218c                PWM_lCCU4_ConfigInterrupts
 .text.PWM_lCCU4_Start
                0x080021f0       0x48 ./Dave/Generated/PWM/pwm.o
                0x080021f0                PWM_lCCU4_Start
 .text.PWM_Init
                0x08002238       0x2c ./Dave/Generated/PWM/pwm.o
                0x08002238                PWM_Init
 .text.PWM_Start
                0x08002264       0x20 ./Dave/Generated/PWM/pwm.o
                0x08002264                PWM_Start
 .text.__NVIC_GetPriorityGrouping
                0x08002284       0x1c ./Dave/Generated/INTERRUPT/interrupt.o
 .text.__NVIC_EnableIRQ
                0x080022a0       0x38 ./Dave/Generated/INTERRUPT/interrupt.o
 .text.__NVIC_SetPriority
                0x080022d8       0x54 ./Dave/Generated/INTERRUPT/interrupt.o
 .text.NVIC_EncodePriority
                0x0800232c       0x64 ./Dave/Generated/INTERRUPT/interrupt.o
 .text.INTERRUPT_Enable
                0x08002390       0x1c ./Dave/Generated/INTERRUPT/interrupt.o
 .text.INTERRUPT_Init
                0x080023ac       0x4c ./Dave/Generated/INTERRUPT/interrupt.o
                0x080023ac                INTERRUPT_Init
 .text.XMC_CCU8_StartPrescaler
                0x080023f8       0x1c ./Dave/Generated/GLOBAL_CCU8/global_ccu8.o
 .text.GLOBAL_CCU8_Init
                0x08002414       0x40 ./Dave/Generated/GLOBAL_CCU8/global_ccu8.o
                0x08002414                GLOBAL_CCU8_Init
 .text.XMC_CCU4_StartPrescaler
                0x08002454       0x1c ./Dave/Generated/GLOBAL_CCU4/global_ccu4.o
 .text.GLOBAL_CCU4_Init
                0x08002470       0x40 ./Dave/Generated/GLOBAL_CCU4/global_ccu4.o
                0x08002470                GLOBAL_CCU4_Init
 .text.XMC_VADC_GLOBAL_DisablePostCalibration
                0x080024b0       0x2c ./Dave/Generated/GLOBAL_ADC/global_adc.o
 .text.GLOBAL_ADC_Init
                0x080024dc       0xb0 ./Dave/Generated/GLOBAL_ADC/global_adc.o
                0x080024dc                GLOBAL_ADC_Init
 .text.__NVIC_SetPriorityGrouping
                0x0800258c       0x48 ./Dave/Generated/CPU_CTRL_XMC4/cpu_ctrl_xmc4_conf.o
 .text.SystemCoreSetup
                0x080025d4       0xa0 ./Dave/Generated/CPU_CTRL_XMC4/cpu_ctrl_xmc4_conf.o
                0x080025d4                SystemCoreSetup
 .text.CLOCK_XMC4_Init
                0x08002674       0x20 ./Dave/Generated/CLOCK_XMC4/clock_xmc4.o
                0x08002674                CLOCK_XMC4_Init
 .text.OSCHP_GetFrequency
                0x08002694       0x14 ./Dave/Generated/CLOCK_XMC4/clock_xmc4.o
                0x08002694                OSCHP_GetFrequency
 .text.SystemCoreClockSetup
                0x080026a8       0x58 ./Dave/Generated/CLOCK_XMC4/clock_xmc4_conf.o
                0x080026a8                SystemCoreClockSetup
 .text.__NVIC_GetPriorityGrouping
                0x08002700       0x1c ./Dave/Generated/ADC_MEASUREMENT/adc_measurement.o
 .text.__NVIC_EnableIRQ
                0x0800271c       0x38 ./Dave/Generated/ADC_MEASUREMENT/adc_measurement.o
 .text.__NVIC_SetPriority
                0x08002754       0x54 ./Dave/Generated/ADC_MEASUREMENT/adc_measurement.o
 .text.NVIC_EncodePriority
                0x080027a8       0x64 ./Dave/Generated/ADC_MEASUREMENT/adc_measurement.o
 .text.XMC_VADC_GLOBAL_BackgroundTriggerConversion
                0x0800280c       0x24 ./Dave/Generated/ADC_MEASUREMENT/adc_measurement.o
 .text.XMC_VADC_GLOBAL_BackgroundAddChannelToSequence
                0x08002830       0x38 ./Dave/Generated/ADC_MEASUREMENT/adc_measurement.o
 .text.XMC_VADC_GROUP_ResultInit
                0x08002868       0x24 ./Dave/Generated/ADC_MEASUREMENT/adc_measurement.o
 .text.ADC_MEASUREMENT_Init
                0x0800288c      0x150 ./Dave/Generated/ADC_MEASUREMENT/adc_measurement.o
                0x0800288c                ADC_MEASUREMENT_Init
 .text.DAVE_Init
                0x080029dc       0x74 ./Dave/Generated/DAVE.o
                0x080029dc                DAVE_Init
 .text.SpeedSensor
                0x08002a50       0xf8 ./FOC.o
                0x08002a50                SpeedSensor
 .text.CCU43_1_IRQHandler
                0x08002b48      0x208 ./main.o
                0x08002b48                CCU43_1_IRQHandler
 .text.main     0x08002d50       0x3c ./main.o
                0x08002d50                main
 .text.ProbeScope_Init
                0x08002d8c      0x160 ./probe_scope.o
                0x08002d8c                ProbeScope_Init
 .text.ProbeScope_Sampling
                0x08002eec       0x44 ./probe_scope.o
                0x08002eec                ProbeScope_Sampling
 .text.ProbeScope_ModeOff
                0x08002f30       0x28 ./probe_scope.o
 .text.ProbeScope_ModeContinuous
                0x08002f58       0x7c ./probe_scope.o
 .text.ProbeScope_ModeTrig
                0x08002fd4      0x190 ./probe_scope.o
 .text.ProbeScope_SampleChAll
                0x08003164       0x58 ./probe_scope.o
 .text.ProbeScope_SampleCh
                0x080031bc      0x1f8 ./probe_scope.o
 .text.ProbeScope_SamplePosNext
                0x080033b4       0x38 ./probe_scope.o
 .text.ProbeScope_IsTrig
                0x080033ec      0x6ac ./probe_scope.o
 .text.sin      0x08003a98       0x94 c:/infineon/tools/dave ide/4.5.0.202105191637/eclipse/arm-gcc-49/bin/../lib/gcc/arm-none-eabi/4.9.3/../../../../arm-none-eabi/lib/armv7e-m/softfp\libm.a(lib_a-s_sin.o)
                0x08003a98                sin
 *fill*         0x08003b2c        0x4 
 .text.__ieee754_rem_pio2
                0x08003b30      0x440 c:/infineon/tools/dave ide/4.5.0.202105191637/eclipse/arm-gcc-49/bin/../lib/gcc/arm-none-eabi/4.9.3/../../../../arm-none-eabi/lib/armv7e-m/softfp\libm.a(lib_a-e_rem_pio2.o)
                0x08003b30                __ieee754_rem_pio2
 .text.__kernel_cos
                0x08003f70      0x250 c:/infineon/tools/dave ide/4.5.0.202105191637/eclipse/arm-gcc-49/bin/../lib/gcc/arm-none-eabi/4.9.3/../../../../arm-none-eabi/lib/armv7e-m/softfp\libm.a(lib_a-k_cos.o)
                0x08003f70                __kernel_cos
 .text.__kernel_rem_pio2
                0x080041c0      0x7d8 c:/infineon/tools/dave ide/4.5.0.202105191637/eclipse/arm-gcc-49/bin/../lib/gcc/arm-none-eabi/4.9.3/../../../../arm-none-eabi/lib/armv7e-m/softfp\libm.a(lib_a-k_rem_pio2.o)
                0x080041c0                __kernel_rem_pio2
 .text.__kernel_sin
                0x08004998      0x170 c:/infineon/tools/dave ide/4.5.0.202105191637/eclipse/arm-gcc-49/bin/../lib/gcc/arm-none-eabi/4.9.3/../../../../arm-none-eabi/lib/armv7e-m/softfp\libm.a(lib_a-k_sin.o)
                0x08004998                __kernel_sin
 .text.fabs     0x08004b08        0x8 c:/infineon/tools/dave ide/4.5.0.202105191637/eclipse/arm-gcc-49/bin/../lib/gcc/arm-none-eabi/4.9.3/../../../../arm-none-eabi/lib/armv7e-m/softfp\libm.a(lib_a-s_fabs.o)
                0x08004b08                fabs
 .text.floor    0x08004b10      0x110 c:/infineon/tools/dave ide/4.5.0.202105191637/eclipse/arm-gcc-49/bin/../lib/gcc/arm-none-eabi/4.9.3/../../../../arm-none-eabi/lib/armv7e-m/softfp\libm.a(lib_a-s_floor.o)
                0x08004b10                floor
 .text.scalbn   0x08004c20      0x108 c:/infineon/tools/dave ide/4.5.0.202105191637/eclipse/arm-gcc-49/bin/../lib/gcc/arm-none-eabi/4.9.3/../../../../arm-none-eabi/lib/armv7e-m/softfp\libm.a(lib_a-s_scalbn.o)
                0x08004c20                scalbn
 .text.copysign
                0x08004d28       0x10 c:/infineon/tools/dave ide/4.5.0.202105191637/eclipse/arm-gcc-49/bin/../lib/gcc/arm-none-eabi/4.9.3/../../../../arm-none-eabi/lib/armv7e-m/softfp\libm.a(lib_a-s_copysign.o)
                0x08004d28                copysign
 .text          0x08004d38      0x370 c:/infineon/tools/dave ide/4.5.0.202105191637/eclipse/arm-gcc-49/bin/../lib/gcc/arm-none-eabi/4.9.3/armv7e-m/softfp\libgcc.a(_arm_addsubdf3.o)
                0x08004d38                __aeabi_drsub
                0x08004d40                __aeabi_dsub
                0x08004d40                __subdf3
                0x08004d44                __aeabi_dadd
                0x08004d44                __adddf3
                0x08004fbc                __floatunsidf
                0x08004fbc                __aeabi_ui2d
                0x08004fdc                __floatsidf
                0x08004fdc                __aeabi_i2d
                0x08005000                __aeabi_f2d
                0x08005000                __extendsfdf2
                0x0800503c                __floatundidf
                0x0800503c                __aeabi_ul2d
                0x0800504c                __floatdidf
                0x0800504c                __aeabi_l2d
 .text          0x080050a8      0x424 c:/infineon/tools/dave ide/4.5.0.202105191637/eclipse/arm-gcc-49/bin/../lib/gcc/arm-none-eabi/4.9.3/armv7e-m/softfp\libgcc.a(_arm_muldivdf3.o)
                0x080050a8                __aeabi_dmul
                0x080050a8                __muldf3
                0x080052fc                __divdf3
                0x080052fc                __aeabi_ddiv
 .text          0x080054cc      0x110 c:/infineon/tools/dave ide/4.5.0.202105191637/eclipse/arm-gcc-49/bin/../lib/gcc/arm-none-eabi/4.9.3/armv7e-m/softfp\libgcc.a(_arm_cmpdf2.o)
                0x080054cc                __gtdf2
                0x080054cc                __gedf2
                0x080054d4                __ltdf2
                0x080054d4                __ledf2
                0x080054dc                __nedf2
                0x080054dc                __eqdf2
                0x080054dc                __cmpdf2
                0x08005558                __aeabi_cdrcmple
                0x08005568                __aeabi_cdcmpeq
                0x08005568                __aeabi_cdcmple
                0x08005578                __aeabi_dcmpeq
                0x0800558c                __aeabi_dcmplt
                0x080055a0                __aeabi_dcmple
                0x080055b4                __aeabi_dcmpge
                0x080055c8                __aeabi_dcmpgt
 .text          0x080055dc       0x50 c:/infineon/tools/dave ide/4.5.0.202105191637/eclipse/arm-gcc-49/bin/../lib/gcc/arm-none-eabi/4.9.3/armv7e-m/softfp\libgcc.a(_arm_fixdfsi.o)
                0x080055dc                __aeabi_d2iz
                0x080055dc                __fixdfsi
 .text          0x0800562c       0xa0 c:/infineon/tools/dave ide/4.5.0.202105191637/eclipse/arm-gcc-49/bin/../lib/gcc/arm-none-eabi/4.9.3/armv7e-m/softfp\libgcc.a(_arm_truncdfsf2.o)
                0x0800562c                __truncdfsf2
                0x0800562c                __aeabi_d2f
 .text.__libc_init_array
                0x080056cc       0x4c c:/infineon/tools/dave ide/4.5.0.202105191637/eclipse/arm-gcc-49/bin/../lib/gcc/arm-none-eabi/4.9.3/../../../../arm-none-eabi/lib/armv7e-m/softfp\libg_nano.a(lib_a-init.o)
                0x080056cc                __libc_init_array
 *(.init)
 *(.fini)
 *crtbegin.o(.ctors)
 *crtbegin?.o(.ctors)
 *(EXCLUDE_FILE(*crtend.o *crtend?.o) .ctors)
 *(SORT(.ctors.*))
 *(.ctors)
 *crtbegin.o(.dtors)
 *crtbegin?.o(.dtors)
 *(EXCLUDE_FILE(*crtend.o *crtend?.o) .dtors)
 *(SORT(.dtors.*))
 *(.dtors)
 *(.rodata .rodata.*)
 .rodata.g_xmc_vadc_group_array
                0x08005718       0x10 ./Libraries/XMCLib/src/xmc_vadc.o
 .rodata.PWM_SVM_0_PhUHighPin
                0x08005728        0x8 ./Dave/Generated/PWM_SVM/pwm_svm_conf.o
                0x08005728                PWM_SVM_0_PhUHighPin
 .rodata.PWM_SVM_0_PhULowPin
                0x08005730        0x8 ./Dave/Generated/PWM_SVM/pwm_svm_conf.o
                0x08005730                PWM_SVM_0_PhULowPin
 .rodata.PWM_SVM_0_PhVHighPin
                0x08005738        0x8 ./Dave/Generated/PWM_SVM/pwm_svm_conf.o
                0x08005738                PWM_SVM_0_PhVHighPin
 .rodata.PWM_SVM_0_PhVLowPin
                0x08005740        0x8 ./Dave/Generated/PWM_SVM/pwm_svm_conf.o
                0x08005740                PWM_SVM_0_PhVLowPin
 .rodata.PWM_SVM_0_PhWHighPin
                0x08005748        0x8 ./Dave/Generated/PWM_SVM/pwm_svm_conf.o
                0x08005748                PWM_SVM_0_PhWHighPin
 .rodata.PWM_SVM_0_PhWLowPin
                0x08005750        0x8 ./Dave/Generated/PWM_SVM/pwm_svm_conf.o
                0x08005750                PWM_SVM_0_PhWLowPin
 .rodata.PWM_SVM_0_PhUHiOutPinConf
                0x08005758        0xc ./Dave/Generated/PWM_SVM/pwm_svm_conf.o
                0x08005758                PWM_SVM_0_PhUHiOutPinConf
 .rodata.PWM_SVM_0_PhULoOutPinConf
                0x08005764        0xc ./Dave/Generated/PWM_SVM/pwm_svm_conf.o
                0x08005764                PWM_SVM_0_PhULoOutPinConf
 .rodata.PWM_SVM_0_PhVHiOutPinConf
                0x08005770        0xc ./Dave/Generated/PWM_SVM/pwm_svm_conf.o
                0x08005770                PWM_SVM_0_PhVHiOutPinConf
 .rodata.PWM_SVM_0_PhVLoOutPinConf
                0x0800577c        0xc ./Dave/Generated/PWM_SVM/pwm_svm_conf.o
                0x0800577c                PWM_SVM_0_PhVLoOutPinConf
 .rodata.PWM_SVM_0_PhWHiOutPinConf
                0x08005788        0xc ./Dave/Generated/PWM_SVM/pwm_svm_conf.o
                0x08005788                PWM_SVM_0_PhWHiOutPinConf
 .rodata.PWM_SVM_0_PhWLoOutPinConf
                0x08005794        0xc ./Dave/Generated/PWM_SVM/pwm_svm_conf.o
                0x08005794                PWM_SVM_0_PhWLoOutPinConf
 .rodata.PWM_SVM_0_InverterPin
                0x080057a0        0x8 ./Dave/Generated/PWM_SVM/pwm_svm_conf.o
                0x080057a0                PWM_SVM_0_InverterPin
 .rodata.PWM_SVM_0_InvPinConf
                0x080057a8        0xc ./Dave/Generated/PWM_SVM/pwm_svm_conf.o
                0x080057a8                PWM_SVM_0_InvPinConf
 .rodata.PWM_SVM_0_TrapPin
                0x080057b4        0x8 ./Dave/Generated/PWM_SVM/pwm_svm_conf.o
                0x080057b4                PWM_SVM_0_TrapPin
 .rodata.PWM_SVM_0_TrapPinConf
                0x080057bc        0xc ./Dave/Generated/PWM_SVM/pwm_svm_conf.o
                0x080057bc                PWM_SVM_0_TrapPinConf
 .rodata.PWM_SVM_0_TrapConfig
                0x080057c8        0x4 ./Dave/Generated/PWM_SVM/pwm_svm_conf.o
                0x080057c8                PWM_SVM_0_TrapConfig
 .rodata.PWM_SVM_0_PhU
                0x080057cc        0x8 ./Dave/Generated/PWM_SVM/pwm_svm_conf.o
                0x080057cc                PWM_SVM_0_PhU
 .rodata.PWM_SVM_0_PhV
                0x080057d4        0x8 ./Dave/Generated/PWM_SVM/pwm_svm_conf.o
                0x080057d4                PWM_SVM_0_PhV
 .rodata.PWM_SVM_0_PhW
                0x080057dc        0x8 ./Dave/Generated/PWM_SVM/pwm_svm_conf.o
                0x080057dc                PWM_SVM_0_PhW
 .rodata.PWM_SVM_0_CurrentTrig
                0x080057e4        0x8 ./Dave/Generated/PWM_SVM/pwm_svm_conf.o
                0x080057e4                PWM_SVM_0_CurrentTrig
 .rodata.PWM_SVM_0_StartConfig
                0x080057ec        0x4 ./Dave/Generated/PWM_SVM/pwm_svm_conf.o
                0x080057ec                PWM_SVM_0_StartConfig
 .rodata.PWM_SVM_0_TimerInitHandle
                0x080057f0       0x10 ./Dave/Generated/PWM_SVM/pwm_svm_conf.o
                0x080057f0                PWM_SVM_0_TimerInitHandle
 .rodata.PWM_SVM_0_TimerInit_CurrentTrig
                0x08005800       0x10 ./Dave/Generated/PWM_SVM/pwm_svm_conf.o
                0x08005800                PWM_SVM_0_TimerInit_CurrentTrig
 .rodata.PWM_SVM_0_AppConfig
                0x08005810       0x4c ./Dave/Generated/PWM_SVM/pwm_svm_conf.o
                0x08005810                PWM_SVM_0_AppConfig
 .rodata.Sinus60_tab
                0x0800585c      0x804 ./Dave/Generated/PWM_SVM/pwm_svm_table.o
                0x0800585c                Sinus60_tab
 .rodata.PWM_0_compare_config
                0x08006060        0x8 ./Dave/Generated/PWM/pwm_conf.o
                0x08006060                PWM_0_compare_config
 .rodata.PWM_0_gpio_out_config
                0x08006068        0xc ./Dave/Generated/PWM/pwm_conf.o
                0x08006068                PWM_0_gpio_out_config
 .rodata.INTERRUPT_0
                0x08006074        0x4 ./Dave/Generated/INTERRUPT/interrupt_conf.o
                0x08006074                INTERRUPT_0
 .rodata.group_init_handle0
                0x08006078       0x14 ./Dave/Generated/GLOBAL_ADC/global_adc_conf.o
                0x08006078                group_init_handle0
 .rodata.group_init_handle1
                0x0800608c       0x14 ./Dave/Generated/GLOBAL_ADC/global_adc_conf.o
                0x0800608c                group_init_handle1
 .rodata.group_init_handle2
                0x080060a0       0x14 ./Dave/Generated/GLOBAL_ADC/global_adc_conf.o
                0x080060a0                group_init_handle2
 .rodata.group_init_handle3
                0x080060b4       0x14 ./Dave/Generated/GLOBAL_ADC/global_adc_conf.o
                0x080060b4                group_init_handle3
 .rodata.global_config
                0x080060c8       0x18 ./Dave/Generated/GLOBAL_ADC/global_adc_conf.o
                0x080060c8                global_config
 .rodata        0x080060e0       0x14 ./Dave/Generated/CLOCK_XMC4/clock_xmc4_conf.o
 .rodata.global_iclass_config
                0x080060f4        0x4 ./Dave/Generated/ADC_MEASUREMENT/adc_measurement_conf.o
                0x080060f4                global_iclass_config
 .rodata.backgnd_config
                0x080060f8        0xc ./Dave/Generated/ADC_MEASUREMENT/adc_measurement_conf.o
                0x080060f8                backgnd_config
 .rodata.npio2_hw
                0x08006104       0x80 c:/infineon/tools/dave ide/4.5.0.202105191637/eclipse/arm-gcc-49/bin/../lib/gcc/arm-none-eabi/4.9.3/../../../../arm-none-eabi/lib/armv7e-m/softfp\libm.a(lib_a-e_rem_pio2.o)
 .rodata.two_over_pi
                0x08006184      0x108 c:/infineon/tools/dave ide/4.5.0.202105191637/eclipse/arm-gcc-49/bin/../lib/gcc/arm-none-eabi/4.9.3/../../../../arm-none-eabi/lib/armv7e-m/softfp\libm.a(lib_a-e_rem_pio2.o)
 .rodata.init_jk
                0x0800628c       0x10 c:/infineon/tools/dave ide/4.5.0.202105191637/eclipse/arm-gcc-49/bin/../lib/gcc/arm-none-eabi/4.9.3/../../../../arm-none-eabi/lib/armv7e-m/softfp\libm.a(lib_a-k_rem_pio2.o)
 *fill*         0x0800629c        0x4 
 .rodata.PIo2   0x080062a0       0x40 c:/infineon/tools/dave ide/4.5.0.202105191637/eclipse/arm-gcc-49/bin/../lib/gcc/arm-none-eabi/4.9.3/../../../../arm-none-eabi/lib/armv7e-m/softfp\libm.a(lib_a-k_rem_pio2.o)
 *(.gnu.linkonce.r*)
 *(vtable)
                0x080062e0                . = ALIGN (0x4)

.glue_7         0x080062e0        0x0 load address 0x0c0062e0
 .glue_7        0x00000000        0x0 linker stubs

.glue_7t        0x080062e0        0x0 load address 0x0c0062e0
 .glue_7t       0x00000000        0x0 linker stubs

.vfp11_veneer   0x080062e0        0x0 load address 0x0c0062e0
 .vfp11_veneer  0x00000000        0x0 linker stubs

.v4_bx          0x080062e0        0x0 load address 0x0c0062e0
 .v4_bx         0x00000000        0x0 linker stubs

.iplt           0x080062e0        0x0 load address 0x0c0062e0
 .iplt          0x00000000        0x0 ./Startup/startup_XMC4500.o

.eh_frame_hdr
 *(.eh_frame_hdr)

.eh_frame
 *(.eh_frame)

.ARM.extab
 *(.ARM.extab* .gnu.linkonce.armextab.*)
                0x080062e0                . = ALIGN (0x4)
                0x080062e0                __exidx_start = .

.ARM.exidx
 *(.ARM.exidx* .gnu.linkonce.armexidx.*)
                0x080062e0                __exidx_end = .
                0x080062e0                . = ALIGN (0x4)

Stack           0x10000000      0x800
                0x10000000                __stack_start = .
                0x10000800                . = (. + stack_size)
 *fill*         0x10000000      0x800 
                0x10000800                __stack_end = .
                0x10000800                __initial_sp = .

.ram_code       0x10000800      0x448 load address 0x0c0062e0
                0x10000800                . = ALIGN (0x4)
                0x10000800                __ram_code_start = .
 *(.ram_code)
 .ram_code      0x10000800      0x448 ./Dave/Generated/PWM_SVM/pwm_svm.o
                0x10000960                PWM_SVM_CalCmpValueSym7
                0x100009f8                PWM_SVM_CalCmpValueSym5
                0x10000a78                PWM_SVM_TimecalcUsingLUT
                0x10000c00                PWM_SVM_SVMUpdate
                0x10000c48                . = ALIGN (0x4)
                0x10000c48                __ram_code_end = .
                0x0c0062e0                __ram_code_load = LOADADDR (.ram_code)
                0x00000448                __ram_code_size = (__ram_code_end - __ram_code_start)

.rel.dyn        0x10000c48        0x0 load address 0x0c006728
 .rel.iplt      0x00000000        0x0 ./Startup/startup_XMC4500.o

PSRAM_DATA      0x10000c48        0x0 load address 0x0c006728
                0x10000c48                . = ALIGN (0x4)
                0x10000c48                __data3_start = .
 *(PSRAM_DATA)
                0x10000c48                . = ALIGN (0x4)
                0x10000c48                __data3_end = .
                0x0c006728                __data3_load = LOADADDR (PSRAM_DATA)
                0x00000000                __data3_size = (__data3_end - __data3_start)

PSRAM_BSS       0x10000c48        0x0 load address 0x0c006728
                0x10000c48                . = ALIGN (0x4)
                0x10000c48                __bss3_start = .
 *(PSRAM_BSS)
                0x10000c48                . = ALIGN (0x4)
                0x10000c48                __bss3_end = .
                0x10000c48                . = ALIGN (0x8)
                0x10000c48                Heap_Bank3_Start = .
                0x00000000                __bss3_size = (__bss3_end - __bss3_start)

.data           0x20000000      0x1c0 load address 0x0c006728
                0x20000000                . = ALIGN (0x4)
                0x20000000                __data_start = .
 *(.data)
 *(.data*)
 .data.PWM_SVM_0_DeadTimeConfig
                0x20000000        0xc ./Dave/Generated/PWM_SVM/pwm_svm_conf.o
                0x20000000                PWM_SVM_0_DeadTimeConfig
 .data.PWM_SVM_0
                0x2000000c       0xcc ./Dave/Generated/PWM_SVM/pwm_svm_conf.o
                0x2000000c                PWM_SVM_0
 .data.PWM_0    0x200000d8       0x34 ./Dave/Generated/PWM/pwm_conf.o
                0x200000d8                PWM_0
 .data.GLOBAL_CCU8_0
                0x2000010c       0x10 ./Dave/Generated/GLOBAL_CCU8/global_ccu8_conf.o
                0x2000010c                GLOBAL_CCU8_0
 .data.GLOBAL_CCU4_0
                0x2000011c       0x10 ./Dave/Generated/GLOBAL_CCU4/global_ccu4_conf.o
                0x2000011c                GLOBAL_CCU4_0
 .data.group_0_config
                0x2000012c        0xc ./Dave/Generated/GLOBAL_ADC/global_adc_conf.o
                0x2000012c                group_0_config
 .data.group_1_config
                0x20000138        0xc ./Dave/Generated/GLOBAL_ADC/global_adc_conf.o
                0x20000138                group_1_config
 .data.group_2_config
                0x20000144        0xc ./Dave/Generated/GLOBAL_ADC/global_adc_conf.o
                0x20000144                group_2_config
 .data.group_3_config
                0x20000150        0xc ./Dave/Generated/GLOBAL_ADC/global_adc_conf.o
                0x20000150                group_3_config
 .data.GLOBAL_ADC_0
                0x2000015c       0x1c ./Dave/Generated/GLOBAL_ADC/global_adc_conf.o
                0x2000015c                GLOBAL_ADC_0
 .data.Channel_A_ch_config
                0x20000178        0xc ./Dave/Generated/ADC_MEASUREMENT/adc_measurement_conf.o
                0x20000178                Channel_A_ch_config
 .data.ADC_MEASUREMENT_Channel_A_handle
                0x20000184       0x10 ./Dave/Generated/ADC_MEASUREMENT/adc_measurement_conf.o
                0x20000184                ADC_MEASUREMENT_Channel_A_handle
 .data.ADC_MEASUREMENT_channel_array
                0x20000194        0x4 ./Dave/Generated/ADC_MEASUREMENT/adc_measurement_conf.o
                0x20000194                ADC_MEASUREMENT_channel_array
 .data.ADC_MEASUREMENT_0
                0x20000198       0x1c ./Dave/Generated/ADC_MEASUREMENT/adc_measurement_conf.o
                0x20000198                ADC_MEASUREMENT_0
 .data.ProbeScopeDbg_MaxSamples
                0x200001b4        0x2 ./probe_scope.o
 .data.ProbeScopeDbg_MaxCh
                0x200001b6        0x1 ./probe_scope.o
 *fill*         0x200001b7        0x1 
 .data.ProbeScopeDbg_16BitEn
                0x200001b8        0x4 ./probe_scope.o
 .data.ProbeScopeDbg_32BitEn
                0x200001bc        0x4 ./probe_scope.o
 *(*.data)
 *(.gnu.linkonce.d*)
                0x200001c0                . = ALIGN (0x4)
                0x200001c0                PROVIDE (__preinit_array_start, .)
 *(.preinit_array)
                0x200001c0                PROVIDE (__preinit_array_end, .)
                0x200001c0                . = ALIGN (0x4)
                0x200001c0                PROVIDE (__init_array_start, .)
 *(SORT(.init_array.*))
 *(.init_array)
                0x200001c0                PROVIDE (__init_array_end, .)
                0x200001c0                . = ALIGN (0x4)
                0x200001c0                PROVIDE (__fini_array_start, .)
 *(SORT(.fini_array.*))
 *(.fini_array)
                0x200001c0                PROVIDE (__fini_array_end, .)
                0x200001c0                . = ALIGN (0x4)
                0x200001c0                __data_end = .
                0x0c006728                __data_load = LOADADDR (.data)
                0x000001c0                __data_size = (__data_end - __data_start)

.igot.plt       0x200001c0        0x0 load address 0x0c0068e8
 .igot.plt      0x00000000        0x0 ./Startup/startup_XMC4500.o

.bss            0x200001c0     0x7e78 load address 0x0c0068e8
                0x200001c0                . = ALIGN (0x4)
                0x200001c0                __bss_start = .
 *(.bss)
 *(.bss*)
 .bss.CLOCK_XMC4_0
                0x200001c0        0x4 ./Dave/Generated/CLOCK_XMC4/clock_xmc4_conf.o
                0x200001c0                CLOCK_XMC4_0
 .bss.Channel_A_res_config
                0x200001c4        0x4 ./Dave/Generated/ADC_MEASUREMENT/adc_measurement_conf.o
                0x200001c4                Channel_A_res_config
 .bss.prevIa.5209
                0x200001c8        0x4 ./FOC.o
 .bss.counter.5207
                0x200001cc        0x4 ./FOC.o
 .bss.prevIb.5210
                0x200001d0        0x4 ./FOC.o
 .bss.RPM.5208  0x200001d4        0x4 ./FOC.o
 .bss.time      0x200001d8        0x4 ./main.o
                0x200001d8                time
 .bss.ProbeScope_Ch1
                0x200001dc      0xfb8 ./probe_scope.o
 .bss.ProbeScope_Ch2
                0x20001194      0xfb8 ./probe_scope.o
 .bss.ProbeScope_Ch3
                0x2000214c      0xfb8 ./probe_scope.o
 .bss.ProbeScope_Ch4
                0x20003104      0xfb8 ./probe_scope.o
 .bss.ProbeScope_Ch5
                0x200040bc      0xfb8 ./probe_scope.o
 .bss.ProbeScope_Ch6
                0x20005074      0xfb8 ./probe_scope.o
 .bss.ProbeScope_Ch7
                0x2000602c      0xfb8 ./probe_scope.o
 .bss.ProbeScope_Ch8
                0x20006fe4      0xfb8 ./probe_scope.o
 .bss.ProbeScope_Mode
                0x20007f9c        0x1 ./probe_scope.o
 .bss.ProbeScope_TrigChSel
                0x20007f9d        0x1 ./probe_scope.o
 *fill*         0x20007f9e        0x2 
 .bss.ProbeScope_TrigHoldOffCtr
                0x20007fa0        0x4 ./probe_scope.o
 .bss.ProbeScope_TrigSlope
                0x20007fa4        0x4 ./probe_scope.o
 .bss.ProbeScope_SampleIxPrev
                0x20007fa8        0x4 ./probe_scope.o
 .bss.ProbeScope_SampleIxCur
                0x20007fac        0x4 ./probe_scope.o
 .bss.ProbeScope_SamplesPreTrigCtr
                0x20007fb0        0x4 ./probe_scope.o
 .bss.ProbeScope_SamplesPostTrigCtr
                0x20007fb4        0x4 ./probe_scope.o
 .bss.ProbeScope_SamplingClkDiv
                0x20007fb8        0x2 ./probe_scope.o
 .bss.ProbeScope_SamplingClkDivCtr
                0x20007fba        0x2 ./probe_scope.o
 .bss.ProbeScope_State
                0x20007fbc        0x1 ./probe_scope.o
 *fill*         0x20007fbd        0x3 
 .bss.temp.4203
                0x20007fc0        0x4 ./probe_scope.o
 *(COMMON)
 COMMON         0x20007fc4       0x58 ./main.o
                0x20007fc4                Ia
                0x20007fc8                RPM_REF
                0x20007fcc                RPM
                0x20007fd0                Ib
                0x20007fd4                Ic
                0x20007fd8                Controller
 COMMON         0x2000801c       0x1c ./probe_scope.o
                0x2000801c                ProbeScope_TrigFlag
                0x20008020                ProbeScope_SamplingClkHz
                0x20008024                ProbeScope_TrigIx
                0x20008028                ProbeScope_TrigDispPos
                0x2000802c                ProbeScope_TrigHoldOff
                0x20008030                ProbeScope_InitFlag
                0x20008034                ProbeScope_DataRdyFlag
 *(.gnu.linkonce.b*)
                0x20008038                . = ALIGN (0x4)
                0x20008038                __bss_end = .
                0x20008038                . = ALIGN (0x8)
                0x20008038                Heap_Bank1_Start = .
                0x00007e78                __bss_size = (__bss_end - __bss_start)

.no_init        0x2000ffc0       0x14
                0x2000ffc0                Heap_Bank1_End = .
 *(.no_init)
 .no_init       0x2000ffc0       0x14 ./Startup/system_XMC4500.o
                0x2000ffc0                SystemCoreClock
                0x2000ffc4                g_chipid

DSRAM2_DATA     0x30000000        0x0 load address 0x0c0068e8
                0x30000000                . = ALIGN (0x4)
                0x30000000                __data2_start = .
 *(DSRAM2_DATA)
                0x30000000                . = ALIGN (0x4)
                0x30000000                __data2_end = .
                0x0c0068e8                __data2_load = LOADADDR (DSRAM2_DATA)
                0x00000000                __data2_size = (__data2_end - __data2_start)
                0x000068e8                __text_size = (((((__exidx_end - sText) + __data_size) + __ram_code_size) + __data2_size) + __data3_size)
                0x080068e8                eText = (sText + __text_size)

DSRAM2_BSS      0x30000000        0x0 load address 0x0c0068e8
                0x30000000                . = ALIGN (0x4)
                0x30000000                __bss2_start = .
 *(ETH_RAM)
 *(USB_RAM)
 *(DSRAM2_BSS)
                0x30000000                . = ALIGN (0x4)
                0x30000000                __bss2_end = .
                0x30000000                . = ALIGN (0x8)
                0x30000000                Heap_Bank2_Start = .
                0x00000000                __bss2_size = (__bss2_end - __bss2_start)
                0x00007f88                Heap_Bank1_Size = (Heap_Bank1_End - Heap_Bank1_Start)
                0x00008000                Heap_Bank2_Size = (0x8000 - (Heap_Bank2_Start - ORIGIN (DSRAM_2_comm)))
                0x0000f3b8                Heap_Bank3_Size = (0x10000 - (Heap_Bank3_Start - ORIGIN (PSRAM_1)))
                0x00000001                ASSERT ((Heap_Bank1_Start <= Heap_Bank1_End), region SRAM_combined overflowed no_init section)

/DISCARD/
 *(.comment)

.stab
 *(.stab)

.stabstr
 *(.stabstr)

.debug
 *(.debug)

.line
 *(.line)

.debug_srcinfo
 *(.debug_srcinfo)

.debug_sfnames
 *(.debug_sfnames)

.debug_aranges  0x00000000     0x1000
 *(.debug_aranges)
 .debug_aranges
                0x00000000       0x20 ./Startup/startup_XMC4500.o
 .debug_aranges
                0x00000020       0x48 ./Startup/system_XMC4500.o
 .debug_aranges
                0x00000068       0x28 ./Libraries/XMCLib/src/xmc4_gpio.o
 .debug_aranges
                0x00000090      0x3c8 ./Libraries/XMCLib/src/xmc4_scu.o
 .debug_aranges
                0x00000458      0x128 ./Libraries/XMCLib/src/xmc_ccu4.o
 .debug_aranges
                0x00000580      0x180 ./Libraries/XMCLib/src/xmc_ccu8.o
 .debug_aranges
                0x00000700       0x28 ./Libraries/XMCLib/src/xmc_gpio.o
 .debug_aranges
                0x00000728      0x278 ./Libraries/XMCLib/src/xmc_vadc.o
 .debug_aranges
                0x000009a0       0x28 ./Libraries/Newlib/syscalls.o
 .debug_aranges
                0x000009c8      0x180 ./Dave/Generated/PWM_SVM/pwm_svm.o
 .debug_aranges
                0x00000b48       0x18 ./Dave/Generated/PWM_SVM/pwm_svm_conf.o
 .debug_aranges
                0x00000b60       0x18 ./Dave/Generated/PWM_SVM/pwm_svm_table.o
 .debug_aranges
                0x00000b78      0x110 ./Dave/Generated/PWM/pwm.o
 .debug_aranges
                0x00000c88       0x18 ./Dave/Generated/PWM/pwm_conf.o
 .debug_aranges
                0x00000ca0       0x50 ./Dave/Generated/INTERRUPT/interrupt.o
 .debug_aranges
                0x00000cf0       0x18 ./Dave/Generated/INTERRUPT/interrupt_conf.o
 .debug_aranges
                0x00000d08       0x30 ./Dave/Generated/GLOBAL_CCU8/global_ccu8.o
 .debug_aranges
                0x00000d38       0x18 ./Dave/Generated/GLOBAL_CCU8/global_ccu8_conf.o
 .debug_aranges
                0x00000d50       0x30 ./Dave/Generated/GLOBAL_CCU4/global_ccu4.o
 .debug_aranges
                0x00000d80       0x18 ./Dave/Generated/GLOBAL_CCU4/global_ccu4_conf.o
 .debug_aranges
                0x00000d98       0x30 ./Dave/Generated/GLOBAL_ADC/global_adc.o
 .debug_aranges
                0x00000dc8       0x18 ./Dave/Generated/GLOBAL_ADC/global_adc_conf.o
 .debug_aranges
                0x00000de0       0x28 ./Dave/Generated/CPU_CTRL_XMC4/cpu_ctrl_xmc4_conf.o
 .debug_aranges
                0x00000e08       0x38 ./Dave/Generated/CLOCK_XMC4/clock_xmc4.o
 .debug_aranges
                0x00000e40       0x20 ./Dave/Generated/CLOCK_XMC4/clock_xmc4_conf.o
 .debug_aranges
                0x00000e60       0x88 ./Dave/Generated/ADC_MEASUREMENT/adc_measurement.o
 .debug_aranges
                0x00000ee8       0x18 ./Dave/Generated/ADC_MEASUREMENT/adc_measurement_conf.o
 .debug_aranges
                0x00000f00       0x20 ./Dave/Generated/DAVE.o
 .debug_aranges
                0x00000f20       0x48 ./FOC.o
 .debug_aranges
                0x00000f68       0x38 ./main.o
 .debug_aranges
                0x00000fa0       0x60 ./probe_scope.o

.debug_pubnames
 *(.debug_pubnames)

.debug_pubtypes
 *(.debug_pubtypes)

.debug_info     0x00000000    0x1ccfc
 *(.debug_info .gnu.linkonce.wi.*)
 .debug_info    0x00000000       0x97 ./Startup/startup_XMC4500.o
 .debug_info    0x00000097      0x970 ./Startup/system_XMC4500.o
 .debug_info    0x00000a07      0x4dd ./Libraries/XMCLib/src/xmc4_gpio.o
 .debug_info    0x00000ee4     0x217b ./Libraries/XMCLib/src/xmc4_scu.o
 .debug_info    0x0000305f     0x1671 ./Libraries/XMCLib/src/xmc_ccu4.o
 .debug_info    0x000046d0     0x1d8e ./Libraries/XMCLib/src/xmc_ccu8.o
 .debug_info    0x0000645e      0x458 ./Libraries/XMCLib/src/xmc_gpio.o
 .debug_info    0x000068b6     0x2eab ./Libraries/XMCLib/src/xmc_vadc.o
 .debug_info    0x00009761      0x11f ./Libraries/Newlib/syscalls.o
 .debug_info    0x00009880     0x2395 ./Dave/Generated/PWM_SVM/pwm_svm.o
 .debug_info    0x0000bc15     0x175a ./Dave/Generated/PWM_SVM/pwm_svm_conf.o
 .debug_info    0x0000d36f      0x1bc ./Dave/Generated/PWM_SVM/pwm_svm_table.o
 .debug_info    0x0000d52b     0x1486 ./Dave/Generated/PWM/pwm.o
 .debug_info    0x0000e9b1      0xc66 ./Dave/Generated/PWM/pwm_conf.o
 .debug_info    0x0000f617      0x9c9 ./Dave/Generated/INTERRUPT/interrupt.o
 .debug_info    0x0000ffe0      0x4d4 ./Dave/Generated/INTERRUPT/interrupt_conf.o
 .debug_info    0x000104b4      0x481 ./Dave/Generated/GLOBAL_CCU8/global_ccu8.o
 .debug_info    0x00010935      0x381 ./Dave/Generated/GLOBAL_CCU8/global_ccu8_conf.o
 .debug_info    0x00010cb6      0x472 ./Dave/Generated/GLOBAL_CCU4/global_ccu4.o
 .debug_info    0x00011128      0x372 ./Dave/Generated/GLOBAL_CCU4/global_ccu4_conf.o
 .debug_info    0x0001149a     0x1067 ./Dave/Generated/GLOBAL_ADC/global_adc.o
 .debug_info    0x00012501     0x106a ./Dave/Generated/GLOBAL_ADC/global_adc_conf.o
 .debug_info    0x0001356b      0x52e ./Dave/Generated/CPU_CTRL_XMC4/cpu_ctrl_xmc4_conf.o
 .debug_info    0x00013a99      0x2dd ./Dave/Generated/CLOCK_XMC4/clock_xmc4.o
 .debug_info    0x00013d76      0x43e ./Dave/Generated/CLOCK_XMC4/clock_xmc4_conf.o
 .debug_info    0x000141b4     0x1eb6 ./Dave/Generated/ADC_MEASUREMENT/adc_measurement.o
 .debug_info    0x0001606a     0x1830 ./Dave/Generated/ADC_MEASUREMENT/adc_measurement_conf.o
 .debug_info    0x0001789a     0x32e2 ./Dave/Generated/DAVE.o
 .debug_info    0x0001ab7c      0x3ef ./FOC.o
 .debug_info    0x0001af6b     0x17c6 ./main.o
 .debug_info    0x0001c731      0x5cb ./probe_scope.o

.debug_abbrev   0x00000000     0x33c6
 *(.debug_abbrev)
 .debug_abbrev  0x00000000       0x14 ./Startup/startup_XMC4500.o
 .debug_abbrev  0x00000014      0x1f1 ./Startup/system_XMC4500.o
 .debug_abbrev  0x00000205      0x144 ./Libraries/XMCLib/src/xmc4_gpio.o
 .debug_abbrev  0x00000349      0x2a3 ./Libraries/XMCLib/src/xmc4_scu.o
 .debug_abbrev  0x000005ec      0x232 ./Libraries/XMCLib/src/xmc_ccu4.o
 .debug_abbrev  0x0000081e      0x254 ./Libraries/XMCLib/src/xmc_ccu8.o
 .debug_abbrev  0x00000a72      0x144 ./Libraries/XMCLib/src/xmc_gpio.o
 .debug_abbrev  0x00000bb6      0x282 ./Libraries/XMCLib/src/xmc_vadc.o
 .debug_abbrev  0x00000e38       0xbd ./Libraries/Newlib/syscalls.o
 .debug_abbrev  0x00000ef5      0x2b5 ./Dave/Generated/PWM_SVM/pwm_svm.o
 .debug_abbrev  0x000011aa      0x1cb ./Dave/Generated/PWM_SVM/pwm_svm_conf.o
 .debug_abbrev  0x00001375       0xc5 ./Dave/Generated/PWM_SVM/pwm_svm_table.o
 .debug_abbrev  0x0000143a      0x293 ./Dave/Generated/PWM/pwm.o
 .debug_abbrev  0x000016cd      0x1a8 ./Dave/Generated/PWM/pwm_conf.o
 .debug_abbrev  0x00001875      0x212 ./Dave/Generated/INTERRUPT/interrupt.o
 .debug_abbrev  0x00001a87       0xd8 ./Dave/Generated/INTERRUPT/interrupt_conf.o
 .debug_abbrev  0x00001b5f      0x196 ./Dave/Generated/GLOBAL_CCU8/global_ccu8.o
 .debug_abbrev  0x00001cf5      0x124 ./Dave/Generated/GLOBAL_CCU8/global_ccu8_conf.o
 .debug_abbrev  0x00001e19      0x196 ./Dave/Generated/GLOBAL_CCU4/global_ccu4.o
 .debug_abbrev  0x00001faf      0x124 ./Dave/Generated/GLOBAL_CCU4/global_ccu4_conf.o
 .debug_abbrev  0x000020d3      0x20d ./Dave/Generated/GLOBAL_ADC/global_adc.o
 .debug_abbrev  0x000022e0      0x1ac ./Dave/Generated/GLOBAL_ADC/global_adc_conf.o
 .debug_abbrev  0x0000248c      0x1b4 ./Dave/Generated/CPU_CTRL_XMC4/cpu_ctrl_xmc4_conf.o
 .debug_abbrev  0x00002640      0x13d ./Dave/Generated/CLOCK_XMC4/clock_xmc4.o
 .debug_abbrev  0x0000277d      0x134 ./Dave/Generated/CLOCK_XMC4/clock_xmc4_conf.o
 .debug_abbrev  0x000028b1      0x294 ./Dave/Generated/ADC_MEASUREMENT/adc_measurement.o
 .debug_abbrev  0x00002b45      0x1a2 ./Dave/Generated/ADC_MEASUREMENT/adc_measurement_conf.o
 .debug_abbrev  0x00002ce7      0x215 ./Dave/Generated/DAVE.o
 .debug_abbrev  0x00002efc       0xe1 ./FOC.o
 .debug_abbrev  0x00002fdd      0x273 ./main.o
 .debug_abbrev  0x00003250      0x176 ./probe_scope.o

.debug_line     0x00000000     0x81ff
 *(.debug_line)
 .debug_line    0x00000000       0x88 ./Startup/startup_XMC4500.o
 .debug_line    0x00000088      0x338 ./Startup/system_XMC4500.o
 .debug_line    0x000003c0      0x253 ./Libraries/XMCLib/src/xmc4_gpio.o
 .debug_line    0x00000613      0xe23 ./Libraries/XMCLib/src/xmc4_scu.o
 .debug_line    0x00001436      0x63a ./Libraries/XMCLib/src/xmc_ccu4.o
 .debug_line    0x00001a70      0x728 ./Libraries/XMCLib/src/xmc_ccu8.o
 .debug_line    0x00002198      0x240 ./Libraries/XMCLib/src/xmc_gpio.o
 .debug_line    0x000023d8      0xb22 ./Libraries/XMCLib/src/xmc_vadc.o
 .debug_line    0x00002efa       0xd0 ./Libraries/Newlib/syscalls.o
 .debug_line    0x00002fca      0xa78 ./Dave/Generated/PWM_SVM/pwm_svm.o
 .debug_line    0x00003a42      0x374 ./Dave/Generated/PWM_SVM/pwm_svm_conf.o
 .debug_line    0x00003db6      0x231 ./Dave/Generated/PWM_SVM/pwm_svm_table.o
 .debug_line    0x00003fe7      0x6e6 ./Dave/Generated/PWM/pwm.o
 .debug_line    0x000046cd      0x368 ./Dave/Generated/PWM/pwm_conf.o
 .debug_line    0x00004a35      0x35f ./Dave/Generated/INTERRUPT/interrupt.o
 .debug_line    0x00004d94      0x23c ./Dave/Generated/INTERRUPT/interrupt_conf.o
 .debug_line    0x00004fd0      0x37c ./Dave/Generated/GLOBAL_CCU8/global_ccu8.o
 .debug_line    0x0000534c      0x2d3 ./Dave/Generated/GLOBAL_CCU8/global_ccu8_conf.o
 .debug_line    0x0000561f      0x37c ./Dave/Generated/GLOBAL_CCU4/global_ccu4.o
 .debug_line    0x0000599b      0x2d3 ./Dave/Generated/GLOBAL_CCU4/global_ccu4_conf.o
 .debug_line    0x00005c6e      0x388 ./Dave/Generated/GLOBAL_ADC/global_adc.o
 .debug_line    0x00005ff6      0x2c2 ./Dave/Generated/GLOBAL_ADC/global_adc_conf.o
 .debug_line    0x000062b8      0x2ad ./Dave/Generated/CPU_CTRL_XMC4/cpu_ctrl_xmc4_conf.o
 .debug_line    0x00006565      0x2fb ./Dave/Generated/CLOCK_XMC4/clock_xmc4.o
 .debug_line    0x00006860      0x2d2 ./Dave/Generated/CLOCK_XMC4/clock_xmc4_conf.o
 .debug_line    0x00006b32      0x54e ./Dave/Generated/ADC_MEASUREMENT/adc_measurement.o
 .debug_line    0x00007080      0x35e ./Dave/Generated/ADC_MEASUREMENT/adc_measurement_conf.o
 .debug_line    0x000073de      0x4d6 ./Dave/Generated/DAVE.o
 .debug_line    0x000078b4      0x103 ./FOC.o
 .debug_line    0x000079b7      0x491 ./main.o
 .debug_line    0x00007e48      0x3b7 ./probe_scope.o

.debug_frame    0x00000000     0x4410
 *(.debug_frame)
 .debug_frame   0x00000000       0xec ./Startup/system_XMC4500.o
 .debug_frame   0x000000ec       0x60 ./Libraries/XMCLib/src/xmc4_gpio.o
 .debug_frame   0x0000014c     0x11c0 ./Libraries/XMCLib/src/xmc4_scu.o
 .debug_frame   0x0000130c      0x560 ./Libraries/XMCLib/src/xmc_ccu4.o
 .debug_frame   0x0000186c      0x718 ./Libraries/XMCLib/src/xmc_ccu8.o
 .debug_frame   0x00001f84       0x60 ./Libraries/XMCLib/src/xmc_gpio.o
 .debug_frame   0x00001fe4      0xbd8 ./Libraries/XMCLib/src/xmc_vadc.o
 .debug_frame   0x00002bbc       0x5c ./Libraries/Newlib/syscalls.o
 .debug_frame   0x00002c18      0x71c ./Dave/Generated/PWM_SVM/pwm_svm.o
 .debug_frame   0x00003334      0x4e8 ./Dave/Generated/PWM/pwm.o
 .debug_frame   0x0000381c      0x124 ./Dave/Generated/INTERRUPT/interrupt.o
 .debug_frame   0x00003940       0x88 ./Dave/Generated/GLOBAL_CCU8/global_ccu8.o
 .debug_frame   0x000039c8       0x88 ./Dave/Generated/GLOBAL_CCU4/global_ccu4.o
 .debug_frame   0x00003a50       0x88 ./Dave/Generated/GLOBAL_ADC/global_adc.o
 .debug_frame   0x00003ad8       0x60 ./Dave/Generated/CPU_CTRL_XMC4/cpu_ctrl_xmc4_conf.o
 .debug_frame   0x00003b38       0xac ./Dave/Generated/CLOCK_XMC4/clock_xmc4.o
 .debug_frame   0x00003be4       0x3c ./Dave/Generated/CLOCK_XMC4/clock_xmc4_conf.o
 .debug_frame   0x00003c20      0x240 ./Dave/Generated/ADC_MEASUREMENT/adc_measurement.o
 .debug_frame   0x00003e60       0x38 ./Dave/Generated/DAVE.o
 .debug_frame   0x00003e98      0x138 ./FOC.o
 .debug_frame   0x00003fd0       0xbc ./main.o
 .debug_frame   0x0000408c      0x144 ./probe_scope.o
 .debug_frame   0x000041d0       0x40 c:/infineon/tools/dave ide/4.5.0.202105191637/eclipse/arm-gcc-49/bin/../lib/gcc/arm-none-eabi/4.9.3/../../../../arm-none-eabi/lib/armv7e-m/softfp\libm.a(lib_a-s_sin.o)
 .debug_frame   0x00004210       0x48 c:/infineon/tools/dave ide/4.5.0.202105191637/eclipse/arm-gcc-49/bin/../lib/gcc/arm-none-eabi/4.9.3/../../../../arm-none-eabi/lib/armv7e-m/softfp\libm.a(lib_a-e_rem_pio2.o)
 .debug_frame   0x00004258       0x4c c:/infineon/tools/dave ide/4.5.0.202105191637/eclipse/arm-gcc-49/bin/../lib/gcc/arm-none-eabi/4.9.3/../../../../arm-none-eabi/lib/armv7e-m/softfp\libm.a(lib_a-k_cos.o)
 .debug_frame   0x000042a4       0x54 c:/infineon/tools/dave ide/4.5.0.202105191637/eclipse/arm-gcc-49/bin/../lib/gcc/arm-none-eabi/4.9.3/../../../../arm-none-eabi/lib/armv7e-m/softfp\libm.a(lib_a-k_rem_pio2.o)
 .debug_frame   0x000042f8       0x48 c:/infineon/tools/dave ide/4.5.0.202105191637/eclipse/arm-gcc-49/bin/../lib/gcc/arm-none-eabi/4.9.3/../../../../arm-none-eabi/lib/armv7e-m/softfp\libm.a(lib_a-k_sin.o)
 .debug_frame   0x00004340       0x20 c:/infineon/tools/dave ide/4.5.0.202105191637/eclipse/arm-gcc-49/bin/../lib/gcc/arm-none-eabi/4.9.3/../../../../arm-none-eabi/lib/armv7e-m/softfp\libm.a(lib_a-s_fabs.o)
 .debug_frame   0x00004360       0x34 c:/infineon/tools/dave ide/4.5.0.202105191637/eclipse/arm-gcc-49/bin/../lib/gcc/arm-none-eabi/4.9.3/../../../../arm-none-eabi/lib/armv7e-m/softfp\libm.a(lib_a-s_floor.o)
 .debug_frame   0x00004394       0x30 c:/infineon/tools/dave ide/4.5.0.202105191637/eclipse/arm-gcc-49/bin/../lib/gcc/arm-none-eabi/4.9.3/../../../../arm-none-eabi/lib/armv7e-m/softfp\libm.a(lib_a-s_scalbn.o)
 .debug_frame   0x000043c4       0x20 c:/infineon/tools/dave ide/4.5.0.202105191637/eclipse/arm-gcc-49/bin/../lib/gcc/arm-none-eabi/4.9.3/../../../../arm-none-eabi/lib/armv7e-m/softfp\libm.a(lib_a-s_copysign.o)
 .debug_frame   0x000043e4       0x2c c:/infineon/tools/dave ide/4.5.0.202105191637/eclipse/arm-gcc-49/bin/../lib/gcc/arm-none-eabi/4.9.3/../../../../arm-none-eabi/lib/armv7e-m/softfp\libg_nano.a(lib_a-init.o)

.debug_str      0x00000000     0xb016
 *(.debug_str)
 .debug_str     0x00000000      0x581 ./Startup/system_XMC4500.o
                                0x601 (size before relaxing)
 .debug_str     0x00000581      0x544 ./Libraries/XMCLib/src/xmc4_gpio.o
                                0x7f6 (size before relaxing)
 .debug_str     0x00000ac5     0x1f7d ./Libraries/XMCLib/src/xmc4_scu.o
                               0x24b8 (size before relaxing)
 .debug_str     0x00002a42     0x14d2 ./Libraries/XMCLib/src/xmc_ccu4.o
                               0x1b8a (size before relaxing)
 .debug_str     0x00003f14     0x19fc ./Libraries/XMCLib/src/xmc_ccu8.o
                               0x22d8 (size before relaxing)
 .debug_str     0x00005910       0xca ./Libraries/XMCLib/src/xmc_gpio.o
                                0x6a4 (size before relaxing)
 .debug_str     0x000059da     0x2079 ./Libraries/XMCLib/src/xmc_vadc.o
                               0x273f (size before relaxing)
 .debug_str     0x00007a53       0x6f ./Libraries/Newlib/syscalls.o
                                0x232 (size before relaxing)
 .debug_str     0x00007ac2      0xdba ./Dave/Generated/PWM_SVM/pwm_svm.o
                               0x2575 (size before relaxing)
 .debug_str     0x0000887c      0x2e4 ./Dave/Generated/PWM_SVM/pwm_svm_conf.o
                               0x1e65 (size before relaxing)
 .debug_str     0x00008b60       0x2a ./Dave/Generated/PWM_SVM/pwm_svm_table.o
                                0x2c8 (size before relaxing)
 .debug_str     0x00008b8a      0x5f5 ./Dave/Generated/PWM/pwm.o
                               0x1464 (size before relaxing)
 .debug_str     0x0000917f      0x2b0 ./Dave/Generated/PWM/pwm_conf.o
                               0x116c (size before relaxing)
 .debug_str     0x0000942f      0x7a3 ./Dave/Generated/INTERRUPT/interrupt.o
                                0xb22 (size before relaxing)
 .debug_str     0x00009bd2       0x39 ./Dave/Generated/INTERRUPT/interrupt_conf.o
                                0x8f0 (size before relaxing)
 .debug_str     0x00009c0b       0xb5 ./Dave/Generated/GLOBAL_CCU8/global_ccu8.o
                                0x609 (size before relaxing)
 .debug_str     0x00009cc0       0x31 ./Dave/Generated/GLOBAL_CCU8/global_ccu8_conf.o
                                0x51d (size before relaxing)
 .debug_str     0x00009cf1       0xb5 ./Dave/Generated/GLOBAL_CCU4/global_ccu4.o
                                0x603 (size before relaxing)
 .debug_str     0x00009da6       0x31 ./Dave/Generated/GLOBAL_CCU4/global_ccu4_conf.o
                                0x517 (size before relaxing)
 .debug_str     0x00009dd7      0x1b2 ./Dave/Generated/GLOBAL_ADC/global_adc.o
                                0xaa5 (size before relaxing)
 .debug_str     0x00009f89      0x21d ./Dave/Generated/GLOBAL_ADC/global_adc_conf.o
                                0xba4 (size before relaxing)
 .debug_str     0x0000a1a6       0x88 ./Dave/Generated/CPU_CTRL_XMC4/cpu_ctrl_xmc4_conf.o
                                0x436 (size before relaxing)
 .debug_str     0x0000a22e       0xf3 ./Dave/Generated/CLOCK_XMC4/clock_xmc4.o
                                0x3e7 (size before relaxing)
 .debug_str     0x0000a321       0x50 ./Dave/Generated/CLOCK_XMC4/clock_xmc4_conf.o
                                0x7c7 (size before relaxing)
 .debug_str     0x0000a371      0x3df ./Dave/Generated/ADC_MEASUREMENT/adc_measurement.o
                               0x18b6 (size before relaxing)
 .debug_str     0x0000a750      0x2b1 ./Dave/Generated/ADC_MEASUREMENT/adc_measurement_conf.o
                               0x180e (size before relaxing)
 .debug_str     0x0000aa01       0x65 ./Dave/Generated/DAVE.o
                               0x31d6 (size before relaxing)
 .debug_str     0x0000aa66       0xdb ./FOC.o
                                0x2d6 (size before relaxing)
 .debug_str     0x0000ab41       0x6d ./main.o
                               0x1be4 (size before relaxing)
 .debug_str     0x0000abae      0x468 ./probe_scope.o
                                0x6a4 (size before relaxing)

.debug_loc      0x00000000     0x8aa4
 *(.debug_loc)
 .debug_loc     0x00000000      0x1a4 ./Startup/system_XMC4500.o
 .debug_loc     0x000001a4       0xb8 ./Libraries/XMCLib/src/xmc4_gpio.o
 .debug_loc     0x0000025c     0x2504 ./Libraries/XMCLib/src/xmc4_scu.o
 .debug_loc     0x00002760      0xbf0 ./Libraries/XMCLib/src/xmc_ccu4.o
 .debug_loc     0x00003350      0xfcc ./Libraries/XMCLib/src/xmc_ccu8.o
 .debug_loc     0x0000431c       0xb8 ./Libraries/XMCLib/src/xmc_gpio.o
 .debug_loc     0x000043d4     0x1a6c ./Libraries/XMCLib/src/xmc_vadc.o
 .debug_loc     0x00005e40       0x94 ./Libraries/Newlib/syscalls.o
 .debug_loc     0x00005ed4      0xf3c ./Dave/Generated/PWM_SVM/pwm_svm.o
 .debug_loc     0x00006e10      0xa4c ./Dave/Generated/PWM/pwm.o
 .debug_loc     0x0000785c      0x254 ./Dave/Generated/INTERRUPT/interrupt.o
 .debug_loc     0x00007ab0      0x108 ./Dave/Generated/GLOBAL_CCU8/global_ccu8.o
 .debug_loc     0x00007bb8      0x108 ./Dave/Generated/GLOBAL_CCU4/global_ccu4.o
 .debug_loc     0x00007cc0      0x108 ./Dave/Generated/GLOBAL_ADC/global_adc.o
 .debug_loc     0x00007dc8       0xac ./Dave/Generated/CPU_CTRL_XMC4/cpu_ctrl_xmc4_conf.o
 .debug_loc     0x00007e74      0x14c ./Dave/Generated/CLOCK_XMC4/clock_xmc4.o
 .debug_loc     0x00007fc0       0x50 ./Dave/Generated/CLOCK_XMC4/clock_xmc4_conf.o
 .debug_loc     0x00008010      0x4c0 ./Dave/Generated/ADC_MEASUREMENT/adc_measurement.o
 .debug_loc     0x000084d0       0x50 ./Dave/Generated/DAVE.o
 .debug_loc     0x00008520      0x1ec ./FOC.o
 .debug_loc     0x0000870c      0x14c ./main.o
 .debug_loc     0x00008858      0x24c ./probe_scope.o

.debug_macinfo
 *(.debug_macinfo)

.debug_ranges   0x00000000      0xdc0
 *(.debug_ranges)
 .debug_ranges  0x00000000       0x38 ./Startup/system_XMC4500.o
 .debug_ranges  0x00000038       0x18 ./Libraries/XMCLib/src/xmc4_gpio.o
 .debug_ranges  0x00000050      0x3b8 ./Libraries/XMCLib/src/xmc4_scu.o
 .debug_ranges  0x00000408      0x118 ./Libraries/XMCLib/src/xmc_ccu4.o
 .debug_ranges  0x00000520      0x170 ./Libraries/XMCLib/src/xmc_ccu8.o
 .debug_ranges  0x00000690       0x18 ./Libraries/XMCLib/src/xmc_gpio.o
 .debug_ranges  0x000006a8      0x268 ./Libraries/XMCLib/src/xmc_vadc.o
 .debug_ranges  0x00000910       0x18 ./Libraries/Newlib/syscalls.o
 .debug_ranges  0x00000928      0x170 ./Dave/Generated/PWM_SVM/pwm_svm.o
 .debug_ranges  0x00000a98      0x100 ./Dave/Generated/PWM/pwm.o
 .debug_ranges  0x00000b98       0x40 ./Dave/Generated/INTERRUPT/interrupt.o
 .debug_ranges  0x00000bd8       0x20 ./Dave/Generated/GLOBAL_CCU8/global_ccu8.o
 .debug_ranges  0x00000bf8       0x20 ./Dave/Generated/GLOBAL_CCU4/global_ccu4.o
 .debug_ranges  0x00000c18       0x20 ./Dave/Generated/GLOBAL_ADC/global_adc.o
 .debug_ranges  0x00000c38       0x18 ./Dave/Generated/CPU_CTRL_XMC4/cpu_ctrl_xmc4_conf.o
 .debug_ranges  0x00000c50       0x28 ./Dave/Generated/CLOCK_XMC4/clock_xmc4.o
 .debug_ranges  0x00000c78       0x10 ./Dave/Generated/CLOCK_XMC4/clock_xmc4_conf.o
 .debug_ranges  0x00000c88       0x78 ./Dave/Generated/ADC_MEASUREMENT/adc_measurement.o
 .debug_ranges  0x00000d00       0x10 ./Dave/Generated/DAVE.o
 .debug_ranges  0x00000d10       0x38 ./FOC.o
 .debug_ranges  0x00000d48       0x28 ./main.o
 .debug_ranges  0x00000d70       0x50 ./probe_scope.o

.debug_weaknames
 *(.debug_weaknames)

.debug_funcnames
 *(.debug_funcnames)

.debug_typenames
 *(.debug_typenames)

.debug_varnames
 *(.debug_varnames)

.build_attributes
                0x00000000      0x935
 *(.ARM.attributes)
 .ARM.attributes
                0x00000000       0x25 ./Startup/startup_XMC4500.o
 .ARM.attributes
                0x00000025       0x37 ./Startup/system_XMC4500.o
 .ARM.attributes
                0x0000005c       0x37 ./Libraries/XMCLib/src/xmc4_gpio.o
 .ARM.attributes
                0x00000093       0x37 ./Libraries/XMCLib/src/xmc4_scu.o
 .ARM.attributes
                0x000000ca       0x37 ./Libraries/XMCLib/src/xmc_ccu4.o
 .ARM.attributes
                0x00000101       0x37 ./Libraries/XMCLib/src/xmc_ccu8.o
 .ARM.attributes
                0x00000138       0x37 ./Libraries/XMCLib/src/xmc_gpio.o
 .ARM.attributes
                0x0000016f       0x37 ./Libraries/XMCLib/src/xmc_vadc.o
 .ARM.attributes
                0x000001a6       0x37 ./Libraries/Newlib/syscalls.o
 .ARM.attributes
                0x000001dd       0x37 ./Dave/Generated/PWM_SVM/pwm_svm.o
 .ARM.attributes
                0x00000214       0x37 ./Dave/Generated/PWM_SVM/pwm_svm_conf.o
 .ARM.attributes
                0x0000024b       0x37 ./Dave/Generated/PWM_SVM/pwm_svm_table.o
 .ARM.attributes
                0x00000282       0x37 ./Dave/Generated/PWM/pwm.o
 .ARM.attributes
                0x000002b9       0x37 ./Dave/Generated/PWM/pwm_conf.o
 .ARM.attributes
                0x000002f0       0x37 ./Dave/Generated/INTERRUPT/interrupt.o
 .ARM.attributes
                0x00000327       0x37 ./Dave/Generated/INTERRUPT/interrupt_conf.o
 .ARM.attributes
                0x0000035e       0x37 ./Dave/Generated/GLOBAL_CCU8/global_ccu8.o
 .ARM.attributes
                0x00000395       0x37 ./Dave/Generated/GLOBAL_CCU8/global_ccu8_conf.o
 .ARM.attributes
                0x000003cc       0x37 ./Dave/Generated/GLOBAL_CCU4/global_ccu4.o
 .ARM.attributes
                0x00000403       0x37 ./Dave/Generated/GLOBAL_CCU4/global_ccu4_conf.o
 .ARM.attributes
                0x0000043a       0x37 ./Dave/Generated/GLOBAL_ADC/global_adc.o
 .ARM.attributes
                0x00000471       0x37 ./Dave/Generated/GLOBAL_ADC/global_adc_conf.o
 .ARM.attributes
                0x000004a8       0x37 ./Dave/Generated/CPU_CTRL_XMC4/cpu_ctrl_xmc4_conf.o
 .ARM.attributes
                0x000004df       0x37 ./Dave/Generated/CLOCK_XMC4/clock_xmc4.o
 .ARM.attributes
                0x00000516       0x37 ./Dave/Generated/CLOCK_XMC4/clock_xmc4_conf.o
 .ARM.attributes
                0x0000054d       0x37 ./Dave/Generated/ADC_MEASUREMENT/adc_measurement.o
 .ARM.attributes
                0x00000584       0x37 ./Dave/Generated/ADC_MEASUREMENT/adc_measurement_conf.o
 .ARM.attributes
                0x000005bb       0x37 ./Dave/Generated/DAVE.o
 .ARM.attributes
                0x000005f2       0x37 ./FOC.o
 .ARM.attributes
                0x00000629       0x37 ./main.o
 .ARM.attributes
                0x00000660       0x37 ./probe_scope.o
 .ARM.attributes
                0x00000697       0x32 c:/infineon/tools/dave ide/4.5.0.202105191637/eclipse/arm-gcc-49/bin/../lib/gcc/arm-none-eabi/4.9.3/../../../../arm-none-eabi/lib/armv7e-m/softfp\libm.a(lib_a-s_sin.o)
 .ARM.attributes
                0x000006c9       0x32 c:/infineon/tools/dave ide/4.5.0.202105191637/eclipse/arm-gcc-49/bin/../lib/gcc/arm-none-eabi/4.9.3/../../../../arm-none-eabi/lib/armv7e-m/softfp\libm.a(lib_a-e_rem_pio2.o)
 .ARM.attributes
                0x000006fb       0x32 c:/infineon/tools/dave ide/4.5.0.202105191637/eclipse/arm-gcc-49/bin/../lib/gcc/arm-none-eabi/4.9.3/../../../../arm-none-eabi/lib/armv7e-m/softfp\libm.a(lib_a-k_cos.o)
 .ARM.attributes
                0x0000072d       0x32 c:/infineon/tools/dave ide/4.5.0.202105191637/eclipse/arm-gcc-49/bin/../lib/gcc/arm-none-eabi/4.9.3/../../../../arm-none-eabi/lib/armv7e-m/softfp\libm.a(lib_a-k_rem_pio2.o)
 .ARM.attributes
                0x0000075f       0x32 c:/infineon/tools/dave ide/4.5.0.202105191637/eclipse/arm-gcc-49/bin/../lib/gcc/arm-none-eabi/4.9.3/../../../../arm-none-eabi/lib/armv7e-m/softfp\libm.a(lib_a-k_sin.o)
 .ARM.attributes
                0x00000791       0x32 c:/infineon/tools/dave ide/4.5.0.202105191637/eclipse/arm-gcc-49/bin/../lib/gcc/arm-none-eabi/4.9.3/../../../../arm-none-eabi/lib/armv7e-m/softfp\libm.a(lib_a-s_fabs.o)
 .ARM.attributes
                0x000007c3       0x32 c:/infineon/tools/dave ide/4.5.0.202105191637/eclipse/arm-gcc-49/bin/../lib/gcc/arm-none-eabi/4.9.3/../../../../arm-none-eabi/lib/armv7e-m/softfp\libm.a(lib_a-s_floor.o)
 .ARM.attributes
                0x000007f5       0x32 c:/infineon/tools/dave ide/4.5.0.202105191637/eclipse/arm-gcc-49/bin/../lib/gcc/arm-none-eabi/4.9.3/../../../../arm-none-eabi/lib/armv7e-m/softfp\libm.a(lib_a-s_scalbn.o)
 .ARM.attributes
                0x00000827       0x32 c:/infineon/tools/dave ide/4.5.0.202105191637/eclipse/arm-gcc-49/bin/../lib/gcc/arm-none-eabi/4.9.3/../../../../arm-none-eabi/lib/armv7e-m/softfp\libm.a(lib_a-s_copysign.o)
 .ARM.attributes
                0x00000859       0x22 c:/infineon/tools/dave ide/4.5.0.202105191637/eclipse/arm-gcc-49/bin/../lib/gcc/arm-none-eabi/4.9.3/armv7e-m/softfp\libgcc.a(_arm_addsubdf3.o)
 .ARM.attributes
                0x0000087b       0x22 c:/infineon/tools/dave ide/4.5.0.202105191637/eclipse/arm-gcc-49/bin/../lib/gcc/arm-none-eabi/4.9.3/armv7e-m/softfp\libgcc.a(_arm_muldivdf3.o)
 .ARM.attributes
                0x0000089d       0x22 c:/infineon/tools/dave ide/4.5.0.202105191637/eclipse/arm-gcc-49/bin/../lib/gcc/arm-none-eabi/4.9.3/armv7e-m/softfp\libgcc.a(_arm_cmpdf2.o)
 .ARM.attributes
                0x000008bf       0x22 c:/infineon/tools/dave ide/4.5.0.202105191637/eclipse/arm-gcc-49/bin/../lib/gcc/arm-none-eabi/4.9.3/armv7e-m/softfp\libgcc.a(_arm_fixdfsi.o)
 .ARM.attributes
                0x000008e1       0x22 c:/infineon/tools/dave ide/4.5.0.202105191637/eclipse/arm-gcc-49/bin/../lib/gcc/arm-none-eabi/4.9.3/armv7e-m/softfp\libgcc.a(_arm_truncdfsf2.o)
 .ARM.attributes
                0x00000903       0x32 c:/infineon/tools/dave ide/4.5.0.202105191637/eclipse/arm-gcc-49/bin/../lib/gcc/arm-none-eabi/4.9.3/../../../../arm-none-eabi/lib/armv7e-m/softfp\libg_nano.a(lib_a-init.o)
OUTPUT(_FullProject.elf elf32-littlearm)
